2026-06-14 21:35:36.089 | INFO     | arrange_library.core.constraints.index_validator_verified:__init__:77 - Index校验器初始化完成（真实数据验证版本）
2026-06-14 21:35:36.114 | INFO     | arrange_library.core.config.scheduling_config:_load_rule_matrix_config:806 - 统一排机规则配置已加载: profiles=55, constraints=2, loading_rules=4, lab_mappings=9
2026-06-14 21:35:36.114 | INFO     | arrange_library.core.config.scheduling_config:_load_mode_1_1_rules:1777 - 1.1模式规则配置加载完成: /data/work/yuyongpeng/liblane_v2_deepseek/paiji_complete2/paiji_complete/arrange_library/config/mode_1_1_rules.json
2026-06-14 21:35:36.203 | INFO     | arrange_library.core.config.scheduling_config:__init__:434 - 排机配置管理器初始化完成
2026-06-14 21:35:36.709 | INFO     | arrange_library.core.constraints.index_validator_verified:__init__:77 - Index校验器初始化完成（真实数据验证版本）
2026-06-14 21:35:36.716 | INFO     | __main__:arrange_library:19017 - ================================================================================
2026-06-14 21:35:36.716 | INFO     | __main__:arrange_library:19018 - arrange_library: 端到端排机流程 - 排机与 Pooling 预测
2026-06-14 21:35:36.716 | INFO     | __main__:arrange_library:19019 - ================================================================================
2026-06-14 21:35:36.716 | INFO     | __main__:arrange_library:19020 - 调用时间: 2026-06-14 21:35:36
2026-06-14 21:35:36.716 | INFO     | __main__:arrange_library:19021 - 随机种子: 42 (固定，确保可复现)
2026-06-14 21:35:36.716 | INFO     | __main__:arrange_library:19022 - 运行模式: arrange
2026-06-14 21:35:36.716 | INFO     | __main__:arrange_library:19028 - 
使用数据文件: arrange_library/61_sta.csv
2026-06-14 21:35:36.823 | INFO     | __main__:load_standardized_csv:18226 - 从标准化CSV文件加载数据: arrange_library/61_sta.csv
2026-06-14 21:35:36.841 | INFO     | __main__:load_standardized_csv:18228 - 读取 1572 行数据
2026-06-14 21:35:37.064 | INFO     | __main__:load_standardized_csv:18323 - 成功创建 1572 个文库对象
2026-06-14 21:35:37.065 | INFO     | __main__:arrange_library:19061 - 成功转换 1572 个测试文库
2026-06-14 21:35:37.068 | INFO     | __main__:arrange_library:19090 - AI可排文库筛选完成: 可排=1572，不可排=0，机型排除=0
2026-06-14 21:35:37.068 | INFO     | __main__:arrange_library:19113 - 
================================================================================
2026-06-14 21:35:37.068 | INFO     | __main__:arrange_library:19114 - 步骤0.9: 提前处理1.1第二轮历史固定组合文库
2026-06-14 21:35:37.068 | INFO     | __main__:arrange_library:19115 - ================================================================================
2026-06-14 21:35:37.071 | INFO     | arrange_library.core.scheduling.mode_1_1_round2:identify_round2_candidates:129 - 1.1第二轮候选识别: 无符合条件的候选文库
2026-06-14 21:35:37.071 | INFO     | __main__:arrange_library:19133 - 1.1第二轮历史Lane前置直出: 无候选文库
2026-06-14 21:35:37.071 | INFO     | __main__:arrange_library:19138 - 
================================================================================
2026-06-14 21:35:37.071 | INFO     | __main__:arrange_library:19139 - 步骤1: 处理包Lane文库（wkbaleno字段有值的文库）
2026-06-14 21:35:37.071 | INFO     | __main__:arrange_library:19140 - ================================================================================
2026-06-14 21:35:37.072 | INFO     | __main__:arrange_library:19158 - 包Lane文库数: 0
2026-06-14 21:35:37.072 | INFO     | __main__:arrange_library:19159 - 普通文库数: 1572
2026-06-14 21:35:37.095 | INFO     | __main__:arrange_library:19220 - 
================================================================================
2026-06-14 21:35:37.095 | INFO     | __main__:arrange_library:19221 - 步骤1.2: 处理10+24 Lane seq文库
2026-06-14 21:35:37.095 | INFO     | __main__:arrange_library:19222 - ================================================================================
2026-06-14 21:35:37.095 | WARNING  | __main__:_build_10_plus_24_lane_seq_lanes:7754 - 10+24 Lane seq剩余2个文库未成Lane
2026-06-14 21:35:37.095 | INFO     | __main__:arrange_library:19232 - 10+24 Lane seq处理完成: 输入文库=2, 生成Lane=0, 未分配=2
2026-06-14 21:35:37.095 | INFO     | arrange_library.core.constraints.index_validator_verified:__init__:77 - Index校验器初始化完成（真实数据验证版本）
2026-06-14 21:35:37.095 | INFO     | arrange_library.core.constraints.lane_validator:__init__:165 - 成Lane校验程序初始化完成 (严格模式: True, 碱基不均衡上限: 35%, 特殊文库关键词: 9个)
2026-06-14 21:35:37.095 | INFO     | __main__:arrange_library:19246 - 
================================================================================
2026-06-14 21:35:37.095 | INFO     | __main__:arrange_library:19247 - 步骤1.3: 1.1前碱基不均衡专Lane预抽取
2026-06-14 21:35:37.095 | INFO     | __main__:arrange_library:19248 - ================================================================================
2026-06-14 21:35:37.097 | INFO     | arrange_library.core.constraints.index_validator_verified:__init__:77 - Index校验器初始化完成（真实数据验证版本）
2026-06-14 21:35:37.098 | INFO     | arrange_library.core.constraints.lane_validator:__init__:165 - 成Lane校验程序初始化完成 (严格模式: True, 碱基不均衡上限: 35%, 特殊文库关键词: 9个)
2026-06-14 21:35:37.099 | WARNING  | arrange_library.core.ai.pooling_coefficient_optimizer:_load_config:40 - Pooling配置表不存在: /data/work/yuyongpeng/liblane_v2_deepseek/data/wktype_pooling_config.xlsx，将使用默认策略
2026-06-14 21:35:37.099 | INFO     | arrange_library.core.ai.pooling_coefficient_optimizer:_load_efficiency_corrections:185 - 产出效率修正表不存在: /data/work/yuyongpeng/liblane_v2_deepseek/data/production_efficiency_correction.csv，跳过后校准
2026-06-14 21:35:37.099 | WARNING  | arrange_library.core.ai.loutput_predictor_wrapper:_load_model:150 - 模型文件不存在: models/loutput_pre_lane_v5/lightgbm_model.pkl
2026-06-14 21:35:37.099 | WARNING  | arrange_library.core.ai.pooling_coefficient_optimizer:__init__:164 - loutput预测器不可用，将使用规则降级策略
2026-06-14 21:35:37.099 | INFO     | arrange_library.core.scheduling.greedy_lane_scheduler:__init__:267 - 逐Lane贪心排机器初始化完成 - 基础容量: 985.0GB, 利用率区间: [100%, 100%], 配置模式: 按机型自动
2026-06-14 21:35:37.099 | INFO     | arrange_library.core.scheduling.greedy_lane_scheduler:__init__:270 - 启用检查: Index=True, 碱基不均衡=True, 规则检查器=False
2026-06-14 21:35:37.100 | INFO     | arrange_library.core.scheduling.greedy_lane_scheduler:_get_dedicated_lane_profile:985 - 专用Lane分组G36剩余合同量10.7G无法满足1.1或3.6T-NEW有效容量下限
2026-06-14 21:35:37.101 | INFO     | arrange_library.core.scheduling.greedy_lane_scheduler:_get_dedicated_lane_profile:985 - 专用Lane分组G26剩余合同量67.3G无法满足1.1或3.6T-NEW有效容量下限
2026-06-14 21:35:37.101 | INFO     | arrange_library.core.scheduling.greedy_lane_scheduler:_get_dedicated_lane_profile:985 - 专用Lane分组G25剩余合同量6.0G无法满足1.1或3.6T-NEW有效容量下限
2026-06-14 21:35:37.102 | INFO     | arrange_library.core.scheduling.greedy_lane_scheduler:_get_dedicated_lane_profile:985 - 专用Lane分组G50剩余合同量10.0G无法满足1.1或3.6T-NEW有效容量下限
2026-06-14 21:35:37.102 | INFO     | arrange_library.core.scheduling.greedy_lane_scheduler:_get_dedicated_lane_profile:985 - 专用Lane分组G33剩余合同量111.0G无法满足1.1或3.6T-NEW有效容量下限
2026-06-14 21:35:37.103 | INFO     | arrange_library.core.scheduling.greedy_lane_scheduler:_get_dedicated_lane_profile:985 - 专用Lane分组G29剩余合同量219.6G无法满足1.1或3.6T-NEW有效容量下限
2026-06-14 21:35:37.103 | INFO     | arrange_library.core.scheduling.greedy_lane_scheduler:_get_dedicated_lane_profile:985 - 专用Lane分组G27剩余合同量729.0G无法满足1.1或3.6T-NEW有效容量下限
2026-06-14 21:35:37.104 | INFO     | arrange_library.core.scheduling.greedy_lane_scheduler:_get_dedicated_lane_profile:985 - 专用Lane分组G39剩余合同量150.0G无法满足1.1或3.6T-NEW有效容量下限
2026-06-14 21:35:37.112 | INFO     | arrange_library.core.constraints.lane_validator:__init__:165 - 成Lane校验程序初始化完成 (严格模式: False, 碱基不均衡上限: 35%, 特殊文库关键词: 9个)
2026-06-14 21:35:37.113 | INFO     | arrange_library.core.scheduling.greedy_lane_scheduler:_build_group:2693 - 专用Lane DL_Nova X-25B_001 形成成功 - 分组=G34, 碱基不均衡=1031.8G, 平衡文库=0.0G, 总量(含平衡)=1031.8G, 模式=3.6T-NEW, 容量规则=tj_1595_special_combo_36t
2026-06-14 21:35:37.113 | INFO     | arrange_library.core.scheduling.greedy_lane_scheduler:_get_dedicated_lane_profile:985 - 专用Lane分组G34剩余合同量800.0G无法满足1.1或3.6T-NEW有效容量下限
2026-06-14 21:35:37.114 | INFO     | arrange_library.core.scheduling.greedy_lane_scheduler:_get_dedicated_lane_profile:985 - 专用Lane分组G7剩余合同量2.4G无法满足1.1或3.6T-NEW有效容量下限
2026-06-14 21:35:37.114 | INFO     | arrange_library.core.scheduling.greedy_lane_scheduler:_get_dedicated_lane_profile:985 - 专用Lane分组G58剩余合同量920.0G无法满足1.1或3.6T-NEW有效容量下限
2026-06-14 21:35:37.115 | INFO     | arrange_library.core.scheduling.greedy_lane_scheduler:_get_dedicated_lane_profile:985 - 专用Lane分组G5剩余合同量400.0G无法满足1.1或3.6T-NEW有效容量下限
2026-06-14 21:35:37.115 | INFO     | arrange_library.core.scheduling.greedy_lane_scheduler:_get_dedicated_lane_profile:985 - 专用Lane分组G35剩余合同量208.0G无法满足1.1或3.6T-NEW有效容量下限
2026-06-14 21:35:37.115 | INFO     | arrange_library.core.scheduling.greedy_lane_scheduler:_get_dedicated_lane_profile:985 - 专用Lane分组G4剩余合同量150.0G无法满足1.1或3.6T-NEW有效容量下限
2026-06-14 21:35:37.116 | INFO     | arrange_library.core.scheduling.greedy_lane_scheduler:_get_dedicated_lane_profile:985 - 专用Lane分组G52剩余合同量10.0G无法满足1.1或3.6T-NEW有效容量下限
2026-06-14 21:35:37.116 | INFO     | arrange_library.core.scheduling.greedy_lane_scheduler:_get_dedicated_lane_profile:985 - 专用Lane分组G16剩余合同量120.0G无法满足1.1或3.6T-NEW有效容量下限
2026-06-14 21:35:37.117 | INFO     | arrange_library.core.scheduling.greedy_lane_scheduler:_get_dedicated_lane_profile:985 - 专用Lane分组G18剩余合同量114.0G无法满足1.1或3.6T-NEW有效容量下限
2026-06-14 21:35:37.117 | INFO     | arrange_library.core.scheduling.greedy_lane_scheduler:_get_dedicated_lane_profile:985 - 专用Lane分组G19剩余合同量1.0G无法满足1.1或3.6T-NEW有效容量下限
2026-06-14 21:35:37.118 | INFO     | __main__:_extract_global_dedicated_imbalance_lanes:1189 - 全局跨机型碱基不均专Lane预抽取: 承载机型=Nova X-25B, 生成Lane=1, 消耗1031.8G, 剩余不均文库=240个/11570.8G
2026-06-14 21:35:37.120 | INFO     | __main__:_extract_global_dedicated_imbalance_lanes:1200 - 全局碱基不均专Lane预抽取完成: 生成Lane=1, 后续普通排机池 1570 -> 1555
2026-06-14 21:35:37.120 | INFO     | __main__:_keep_only_mode_1_1_prebuilt_lanes:2318 - 步骤1.3 单组碱基不均1.1专Lane: 回收1条非1.1预抽取Lane，返还15个文库/1031.8G继续参与1.1 G53/G54/G55
2026-06-14 21:35:37.199 | INFO     | __main__:_consume_g53_g54_imbalance_as_mode_lanes:1581 - 步骤1.3 G53/G54组合碱基不均1.1专Lane候选定向修复成功: group=G54, action=rebuild_for_10bp_ratio, 使用22个/2099.1G
2026-06-14 21:35:37.199 | INFO     | __main__:_consume_g53_g54_imbalance_as_mode_lanes:1640 - 步骤1.3 G53/G54组合碱基不均1.1专Lane成Lane成功: lane=DLG_Nova X-25B_001, group=G54, 候选76个/7040.7G, 使用22个/2099.1G
2026-06-14 21:35:37.260 | INFO     | __main__:_consume_g53_g54_imbalance_as_mode_lanes:1581 - 步骤1.3 G53/G54组合碱基不均1.1专Lane候选定向修复成功: group=G54, action=rebuild_for_10bp_ratio, 使用22个/2059.9G
2026-06-14 21:35:37.261 | INFO     | __main__:_consume_g53_g54_imbalance_as_mode_lanes:1640 - 步骤1.3 G53/G54组合碱基不均1.1专Lane成Lane成功: lane=DLG_Nova X-25B_002, group=G54, 候选54个/4941.7G, 使用22个/2059.9G
2026-06-14 21:35:37.308 | INFO     | __main__:_consume_g53_g54_imbalance_as_mode_lanes:1581 - 步骤1.3 G53/G54组合碱基不均1.1专Lane候选定向修复成功: group=G54, action=rebuild_for_10bp_ratio, 使用24个/2081.8G
2026-06-14 21:35:37.309 | INFO     | __main__:_consume_g53_g54_imbalance_as_mode_lanes:1640 - 步骤1.3 G53/G54组合碱基不均1.1专Lane成Lane成功: lane=DLG_Nova X-25B_003, group=G54, 候选32个/2881.8G, 使用24个/2081.8G
2026-06-14 21:35:37.437 | INFO     | __main__:_consume_g53_g54_imbalance_as_mode_lanes:1628 - 步骤1.3 G53/G54组合碱基不均1.1专Lane未成Lane: group=G54, 候选8个/800.0G, 贪心选择8个/800.0G, 下限1995.0G, top_failures=[('capacity_out_of_rule_range', 95)]
2026-06-14 21:35:37.437 | INFO     | arrange_library.core.constraints.lane_validator:__init__:165 - 成Lane校验程序初始化完成 (严格模式: True, 碱基不均衡上限: 35%, 特殊文库关键词: 9个)
2026-06-14 21:35:44.575 | INFO     | __main__:_materialize_balance_library_for_lane:7412 - Lane G55_TMP 尝试补平衡文库模板: sample_id=phix, test_no=Novaseq X Plus-PE150, index_seq=GGGGGGGGGG;ACCGAGATCT
2026-06-14 21:35:44.936 | INFO     | __main__:_materialize_balance_library_for_lane:7445 - Lane G55_TMP 平衡文库补充成功: sample_id=phix, 数据量=108.940G
2026-06-14 21:35:45.905 | INFO     | __main__:_materialize_balance_library_for_lane:7412 - Lane G55_TMP 尝试补平衡文库模板: sample_id=phix, test_no=Novaseq X Plus-PE150, index_seq=GGGGGGGGGG;ACCGAGATCT
2026-06-14 21:35:46.278 | INFO     | __main__:_materialize_balance_library_for_lane:7445 - Lane G55_TMP 平衡文库补充成功: sample_id=phix, 数据量=107.730G
2026-06-14 21:35:46.465 | INFO     | __main__:_consume_g55_imbalance_as_mode_lanes:15642 - 步骤1.3 G55跨基础组碱基不均1.1专Lane index冲突定向修复成功: 原始49个/2066.4G, 修复后44个/2046.9G
2026-06-14 21:35:46.465 | INFO     | __main__:_consume_g55_imbalance_as_mode_lanes:15748 - 步骤1.3 G55跨基础组碱基不均1.1专Lane成Lane成功: lane=G55_Nova X-25B_001, 基础组=G26,G27,G29,G33,G36,G5,G50,G53,G_UNKNOWN:10X Fixed gemx RNA文库,G_UNKNOWN:外泌体LncRNA文库(S), 使用44个/2046.9G
2026-06-14 21:35:52.162 | INFO     | __main__:_materialize_balance_library_for_lane:7412 - Lane G55_TMP 尝试补平衡文库模板: sample_id=phix, test_no=Novaseq X Plus-PE150, index_seq=GGGGGGGGGG;ACCGAGATCT
2026-06-14 21:35:52.219 | INFO     | __main__:_materialize_balance_library_for_lane:7445 - Lane G55_TMP 平衡文库补充成功: sample_id=phix, 数据量=105.515G
2026-06-14 21:35:52.414 | INFO     | __main__:_materialize_balance_library_for_lane:7412 - Lane G55_TMP 尝试补平衡文库模板: sample_id=phix, test_no=Novaseq X Plus-PE150, index_seq=GGGGGGGGGG;ACCGAGATCT
2026-06-14 21:35:52.469 | INFO     | __main__:_materialize_balance_library_for_lane:7445 - Lane G55_TMP 平衡文库补充成功: sample_id=phix, 数据量=105.515G
2026-06-14 21:35:52.817 | INFO     | __main__:_materialize_balance_library_for_lane:7412 - Lane G55_TMP 尝试补平衡文库模板: sample_id=phix, test_no=Novaseq X Plus-PE150, index_seq=GGGGGGGGGG;ACCGAGATCT
2026-06-14 21:35:52.872 | INFO     | __main__:_materialize_balance_library_for_lane:7445 - Lane G55_TMP 平衡文库补充成功: sample_id=phix, 数据量=104.936G
2026-06-14 21:35:53.177 | INFO     | __main__:_materialize_balance_library_for_lane:7412 - Lane G55_TMP 尝试补平衡文库模板: sample_id=phix, test_no=Novaseq X Plus-PE150, index_seq=GGGGGGGGGG;ACCGAGATCT
2026-06-14 21:35:53.232 | INFO     | __main__:_materialize_balance_library_for_lane:7445 - Lane G55_TMP 平衡文库补充成功: sample_id=phix, 数据量=104.936G
2026-06-14 21:35:53.541 | INFO     | __main__:_materialize_balance_library_for_lane:7412 - Lane G55_TMP 尝试补平衡文库模板: sample_id=phix, test_no=Novaseq X Plus-PE150, index_seq=GGGGGGGGGG;ACCGAGATCT
2026-06-14 21:35:53.595 | INFO     | __main__:_materialize_balance_library_for_lane:7445 - Lane G55_TMP 平衡文库补充成功: sample_id=phix, 数据量=104.936G
2026-06-14 21:35:53.904 | INFO     | __main__:_materialize_balance_library_for_lane:7412 - Lane G55_TMP 尝试补平衡文库模板: sample_id=phix, test_no=Novaseq X Plus-PE150, index_seq=GGGGGGGGGG;ACCGAGATCT
2026-06-14 21:35:53.958 | INFO     | __main__:_materialize_balance_library_for_lane:7445 - Lane G55_TMP 平衡文库补充成功: sample_id=phix, 数据量=104.936G
2026-06-14 21:35:54.265 | INFO     | __main__:_materialize_balance_library_for_lane:7412 - Lane G55_TMP 尝试补平衡文库模板: sample_id=phix, test_no=Novaseq X Plus-PE150, index_seq=GGGGGGGGGG;ACCGAGATCT
2026-06-14 21:35:54.319 | INFO     | __main__:_materialize_balance_library_for_lane:7445 - Lane G55_TMP 平衡文库补充成功: sample_id=phix, 数据量=104.936G
2026-06-14 21:35:54.627 | INFO     | __main__:_materialize_balance_library_for_lane:7412 - Lane G55_TMP 尝试补平衡文库模板: sample_id=phix, test_no=Novaseq X Plus-PE150, index_seq=GGGGGGGGGG;ACCGAGATCT
2026-06-14 21:35:54.683 | INFO     | __main__:_materialize_balance_library_for_lane:7445 - Lane G55_TMP 平衡文库补充成功: sample_id=phix, 数据量=104.936G
2026-06-14 21:35:54.876 | INFO     | __main__:_materialize_balance_library_for_lane:7412 - Lane G55_TMP 尝试补平衡文库模板: sample_id=phix, test_no=Novaseq X Plus-PE150, index_seq=GGGGGGGGGG;ACCGAGATCT
2026-06-14 21:35:54.929 | INFO     | __main__:_materialize_balance_library_for_lane:7445 - Lane G55_TMP 平衡文库补充成功: sample_id=phix, 数据量=104.936G
2026-06-14 21:35:55.120 | INFO     | __main__:_materialize_balance_library_for_lane:7412 - Lane G55_TMP 尝试补平衡文库模板: sample_id=phix, test_no=Novaseq X Plus-PE150, index_seq=GGGGGGGGGG;ACCGAGATCT
2026-06-14 21:35:55.174 | INFO     | __main__:_materialize_balance_library_for_lane:7445 - Lane G55_TMP 平衡文库补充成功: sample_id=phix, 数据量=104.936G
2026-06-14 21:35:55.365 | INFO     | __main__:_materialize_balance_library_for_lane:7412 - Lane G55_TMP 尝试补平衡文库模板: sample_id=phix, test_no=Novaseq X Plus-PE150, index_seq=GGGGGGGGGG;ACCGAGATCT
2026-06-14 21:35:55.418 | INFO     | __main__:_materialize_balance_library_for_lane:7445 - Lane G55_TMP 平衡文库补充成功: sample_id=phix, 数据量=104.936G
2026-06-14 21:35:55.563 | INFO     | __main__:_materialize_balance_library_for_lane:7412 - Lane G55_TMP 尝试补平衡文库模板: sample_id=phix, test_no=Novaseq X Plus-PE150, index_seq=GGGGGGGGGG;ACCGAGATCT
2026-06-14 21:35:55.578 | INFO     | __main__:_materialize_balance_library_for_lane:7445 - Lane G55_TMP 平衡文库补充成功: sample_id=phix, 数据量=104.857G
2026-06-14 21:35:55.911 | INFO     | __main__:_materialize_balance_library_for_lane:7412 - Lane G55_TMP 尝试补平衡文库模板: sample_id=phix, test_no=Novaseq X Plus-PE150, index_seq=GGGGGGGGGG;ACCGAGATCT
2026-06-14 21:35:55.965 | INFO     | __main__:_materialize_balance_library_for_lane:7445 - Lane G55_TMP 平衡文库补充成功: sample_id=phix, 数据量=105.462G
2026-06-14 21:35:56.315 | INFO     | __main__:_materialize_balance_library_for_lane:7412 - Lane G55_TMP 尝试补平衡文库模板: sample_id=phix, test_no=Novaseq X Plus-PE150, index_seq=GGGGGGGGGG;ACCGAGATCT
2026-06-14 21:35:56.370 | INFO     | __main__:_materialize_balance_library_for_lane:7445 - Lane G55_TMP 平衡文库补充成功: sample_id=phix, 数据量=104.936G
2026-06-14 21:35:56.562 | INFO     | __main__:_materialize_balance_library_for_lane:7412 - Lane G55_TMP 尝试补平衡文库模板: sample_id=phix, test_no=Novaseq X Plus-PE150, index_seq=GGGGGGGGGG;ACCGAGATCT
2026-06-14 21:35:56.616 | INFO     | __main__:_materialize_balance_library_for_lane:7445 - Lane G55_TMP 平衡文库补充成功: sample_id=phix, 数据量=104.936G
2026-06-14 21:35:56.807 | INFO     | __main__:_materialize_balance_library_for_lane:7412 - Lane G55_TMP 尝试补平衡文库模板: sample_id=phix, test_no=Novaseq X Plus-PE150, index_seq=GGGGGGGGGG;ACCGAGATCT
2026-06-14 21:35:56.860 | INFO     | __main__:_materialize_balance_library_for_lane:7445 - Lane G55_TMP 平衡文库补充成功: sample_id=phix, 数据量=104.936G
2026-06-14 21:35:57.053 | INFO     | __main__:_materialize_balance_library_for_lane:7412 - Lane G55_TMP 尝试补平衡文库模板: sample_id=phix, test_no=Novaseq X Plus-PE150, index_seq=GGGGGGGGGG;ACCGAGATCT
2026-06-14 21:35:57.106 | INFO     | __main__:_materialize_balance_library_for_lane:7445 - Lane G55_TMP 平衡文库补充成功: sample_id=phix, 数据量=104.936G
2026-06-14 21:35:57.297 | INFO     | __main__:_materialize_balance_library_for_lane:7412 - Lane G55_TMP 尝试补平衡文库模板: sample_id=phix, test_no=Novaseq X Plus-PE150, index_seq=GGGGGGGGGG;ACCGAGATCT
2026-06-14 21:35:57.351 | INFO     | __main__:_materialize_balance_library_for_lane:7445 - Lane G55_TMP 平衡文库补充成功: sample_id=phix, 数据量=104.936G
2026-06-14 21:35:57.543 | INFO     | __main__:_materialize_balance_library_for_lane:7412 - Lane G55_TMP 尝试补平衡文库模板: sample_id=phix, test_no=Novaseq X Plus-PE150, index_seq=GGGGGGGGGG;ACCGAGATCT
2026-06-14 21:35:57.596 | INFO     | __main__:_materialize_balance_library_for_lane:7445 - Lane G55_TMP 平衡文库补充成功: sample_id=phix, 数据量=104.936G
2026-06-14 21:35:57.767 | INFO     | __main__:_materialize_balance_library_for_lane:7412 - Lane G55_TMP 尝试补平衡文库模板: sample_id=phix, test_no=Novaseq X Plus-PE150, index_seq=GGGGGGGGGG;ACCGAGATCT
2026-06-14 21:35:57.821 | INFO     | __main__:_materialize_balance_library_for_lane:7445 - Lane G55_TMP 平衡文库补充成功: sample_id=phix, 数据量=104.936G
2026-06-14 21:35:58.173 | INFO     | __main__:_materialize_balance_library_for_lane:7412 - Lane G55_TMP 尝试补平衡文库模板: sample_id=phix, test_no=Novaseq X Plus-PE150, index_seq=GGGGGGGGGG;ACCGAGATCT
2026-06-14 21:35:58.227 | INFO     | __main__:_materialize_balance_library_for_lane:7445 - Lane G55_TMP 平衡文库补充成功: sample_id=phix, 数据量=104.936G
2026-06-14 21:35:58.579 | INFO     | __main__:_materialize_balance_library_for_lane:7412 - Lane G55_TMP 尝试补平衡文库模板: sample_id=phix, test_no=Novaseq X Plus-PE150, index_seq=GGGGGGGGGG;ACCGAGATCT
2026-06-14 21:35:58.634 | INFO     | __main__:_materialize_balance_library_for_lane:7445 - Lane G55_TMP 平衡文库补充成功: sample_id=phix, 数据量=104.936G
2026-06-14 21:35:58.987 | INFO     | __main__:_materialize_balance_library_for_lane:7412 - Lane G55_TMP 尝试补平衡文库模板: sample_id=phix, test_no=Novaseq X Plus-PE150, index_seq=GGGGGGGGGG;ACCGAGATCT
2026-06-14 21:35:59.043 | INFO     | __main__:_materialize_balance_library_for_lane:7445 - Lane G55_TMP 平衡文库补充成功: sample_id=phix, 数据量=104.936G
2026-06-14 21:35:59.394 | INFO     | __main__:_materialize_balance_library_for_lane:7412 - Lane G55_TMP 尝试补平衡文库模板: sample_id=phix, test_no=Novaseq X Plus-PE150, index_seq=GGGGGGGGGG;ACCGAGATCT
2026-06-14 21:35:59.449 | INFO     | __main__:_materialize_balance_library_for_lane:7445 - Lane G55_TMP 平衡文库补充成功: sample_id=phix, 数据量=104.936G
2026-06-14 21:35:59.770 | INFO     | __main__:_materialize_balance_library_for_lane:7412 - Lane G55_TMP 尝试补平衡文库模板: sample_id=phix, test_no=Novaseq X Plus-PE150, index_seq=GGGGGGGGGG;ACCGAGATCT
2026-06-14 21:35:59.823 | INFO     | __main__:_materialize_balance_library_for_lane:7445 - Lane G55_TMP 平衡文库补充成功: sample_id=phix, 数据量=104.883G
2026-06-14 21:36:00.014 | INFO     | __main__:_materialize_balance_library_for_lane:7412 - Lane G55_TMP 尝试补平衡文库模板: sample_id=phix, test_no=Novaseq X Plus-PE150, index_seq=GGGGGGGGGG;ACCGAGATCT
2026-06-14 21:36:00.067 | INFO     | __main__:_materialize_balance_library_for_lane:7445 - Lane G55_TMP 平衡文库补充成功: sample_id=phix, 数据量=105.462G
2026-06-14 21:36:00.417 | INFO     | __main__:_materialize_balance_library_for_lane:7412 - Lane G55_TMP 尝试补平衡文库模板: sample_id=phix, test_no=Novaseq X Plus-PE150, index_seq=GGGGGGGGGG;ACCGAGATCT
2026-06-14 21:36:00.472 | INFO     | __main__:_materialize_balance_library_for_lane:7445 - Lane G55_TMP 平衡文库补充成功: sample_id=phix, 数据量=104.936G
2026-06-14 21:36:00.822 | INFO     | __main__:_materialize_balance_library_for_lane:7412 - Lane G55_TMP 尝试补平衡文库模板: sample_id=phix, test_no=Novaseq X Plus-PE150, index_seq=GGGGGGGGGG;ACCGAGATCT
2026-06-14 21:36:00.877 | INFO     | __main__:_materialize_balance_library_for_lane:7445 - Lane G55_TMP 平衡文库补充成功: sample_id=phix, 数据量=104.936G
2026-06-14 21:36:01.229 | INFO     | __main__:_materialize_balance_library_for_lane:7412 - Lane G55_TMP 尝试补平衡文库模板: sample_id=phix, test_no=Novaseq X Plus-PE150, index_seq=GGGGGGGGGG;ACCGAGATCT
2026-06-14 21:36:01.284 | INFO     | __main__:_materialize_balance_library_for_lane:7445 - Lane G55_TMP 平衡文库补充成功: sample_id=phix, 数据量=104.936G
2026-06-14 21:36:01.634 | INFO     | __main__:_materialize_balance_library_for_lane:7412 - Lane G55_TMP 尝试补平衡文库模板: sample_id=phix, test_no=Novaseq X Plus-PE150, index_seq=GGGGGGGGGG;ACCGAGATCT
2026-06-14 21:36:01.689 | INFO     | __main__:_materialize_balance_library_for_lane:7445 - Lane G55_TMP 平衡文库补充成功: sample_id=phix, 数据量=104.936G
2026-06-14 21:36:02.042 | INFO     | __main__:_materialize_balance_library_for_lane:7412 - Lane G55_TMP 尝试补平衡文库模板: sample_id=phix, test_no=Novaseq X Plus-PE150, index_seq=GGGGGGGGGG;ACCGAGATCT
2026-06-14 21:36:02.096 | INFO     | __main__:_materialize_balance_library_for_lane:7445 - Lane G55_TMP 平衡文库补充成功: sample_id=phix, 数据量=104.936G
2026-06-14 21:36:02.404 | INFO     | __main__:_materialize_balance_library_for_lane:7412 - Lane G55_TMP 尝试补平衡文库模板: sample_id=phix, test_no=Novaseq X Plus-PE150, index_seq=GGGGGGGGGG;ACCGAGATCT
2026-06-14 21:36:02.458 | INFO     | __main__:_materialize_balance_library_for_lane:7445 - Lane G55_TMP 平衡文库补充成功: sample_id=phix, 数据量=104.936G
2026-06-14 21:36:02.814 | INFO     | __main__:_materialize_balance_library_for_lane:7412 - Lane G55_TMP 尝试补平衡文库模板: sample_id=phix, test_no=Novaseq X Plus-PE150, index_seq=GGGGGGGGGG;ACCGAGATCT
2026-06-14 21:36:02.869 | INFO     | __main__:_materialize_balance_library_for_lane:7445 - Lane G55_TMP 平衡文库补充成功: sample_id=phix, 数据量=104.989G
2026-06-14 21:36:03.183 | INFO     | __main__:_materialize_balance_library_for_lane:7412 - Lane G55_TMP 尝试补平衡文库模板: sample_id=phix, test_no=Novaseq X Plus-PE150, index_seq=GGGGGGGGGG;ACCGAGATCT
2026-06-14 21:36:03.238 | INFO     | __main__:_materialize_balance_library_for_lane:7445 - Lane G55_TMP 平衡文库补充成功: sample_id=phix, 数据量=104.989G
2026-06-14 21:36:03.551 | INFO     | __main__:_materialize_balance_library_for_lane:7412 - Lane G55_TMP 尝试补平衡文库模板: sample_id=phix, test_no=Novaseq X Plus-PE150, index_seq=GGGGGGGGGG;ACCGAGATCT
2026-06-14 21:36:03.607 | INFO     | __main__:_materialize_balance_library_for_lane:7445 - Lane G55_TMP 平衡文库补充成功: sample_id=phix, 数据量=104.989G
2026-06-14 21:36:03.919 | INFO     | __main__:_materialize_balance_library_for_lane:7412 - Lane G55_TMP 尝试补平衡文库模板: sample_id=phix, test_no=Novaseq X Plus-PE150, index_seq=GGGGGGGGGG;ACCGAGATCT
2026-06-14 21:36:03.975 | INFO     | __main__:_materialize_balance_library_for_lane:7445 - Lane G55_TMP 平衡文库补充成功: sample_id=phix, 数据量=104.989G
2026-06-14 21:36:04.287 | INFO     | __main__:_materialize_balance_library_for_lane:7412 - Lane G55_TMP 尝试补平衡文库模板: sample_id=phix, test_no=Novaseq X Plus-PE150, index_seq=GGGGGGGGGG;ACCGAGATCT
2026-06-14 21:36:04.342 | INFO     | __main__:_materialize_balance_library_for_lane:7445 - Lane G55_TMP 平衡文库补充成功: sample_id=phix, 数据量=104.989G
2026-06-14 21:36:04.656 | INFO     | __main__:_materialize_balance_library_for_lane:7412 - Lane G55_TMP 尝试补平衡文库模板: sample_id=phix, test_no=Novaseq X Plus-PE150, index_seq=GGGGGGGGGG;ACCGAGATCT
2026-06-14 21:36:04.712 | INFO     | __main__:_materialize_balance_library_for_lane:7445 - Lane G55_TMP 平衡文库补充成功: sample_id=phix, 数据量=104.989G
2026-06-14 21:36:05.063 | INFO     | __main__:_materialize_balance_library_for_lane:7412 - Lane G55_TMP 尝试补平衡文库模板: sample_id=phix, test_no=Novaseq X Plus-PE150, index_seq=GGGGGGGGGG;ACCGAGATCT
2026-06-14 21:36:05.117 | INFO     | __main__:_materialize_balance_library_for_lane:7445 - Lane G55_TMP 平衡文库补充成功: sample_id=phix, 数据量=105.462G
2026-06-14 21:36:05.472 | INFO     | __main__:_materialize_balance_library_for_lane:7412 - Lane G55_TMP 尝试补平衡文库模板: sample_id=phix, test_no=Novaseq X Plus-PE150, index_seq=GGGGGGGGGG;ACCGAGATCT
2026-06-14 21:36:05.526 | INFO     | __main__:_materialize_balance_library_for_lane:7445 - Lane G55_TMP 平衡文库补充成功: sample_id=phix, 数据量=105.462G
2026-06-14 21:36:05.875 | INFO     | __main__:_materialize_balance_library_for_lane:7412 - Lane G55_TMP 尝试补平衡文库模板: sample_id=phix, test_no=Novaseq X Plus-PE150, index_seq=GGGGGGGGGG;ACCGAGATCT
2026-06-14 21:36:05.930 | INFO     | __main__:_materialize_balance_library_for_lane:7445 - Lane G55_TMP 平衡文库补充成功: sample_id=phix, 数据量=105.462G
2026-06-14 21:36:06.278 | INFO     | __main__:_materialize_balance_library_for_lane:7412 - Lane G55_TMP 尝试补平衡文库模板: sample_id=phix, test_no=Novaseq X Plus-PE150, index_seq=GGGGGGGGGG;ACCGAGATCT
2026-06-14 21:36:06.333 | INFO     | __main__:_materialize_balance_library_for_lane:7445 - Lane G55_TMP 平衡文库补充成功: sample_id=phix, 数据量=105.462G
2026-06-14 21:36:06.684 | INFO     | __main__:_materialize_balance_library_for_lane:7412 - Lane G55_TMP 尝试补平衡文库模板: sample_id=phix, test_no=Novaseq X Plus-PE150, index_seq=GGGGGGGGGG;ACCGAGATCT
2026-06-14 21:36:06.739 | INFO     | __main__:_materialize_balance_library_for_lane:7445 - Lane G55_TMP 平衡文库补充成功: sample_id=phix, 数据量=105.462G
2026-06-14 21:36:07.045 | INFO     | __main__:_materialize_balance_library_for_lane:7412 - Lane G55_TMP 尝试补平衡文库模板: sample_id=phix, test_no=Novaseq X Plus-PE150, index_seq=GGGGGGGGGG;ACCGAGATCT
2026-06-14 21:36:07.101 | INFO     | __main__:_materialize_balance_library_for_lane:7445 - Lane G55_TMP 平衡文库补充成功: sample_id=phix, 数据量=105.462G
2026-06-14 21:36:07.293 | INFO     | __main__:_materialize_balance_library_for_lane:7412 - Lane G55_TMP 尝试补平衡文库模板: sample_id=phix, test_no=Novaseq X Plus-PE150, index_seq=GGGGGGGGGG;ACCGAGATCT
2026-06-14 21:36:07.346 | INFO     | __main__:_materialize_balance_library_for_lane:7445 - Lane G55_TMP 平衡文库补充成功: sample_id=phix, 数据量=104.936G
2026-06-14 21:36:07.537 | INFO     | __main__:_materialize_balance_library_for_lane:7412 - Lane G55_TMP 尝试补平衡文库模板: sample_id=phix, test_no=Novaseq X Plus-PE150, index_seq=GGGGGGGGGG;ACCGAGATCT
2026-06-14 21:36:07.591 | INFO     | __main__:_materialize_balance_library_for_lane:7445 - Lane G55_TMP 平衡文库补充成功: sample_id=phix, 数据量=104.936G
2026-06-14 21:36:07.781 | INFO     | __main__:_materialize_balance_library_for_lane:7412 - Lane G55_TMP 尝试补平衡文库模板: sample_id=phix, test_no=Novaseq X Plus-PE150, index_seq=GGGGGGGGGG;ACCGAGATCT
2026-06-14 21:36:07.834 | INFO     | __main__:_materialize_balance_library_for_lane:7445 - Lane G55_TMP 平衡文库补充成功: sample_id=phix, 数据量=104.936G
2026-06-14 21:36:08.024 | INFO     | __main__:_materialize_balance_library_for_lane:7412 - Lane G55_TMP 尝试补平衡文库模板: sample_id=phix, test_no=Novaseq X Plus-PE150, index_seq=GGGGGGGGGG;ACCGAGATCT
2026-06-14 21:36:08.078 | INFO     | __main__:_materialize_balance_library_for_lane:7445 - Lane G55_TMP 平衡文库补充成功: sample_id=phix, 数据量=104.936G
2026-06-14 21:36:13.146 | INFO     | __main__:_materialize_balance_library_for_lane:7412 - Lane G55_TMP 尝试补平衡文库模板: sample_id=phix, test_no=Novaseq X Plus-PE150, index_seq=GGGGGGGGGG;ACCGAGATCT
2026-06-14 21:36:13.148 | INFO     | __main__:_materialize_balance_library_for_lane:7445 - Lane G55_TMP 平衡文库补充成功: sample_id=phix, 数据量=109.474G
2026-06-14 21:36:13.149 | INFO     | __main__:_consume_g55_imbalance_as_mode_lanes:15748 - 步骤1.3 G55跨基础组碱基不均1.1专Lane成Lane成功: lane=G55_Nova X-25B_002, 基础组=G53,G58,G_UNKNOWN:10X Fixed gemx RNA文库, 使用16个/2080.0G
2026-06-14 21:36:23.140 | WARNING  | __main__:<module>:20370 - 用户中断
	Command being timed: "python arrange_library/arrange_library_model6.py --mode arrange --data-file arrange_library/61_sta.csv --output-file 61_sta_arrange_model6_g55_1_1_relaxed_verify2.csv"
	User time (seconds): 60.64
	System time (seconds): 0.17
	Percent of CPU this job got: 127%
	Elapsed (wall clock) time (h:mm:ss or m:ss): 0:47.73
	Average shared text size (kbytes): 0
	Average unshared data size (kbytes): 0
	Average stack size (kbytes): 0
	Average total size (kbytes): 0
	Maximum resident set size (kbytes): 227604
	Average resident set size (kbytes): 0
	Major (requiring I/O) page faults: 0
	Minor (reclaiming a frame) page faults: 93175
	Voluntary context switches: 142
	Involuntary context switches: 499
	Swaps: 0
	File system inputs: 0
	File system outputs: 144
	Socket messages sent: 0
	Socket messages received: 0
	Signals delivered: 0
	Page size (bytes): 4096
	Exit status: 0
