2026-06-14 21:31:38.630 | INFO     | arrange_library.core.constraints.index_validator_verified:__init__:77 - Index校验器初始化完成（真实数据验证版本）
2026-06-14 21:31:38.655 | INFO     | arrange_library.core.config.scheduling_config:_load_rule_matrix_config:806 - 统一排机规则配置已加载: profiles=55, constraints=2, loading_rules=4, lab_mappings=9
2026-06-14 21:31:38.655 | INFO     | arrange_library.core.config.scheduling_config:_load_mode_1_1_rules:1777 - 1.1模式规则配置加载完成: /data/work/yuyongpeng/liblane_v2_deepseek/paiji_complete2/paiji_complete/arrange_library/config/mode_1_1_rules.json
2026-06-14 21:31:38.740 | INFO     | arrange_library.core.config.scheduling_config:__init__:434 - 排机配置管理器初始化完成
2026-06-14 21:31:39.221 | INFO     | arrange_library.core.constraints.index_validator_verified:__init__:77 - Index校验器初始化完成（真实数据验证版本）
2026-06-14 21:31:39.228 | INFO     | __main__:arrange_library:18882 - ================================================================================
2026-06-14 21:31:39.228 | INFO     | __main__:arrange_library:18883 - arrange_library: 端到端排机流程 - 排机与 Pooling 预测
2026-06-14 21:31:39.228 | INFO     | __main__:arrange_library:18884 - ================================================================================
2026-06-14 21:31:39.228 | INFO     | __main__:arrange_library:18885 - 调用时间: 2026-06-14 21:31:39
2026-06-14 21:31:39.228 | INFO     | __main__:arrange_library:18886 - 随机种子: 42 (固定，确保可复现)
2026-06-14 21:31:39.228 | INFO     | __main__:arrange_library:18887 - 运行模式: arrange
2026-06-14 21:31:39.228 | INFO     | __main__:arrange_library:18893 - 
使用数据文件: arrange_library/61_sta.csv
2026-06-14 21:31:39.334 | INFO     | __main__:load_standardized_csv:18091 - 从标准化CSV文件加载数据: arrange_library/61_sta.csv
2026-06-14 21:31:39.349 | INFO     | __main__:load_standardized_csv:18093 - 读取 1572 行数据
2026-06-14 21:31:39.572 | INFO     | __main__:load_standardized_csv:18188 - 成功创建 1572 个文库对象
2026-06-14 21:31:39.573 | INFO     | __main__:arrange_library:18926 - 成功转换 1572 个测试文库
2026-06-14 21:31:39.576 | INFO     | __main__:arrange_library:18955 - AI可排文库筛选完成: 可排=1572，不可排=0，机型排除=0
2026-06-14 21:31:39.576 | INFO     | __main__:arrange_library:18978 - 
================================================================================
2026-06-14 21:31:39.576 | INFO     | __main__:arrange_library:18979 - 步骤0.9: 提前处理1.1第二轮历史固定组合文库
2026-06-14 21:31:39.576 | INFO     | __main__:arrange_library:18980 - ================================================================================
2026-06-14 21:31:39.578 | INFO     | arrange_library.core.scheduling.mode_1_1_round2:identify_round2_candidates:129 - 1.1第二轮候选识别: 无符合条件的候选文库
2026-06-14 21:31:39.578 | INFO     | __main__:arrange_library:18998 - 1.1第二轮历史Lane前置直出: 无候选文库
2026-06-14 21:31:39.578 | INFO     | __main__:arrange_library:19003 - 
================================================================================
2026-06-14 21:31:39.578 | INFO     | __main__:arrange_library:19004 - 步骤1: 处理包Lane文库（wkbaleno字段有值的文库）
2026-06-14 21:31:39.578 | INFO     | __main__:arrange_library:19005 - ================================================================================
2026-06-14 21:31:39.579 | INFO     | __main__:arrange_library:19023 - 包Lane文库数: 0
2026-06-14 21:31:39.579 | INFO     | __main__:arrange_library:19024 - 普通文库数: 1572
2026-06-14 21:31:39.600 | INFO     | __main__:arrange_library:19085 - 
================================================================================
2026-06-14 21:31:39.600 | INFO     | __main__:arrange_library:19086 - 步骤1.2: 处理10+24 Lane seq文库
2026-06-14 21:31:39.600 | INFO     | __main__:arrange_library:19087 - ================================================================================
2026-06-14 21:31:39.601 | WARNING  | __main__:_build_10_plus_24_lane_seq_lanes:7619 - 10+24 Lane seq剩余2个文库未成Lane
2026-06-14 21:31:39.601 | INFO     | __main__:arrange_library:19097 - 10+24 Lane seq处理完成: 输入文库=2, 生成Lane=0, 未分配=2
2026-06-14 21:31:39.601 | INFO     | arrange_library.core.constraints.index_validator_verified:__init__:77 - Index校验器初始化完成（真实数据验证版本）
2026-06-14 21:31:39.601 | INFO     | arrange_library.core.constraints.lane_validator:__init__:165 - 成Lane校验程序初始化完成 (严格模式: True, 碱基不均衡上限: 35%, 特殊文库关键词: 9个)
2026-06-14 21:31:39.601 | INFO     | __main__:arrange_library:19111 - 
================================================================================
2026-06-14 21:31:39.601 | INFO     | __main__:arrange_library:19112 - 步骤1.3: 1.1前碱基不均衡专Lane预抽取
2026-06-14 21:31:39.601 | INFO     | __main__:arrange_library:19113 - ================================================================================
2026-06-14 21:31:39.603 | INFO     | arrange_library.core.constraints.index_validator_verified:__init__:77 - Index校验器初始化完成（真实数据验证版本）
2026-06-14 21:31:39.603 | INFO     | arrange_library.core.constraints.lane_validator:__init__:165 - 成Lane校验程序初始化完成 (严格模式: True, 碱基不均衡上限: 35%, 特殊文库关键词: 9个)
2026-06-14 21:31:39.604 | WARNING  | arrange_library.core.ai.pooling_coefficient_optimizer:_load_config:40 - Pooling配置表不存在: /data/work/yuyongpeng/liblane_v2_deepseek/data/wktype_pooling_config.xlsx，将使用默认策略
2026-06-14 21:31:39.604 | INFO     | arrange_library.core.ai.pooling_coefficient_optimizer:_load_efficiency_corrections:185 - 产出效率修正表不存在: /data/work/yuyongpeng/liblane_v2_deepseek/data/production_efficiency_correction.csv，跳过后校准
2026-06-14 21:31:39.605 | WARNING  | arrange_library.core.ai.loutput_predictor_wrapper:_load_model:150 - 模型文件不存在: models/loutput_pre_lane_v5/lightgbm_model.pkl
2026-06-14 21:31:39.605 | WARNING  | arrange_library.core.ai.pooling_coefficient_optimizer:__init__:164 - loutput预测器不可用，将使用规则降级策略
2026-06-14 21:31:39.605 | INFO     | arrange_library.core.scheduling.greedy_lane_scheduler:__init__:267 - 逐Lane贪心排机器初始化完成 - 基础容量: 985.0GB, 利用率区间: [100%, 100%], 配置模式: 按机型自动
2026-06-14 21:31:39.605 | INFO     | arrange_library.core.scheduling.greedy_lane_scheduler:__init__:270 - 启用检查: Index=True, 碱基不均衡=True, 规则检查器=False
2026-06-14 21:31:39.606 | INFO     | arrange_library.core.scheduling.greedy_lane_scheduler:_get_dedicated_lane_profile:985 - 专用Lane分组G36剩余合同量10.7G无法满足1.1或3.6T-NEW有效容量下限
2026-06-14 21:31:39.606 | INFO     | arrange_library.core.scheduling.greedy_lane_scheduler:_get_dedicated_lane_profile:985 - 专用Lane分组G26剩余合同量67.3G无法满足1.1或3.6T-NEW有效容量下限
2026-06-14 21:31:39.607 | INFO     | arrange_library.core.scheduling.greedy_lane_scheduler:_get_dedicated_lane_profile:985 - 专用Lane分组G25剩余合同量6.0G无法满足1.1或3.6T-NEW有效容量下限
2026-06-14 21:31:39.607 | INFO     | arrange_library.core.scheduling.greedy_lane_scheduler:_get_dedicated_lane_profile:985 - 专用Lane分组G50剩余合同量10.0G无法满足1.1或3.6T-NEW有效容量下限
2026-06-14 21:31:39.608 | INFO     | arrange_library.core.scheduling.greedy_lane_scheduler:_get_dedicated_lane_profile:985 - 专用Lane分组G33剩余合同量111.0G无法满足1.1或3.6T-NEW有效容量下限
2026-06-14 21:31:39.608 | INFO     | arrange_library.core.scheduling.greedy_lane_scheduler:_get_dedicated_lane_profile:985 - 专用Lane分组G29剩余合同量219.6G无法满足1.1或3.6T-NEW有效容量下限
2026-06-14 21:31:39.609 | INFO     | arrange_library.core.scheduling.greedy_lane_scheduler:_get_dedicated_lane_profile:985 - 专用Lane分组G27剩余合同量729.0G无法满足1.1或3.6T-NEW有效容量下限
2026-06-14 21:31:39.609 | INFO     | arrange_library.core.scheduling.greedy_lane_scheduler:_get_dedicated_lane_profile:985 - 专用Lane分组G39剩余合同量150.0G无法满足1.1或3.6T-NEW有效容量下限
2026-06-14 21:31:39.617 | INFO     | arrange_library.core.constraints.lane_validator:__init__:165 - 成Lane校验程序初始化完成 (严格模式: False, 碱基不均衡上限: 35%, 特殊文库关键词: 9个)
2026-06-14 21:31:39.618 | INFO     | arrange_library.core.scheduling.greedy_lane_scheduler:_build_group:2693 - 专用Lane DL_Nova X-25B_001 形成成功 - 分组=G34, 碱基不均衡=1031.8G, 平衡文库=0.0G, 总量(含平衡)=1031.8G, 模式=3.6T-NEW, 容量规则=tj_1595_special_combo_36t
2026-06-14 21:31:39.618 | INFO     | arrange_library.core.scheduling.greedy_lane_scheduler:_get_dedicated_lane_profile:985 - 专用Lane分组G34剩余合同量800.0G无法满足1.1或3.6T-NEW有效容量下限
2026-06-14 21:31:39.619 | INFO     | arrange_library.core.scheduling.greedy_lane_scheduler:_get_dedicated_lane_profile:985 - 专用Lane分组G7剩余合同量2.4G无法满足1.1或3.6T-NEW有效容量下限
2026-06-14 21:31:39.619 | INFO     | arrange_library.core.scheduling.greedy_lane_scheduler:_get_dedicated_lane_profile:985 - 专用Lane分组G58剩余合同量920.0G无法满足1.1或3.6T-NEW有效容量下限
2026-06-14 21:31:39.620 | INFO     | arrange_library.core.scheduling.greedy_lane_scheduler:_get_dedicated_lane_profile:985 - 专用Lane分组G5剩余合同量400.0G无法满足1.1或3.6T-NEW有效容量下限
2026-06-14 21:31:39.620 | INFO     | arrange_library.core.scheduling.greedy_lane_scheduler:_get_dedicated_lane_profile:985 - 专用Lane分组G35剩余合同量208.0G无法满足1.1或3.6T-NEW有效容量下限
2026-06-14 21:31:39.620 | INFO     | arrange_library.core.scheduling.greedy_lane_scheduler:_get_dedicated_lane_profile:985 - 专用Lane分组G4剩余合同量150.0G无法满足1.1或3.6T-NEW有效容量下限
2026-06-14 21:31:39.621 | INFO     | arrange_library.core.scheduling.greedy_lane_scheduler:_get_dedicated_lane_profile:985 - 专用Lane分组G52剩余合同量10.0G无法满足1.1或3.6T-NEW有效容量下限
2026-06-14 21:31:39.621 | INFO     | arrange_library.core.scheduling.greedy_lane_scheduler:_get_dedicated_lane_profile:985 - 专用Lane分组G16剩余合同量120.0G无法满足1.1或3.6T-NEW有效容量下限
2026-06-14 21:31:39.622 | INFO     | arrange_library.core.scheduling.greedy_lane_scheduler:_get_dedicated_lane_profile:985 - 专用Lane分组G18剩余合同量114.0G无法满足1.1或3.6T-NEW有效容量下限
2026-06-14 21:31:39.622 | INFO     | arrange_library.core.scheduling.greedy_lane_scheduler:_get_dedicated_lane_profile:985 - 专用Lane分组G19剩余合同量1.0G无法满足1.1或3.6T-NEW有效容量下限
2026-06-14 21:31:39.623 | INFO     | __main__:_extract_global_dedicated_imbalance_lanes:1189 - 全局跨机型碱基不均专Lane预抽取: 承载机型=Nova X-25B, 生成Lane=1, 消耗1031.8G, 剩余不均文库=240个/11570.8G
2026-06-14 21:31:39.625 | INFO     | __main__:_extract_global_dedicated_imbalance_lanes:1200 - 全局碱基不均专Lane预抽取完成: 生成Lane=1, 后续普通排机池 1570 -> 1555
2026-06-14 21:31:39.625 | INFO     | __main__:_keep_only_mode_1_1_prebuilt_lanes:2183 - 步骤1.3 单组碱基不均1.1专Lane: 回收1条非1.1预抽取Lane，返还15个文库/1031.8G继续参与1.1 G53/G54/G55
2026-06-14 21:31:39.697 | INFO     | __main__:_consume_g53_g54_imbalance_as_mode_lanes:1493 - 步骤1.3 G53/G54组合碱基不均1.1专Lane未成Lane: group=G54, 候选76个/7040.7G, 贪心选择27个/2099.1G, 下限1995.0G, top_failures=[('capacity_out_of_rule_range', 1), ('validation_failed:ValidationRuleType.INDEX_10BP_RATIO:10bp Index占比33.3%低于40%要求', 1)]
2026-06-14 21:31:41.709 | INFO     | __main__:_materialize_balance_library_for_lane:7277 - Lane G55_TMP 尝试补平衡文库模板: sample_id=phix, test_no=Novaseq X Plus-PE150, index_seq=GGGGGGGGGG;ACCGAGATCT
2026-06-14 21:31:42.081 | INFO     | __main__:_materialize_balance_library_for_lane:7310 - Lane G55_TMP 平衡文库补充成功: sample_id=phix, 数据量=109.161G
2026-06-14 21:31:42.651 | INFO     | __main__:_materialize_balance_library_for_lane:7277 - Lane G55_TMP 尝试补平衡文库模板: sample_id=phix, test_no=Novaseq X Plus-PE150, index_seq=GGGGGGGGGG;ACCGAGATCT
2026-06-14 21:31:43.023 | INFO     | __main__:_materialize_balance_library_for_lane:7310 - Lane G55_TMP 平衡文库补充成功: sample_id=phix, 数据量=109.161G
2026-06-14 21:31:43.484 | INFO     | __main__:_materialize_balance_library_for_lane:7277 - Lane G55_TMP 尝试补平衡文库模板: sample_id=phix, test_no=Novaseq X Plus-PE150, index_seq=GGGGGGGGGG;ACCGAGATCT
2026-06-14 21:31:43.724 | INFO     | __main__:_materialize_balance_library_for_lane:7310 - Lane G55_TMP 平衡文库补充成功: sample_id=phix, 数据量=109.161G
2026-06-14 21:31:44.251 | INFO     | __main__:_materialize_balance_library_for_lane:7277 - Lane G55_TMP 尝试补平衡文库模板: sample_id=phix, test_no=Novaseq X Plus-PE150, index_seq=GGGGGGGGGG;ACCGAGATCT
2026-06-14 21:31:44.673 | INFO     | __main__:_materialize_balance_library_for_lane:7310 - Lane G55_TMP 平衡文库补充成功: sample_id=phix, 数据量=109.204G
2026-06-14 21:31:45.246 | INFO     | __main__:_materialize_balance_library_for_lane:7277 - Lane G55_TMP 尝试补平衡文库模板: sample_id=phix, test_no=Novaseq X Plus-PE150, index_seq=GGGGGGGGGG;ACCGAGATCT
2026-06-14 21:31:45.619 | INFO     | __main__:_materialize_balance_library_for_lane:7310 - Lane G55_TMP 平衡文库补充成功: sample_id=phix, 数据量=109.161G
2026-06-14 21:31:46.169 | INFO     | __main__:_materialize_balance_library_for_lane:7277 - Lane G55_TMP 尝试补平衡文库模板: sample_id=phix, test_no=Novaseq X Plus-PE150, index_seq=GGGGGGGGGG;ACCGAGATCT
2026-06-14 21:31:46.539 | INFO     | __main__:_materialize_balance_library_for_lane:7310 - Lane G55_TMP 平衡文库补充成功: sample_id=phix, 数据量=109.161G
2026-06-14 21:31:47.085 | INFO     | __main__:_materialize_balance_library_for_lane:7277 - Lane G55_TMP 尝试补平衡文库模板: sample_id=phix, test_no=Novaseq X Plus-PE150, index_seq=GGGGGGGGGG;ACCGAGATCT
2026-06-14 21:31:47.460 | INFO     | __main__:_materialize_balance_library_for_lane:7310 - Lane G55_TMP 平衡文库补充成功: sample_id=phix, 数据量=109.161G
2026-06-14 21:31:48.012 | INFO     | __main__:_materialize_balance_library_for_lane:7277 - Lane G55_TMP 尝试补平衡文库模板: sample_id=phix, test_no=Novaseq X Plus-PE150, index_seq=GGGGGGGGGG;ACCGAGATCT
2026-06-14 21:31:48.384 | INFO     | __main__:_materialize_balance_library_for_lane:7310 - Lane G55_TMP 平衡文库补充成功: sample_id=phix, 数据量=109.161G
2026-06-14 21:31:48.930 | INFO     | __main__:_materialize_balance_library_for_lane:7277 - Lane G55_TMP 尝试补平衡文库模板: sample_id=phix, test_no=Novaseq X Plus-PE150, index_seq=GGGGGGGGGG;ACCGAGATCT
2026-06-14 21:31:49.304 | INFO     | __main__:_materialize_balance_library_for_lane:7310 - Lane G55_TMP 平衡文库补充成功: sample_id=phix, 数据量=109.161G
2026-06-14 21:31:49.858 | INFO     | __main__:_materialize_balance_library_for_lane:7277 - Lane G55_TMP 尝试补平衡文库模板: sample_id=phix, test_no=Novaseq X Plus-PE150, index_seq=GGGGGGGGGG;ACCGAGATCT
2026-06-14 21:31:50.228 | INFO     | __main__:_materialize_balance_library_for_lane:7310 - Lane G55_TMP 平衡文库补充成功: sample_id=phix, 数据量=109.161G
2026-06-14 21:31:50.773 | INFO     | __main__:_materialize_balance_library_for_lane:7277 - Lane G55_TMP 尝试补平衡文库模板: sample_id=phix, test_no=Novaseq X Plus-PE150, index_seq=GGGGGGGGGG;ACCGAGATCT
2026-06-14 21:31:51.145 | INFO     | __main__:_materialize_balance_library_for_lane:7310 - Lane G55_TMP 平衡文库补充成功: sample_id=phix, 数据量=109.161G
2026-06-14 21:31:51.694 | INFO     | __main__:_materialize_balance_library_for_lane:7277 - Lane G55_TMP 尝试补平衡文库模板: sample_id=phix, test_no=Novaseq X Plus-PE150, index_seq=GGGGGGGGGG;ACCGAGATCT
2026-06-14 21:31:52.064 | INFO     | __main__:_materialize_balance_library_for_lane:7310 - Lane G55_TMP 平衡文库补充成功: sample_id=phix, 数据量=109.161G
2026-06-14 21:31:52.613 | INFO     | __main__:_materialize_balance_library_for_lane:7277 - Lane G55_TMP 尝试补平衡文库模板: sample_id=phix, test_no=Novaseq X Plus-PE150, index_seq=GGGGGGGGGG;ACCGAGATCT
2026-06-14 21:31:52.985 | INFO     | __main__:_materialize_balance_library_for_lane:7310 - Lane G55_TMP 平衡文库补充成功: sample_id=phix, 数据量=109.161G
2026-06-14 21:31:53.535 | INFO     | __main__:_materialize_balance_library_for_lane:7277 - Lane G55_TMP 尝试补平衡文库模板: sample_id=phix, test_no=Novaseq X Plus-PE150, index_seq=GGGGGGGGGG;ACCGAGATCT
2026-06-14 21:31:53.906 | INFO     | __main__:_materialize_balance_library_for_lane:7310 - Lane G55_TMP 平衡文库补充成功: sample_id=phix, 数据量=109.161G
2026-06-14 21:31:54.452 | INFO     | __main__:_materialize_balance_library_for_lane:7277 - Lane G55_TMP 尝试补平衡文库模板: sample_id=phix, test_no=Novaseq X Plus-PE150, index_seq=GGGGGGGGGG;ACCGAGATCT
2026-06-14 21:31:54.823 | INFO     | __main__:_materialize_balance_library_for_lane:7310 - Lane G55_TMP 平衡文库补充成功: sample_id=phix, 数据量=109.161G
2026-06-14 21:31:55.374 | INFO     | __main__:_materialize_balance_library_for_lane:7277 - Lane G55_TMP 尝试补平衡文库模板: sample_id=phix, test_no=Novaseq X Plus-PE150, index_seq=GGGGGGGGGG;ACCGAGATCT
2026-06-14 21:31:55.743 | INFO     | __main__:_materialize_balance_library_for_lane:7310 - Lane G55_TMP 平衡文库补充成功: sample_id=phix, 数据量=109.161G
2026-06-14 21:31:56.290 | INFO     | __main__:_materialize_balance_library_for_lane:7277 - Lane G55_TMP 尝试补平衡文库模板: sample_id=phix, test_no=Novaseq X Plus-PE150, index_seq=GGGGGGGGGG;ACCGAGATCT
2026-06-14 21:31:56.662 | INFO     | __main__:_materialize_balance_library_for_lane:7310 - Lane G55_TMP 平衡文库补充成功: sample_id=phix, 数据量=105.642G
2026-06-14 21:31:57.216 | INFO     | __main__:_materialize_balance_library_for_lane:7277 - Lane G55_TMP 尝试补平衡文库模板: sample_id=phix, test_no=Novaseq X Plus-PE150, index_seq=GGGGGGGGGG;ACCGAGATCT
2026-06-14 21:31:57.590 | INFO     | __main__:_materialize_balance_library_for_lane:7310 - Lane G55_TMP 平衡文库补充成功: sample_id=phix, 数据量=109.204G
2026-06-14 21:31:58.142 | INFO     | __main__:_materialize_balance_library_for_lane:7277 - Lane G55_TMP 尝试补平衡文库模板: sample_id=phix, test_no=Novaseq X Plus-PE150, index_seq=GGGGGGGGGG;ACCGAGATCT
2026-06-14 21:31:58.517 | INFO     | __main__:_materialize_balance_library_for_lane:7310 - Lane G55_TMP 平衡文库补充成功: sample_id=phix, 数据量=109.204G
2026-06-14 21:31:59.074 | INFO     | __main__:_materialize_balance_library_for_lane:7277 - Lane G55_TMP 尝试补平衡文库模板: sample_id=phix, test_no=Novaseq X Plus-PE150, index_seq=GGGGGGGGGG;ACCGAGATCT
2026-06-14 21:31:59.449 | INFO     | __main__:_materialize_balance_library_for_lane:7310 - Lane G55_TMP 平衡文库补充成功: sample_id=phix, 数据量=109.204G
2026-06-14 21:32:00.004 | INFO     | __main__:_materialize_balance_library_for_lane:7277 - Lane G55_TMP 尝试补平衡文库模板: sample_id=phix, test_no=Novaseq X Plus-PE150, index_seq=GGGGGGGGGG;ACCGAGATCT
2026-06-14 21:32:00.377 | INFO     | __main__:_materialize_balance_library_for_lane:7310 - Lane G55_TMP 平衡文库补充成功: sample_id=phix, 数据量=109.204G
2026-06-14 21:32:01.134 | INFO     | __main__:_materialize_balance_library_for_lane:7277 - Lane G55_TMP 尝试补平衡文库模板: sample_id=phix, test_no=Novaseq X Plus-PE150, index_seq=GGGGGGGGGG;ACCGAGATCT
2026-06-14 21:32:01.507 | INFO     | __main__:_materialize_balance_library_for_lane:7310 - Lane G55_TMP 平衡文库补充成功: sample_id=phix, 数据量=109.161G
2026-06-14 21:32:02.057 | INFO     | __main__:_materialize_balance_library_for_lane:7277 - Lane G55_TMP 尝试补平衡文库模板: sample_id=phix, test_no=Novaseq X Plus-PE150, index_seq=GGGGGGGGGG;ACCGAGATCT
2026-06-14 21:32:02.431 | INFO     | __main__:_materialize_balance_library_for_lane:7310 - Lane G55_TMP 平衡文库补充成功: sample_id=phix, 数据量=109.214G
2026-06-14 21:32:02.986 | INFO     | __main__:_materialize_balance_library_for_lane:7277 - Lane G55_TMP 尝试补平衡文库模板: sample_id=phix, test_no=Novaseq X Plus-PE150, index_seq=GGGGGGGGGG;ACCGAGATCT
2026-06-14 21:32:03.359 | INFO     | __main__:_materialize_balance_library_for_lane:7310 - Lane G55_TMP 平衡文库补充成功: sample_id=phix, 数据量=109.214G
2026-06-14 21:32:03.910 | INFO     | __main__:_materialize_balance_library_for_lane:7277 - Lane G55_TMP 尝试补平衡文库模板: sample_id=phix, test_no=Novaseq X Plus-PE150, index_seq=GGGGGGGGGG;ACCGAGATCT
2026-06-14 21:32:04.285 | INFO     | __main__:_materialize_balance_library_for_lane:7310 - Lane G55_TMP 平衡文库补充成功: sample_id=phix, 数据量=109.214G
2026-06-14 21:32:04.841 | INFO     | __main__:_materialize_balance_library_for_lane:7277 - Lane G55_TMP 尝试补平衡文库模板: sample_id=phix, test_no=Novaseq X Plus-PE150, index_seq=GGGGGGGGGG;ACCGAGATCT
2026-06-14 21:32:05.213 | INFO     | __main__:_materialize_balance_library_for_lane:7310 - Lane G55_TMP 平衡文库补充成功: sample_id=phix, 数据量=109.214G
2026-06-14 21:32:05.765 | INFO     | __main__:_materialize_balance_library_for_lane:7277 - Lane G55_TMP 尝试补平衡文库模板: sample_id=phix, test_no=Novaseq X Plus-PE150, index_seq=GGGGGGGGGG;ACCGAGATCT
2026-06-14 21:32:06.139 | INFO     | __main__:_materialize_balance_library_for_lane:7310 - Lane G55_TMP 平衡文库补充成功: sample_id=phix, 数据量=109.215G
2026-06-14 21:32:06.696 | INFO     | __main__:_materialize_balance_library_for_lane:7277 - Lane G55_TMP 尝试补平衡文库模板: sample_id=phix, test_no=Novaseq X Plus-PE150, index_seq=GGGGGGGGGG;ACCGAGATCT
2026-06-14 21:32:07.070 | INFO     | __main__:_materialize_balance_library_for_lane:7310 - Lane G55_TMP 平衡文库补充成功: sample_id=phix, 数据量=109.220G
2026-06-14 21:32:07.718 | INFO     | __main__:_materialize_balance_library_for_lane:7277 - Lane G55_TMP 尝试补平衡文库模板: sample_id=phix, test_no=Novaseq X Plus-PE150, index_seq=GGGGGGGGGG;ACCGAGATCT
2026-06-14 21:32:08.140 | INFO     | __main__:_materialize_balance_library_for_lane:7310 - Lane G55_TMP 平衡文库补充成功: sample_id=phix, 数据量=109.204G
2026-06-14 21:32:08.739 | INFO     | __main__:_materialize_balance_library_for_lane:7277 - Lane G55_TMP 尝试补平衡文库模板: sample_id=phix, test_no=Novaseq X Plus-PE150, index_seq=GGGGGGGGGG;ACCGAGATCT
2026-06-14 21:32:09.110 | INFO     | __main__:_materialize_balance_library_for_lane:7310 - Lane G55_TMP 平衡文库补充成功: sample_id=phix, 数据量=109.161G
2026-06-14 21:32:09.679 | INFO     | __main__:_materialize_balance_library_for_lane:7277 - Lane G55_TMP 尝试补平衡文库模板: sample_id=phix, test_no=Novaseq X Plus-PE150, index_seq=GGGGGGGGGG;ACCGAGATCT
2026-06-14 21:32:10.051 | INFO     | __main__:_materialize_balance_library_for_lane:7310 - Lane G55_TMP 平衡文库补充成功: sample_id=phix, 数据量=109.161G
2026-06-14 21:32:10.622 | INFO     | __main__:_materialize_balance_library_for_lane:7277 - Lane G55_TMP 尝试补平衡文库模板: sample_id=phix, test_no=Novaseq X Plus-PE150, index_seq=GGGGGGGGGG;ACCGAGATCT
2026-06-14 21:32:10.994 | INFO     | __main__:_materialize_balance_library_for_lane:7310 - Lane G55_TMP 平衡文库补充成功: sample_id=phix, 数据量=109.161G
2026-06-14 21:32:11.563 | INFO     | __main__:_materialize_balance_library_for_lane:7277 - Lane G55_TMP 尝试补平衡文库模板: sample_id=phix, test_no=Novaseq X Plus-PE150, index_seq=GGGGGGGGGG;ACCGAGATCT
2026-06-14 21:32:11.937 | INFO     | __main__:_materialize_balance_library_for_lane:7310 - Lane G55_TMP 平衡文库补充成功: sample_id=phix, 数据量=109.161G
2026-06-14 21:32:12.509 | INFO     | __main__:_materialize_balance_library_for_lane:7277 - Lane G55_TMP 尝试补平衡文库模板: sample_id=phix, test_no=Novaseq X Plus-PE150, index_seq=GGGGGGGGGG;ACCGAGATCT
2026-06-14 21:32:12.881 | INFO     | __main__:_materialize_balance_library_for_lane:7310 - Lane G55_TMP 平衡文库补充成功: sample_id=phix, 数据量=109.161G
2026-06-14 21:32:13.450 | INFO     | __main__:_materialize_balance_library_for_lane:7277 - Lane G55_TMP 尝试补平衡文库模板: sample_id=phix, test_no=Novaseq X Plus-PE150, index_seq=GGGGGGGGGG;ACCGAGATCT
2026-06-14 21:32:13.823 | INFO     | __main__:_materialize_balance_library_for_lane:7310 - Lane G55_TMP 平衡文库补充成功: sample_id=phix, 数据量=109.161G
2026-06-14 21:32:14.397 | INFO     | __main__:_materialize_balance_library_for_lane:7277 - Lane G55_TMP 尝试补平衡文库模板: sample_id=phix, test_no=Novaseq X Plus-PE150, index_seq=GGGGGGGGGG;ACCGAGATCT
2026-06-14 21:32:14.769 | INFO     | __main__:_materialize_balance_library_for_lane:7310 - Lane G55_TMP 平衡文库补充成功: sample_id=phix, 数据量=109.161G
2026-06-14 21:32:15.344 | INFO     | __main__:_materialize_balance_library_for_lane:7277 - Lane G55_TMP 尝试补平衡文库模板: sample_id=phix, test_no=Novaseq X Plus-PE150, index_seq=GGGGGGGGGG;ACCGAGATCT
2026-06-14 21:32:15.717 | INFO     | __main__:_materialize_balance_library_for_lane:7310 - Lane G55_TMP 平衡文库补充成功: sample_id=phix, 数据量=109.161G
2026-06-14 21:32:16.291 | INFO     | __main__:_materialize_balance_library_for_lane:7277 - Lane G55_TMP 尝试补平衡文库模板: sample_id=phix, test_no=Novaseq X Plus-PE150, index_seq=GGGGGGGGGG;ACCGAGATCT
2026-06-14 21:32:16.662 | INFO     | __main__:_materialize_balance_library_for_lane:7310 - Lane G55_TMP 平衡文库补充成功: sample_id=phix, 数据量=109.161G
2026-06-14 21:32:17.231 | INFO     | __main__:_materialize_balance_library_for_lane:7277 - Lane G55_TMP 尝试补平衡文库模板: sample_id=phix, test_no=Novaseq X Plus-PE150, index_seq=GGGGGGGGGG;ACCGAGATCT
2026-06-14 21:32:17.601 | INFO     | __main__:_materialize_balance_library_for_lane:7310 - Lane G55_TMP 平衡文库补充成功: sample_id=phix, 数据量=109.161G
2026-06-14 21:32:18.173 | INFO     | __main__:_materialize_balance_library_for_lane:7277 - Lane G55_TMP 尝试补平衡文库模板: sample_id=phix, test_no=Novaseq X Plus-PE150, index_seq=GGGGGGGGGG;ACCGAGATCT
2026-06-14 21:32:18.546 | INFO     | __main__:_materialize_balance_library_for_lane:7310 - Lane G55_TMP 平衡文库补充成功: sample_id=phix, 数据量=109.161G
2026-06-14 21:32:19.116 | INFO     | __main__:_materialize_balance_library_for_lane:7277 - Lane G55_TMP 尝试补平衡文库模板: sample_id=phix, test_no=Novaseq X Plus-PE150, index_seq=GGGGGGGGGG;ACCGAGATCT
2026-06-14 21:32:19.488 | INFO     | __main__:_materialize_balance_library_for_lane:7310 - Lane G55_TMP 平衡文库补充成功: sample_id=phix, 数据量=109.161G
2026-06-14 21:32:20.065 | INFO     | __main__:_materialize_balance_library_for_lane:7277 - Lane G55_TMP 尝试补平衡文库模板: sample_id=phix, test_no=Novaseq X Plus-PE150, index_seq=GGGGGGGGGG;ACCGAGATCT
2026-06-14 21:32:20.436 | INFO     | __main__:_materialize_balance_library_for_lane:7310 - Lane G55_TMP 平衡文库补充成功: sample_id=phix, 数据量=105.642G
2026-06-14 21:32:21.009 | INFO     | __main__:_materialize_balance_library_for_lane:7277 - Lane G55_TMP 尝试补平衡文库模板: sample_id=phix, test_no=Novaseq X Plus-PE150, index_seq=GGGGGGGGGG;ACCGAGATCT
2026-06-14 21:32:21.383 | INFO     | __main__:_materialize_balance_library_for_lane:7310 - Lane G55_TMP 平衡文库补充成功: sample_id=phix, 数据量=109.204G
2026-06-14 21:32:21.963 | INFO     | __main__:_materialize_balance_library_for_lane:7277 - Lane G55_TMP 尝试补平衡文库模板: sample_id=phix, test_no=Novaseq X Plus-PE150, index_seq=GGGGGGGGGG;ACCGAGATCT
2026-06-14 21:32:22.336 | INFO     | __main__:_materialize_balance_library_for_lane:7310 - Lane G55_TMP 平衡文库补充成功: sample_id=phix, 数据量=109.204G
2026-06-14 21:32:22.913 | INFO     | __main__:_materialize_balance_library_for_lane:7277 - Lane G55_TMP 尝试补平衡文库模板: sample_id=phix, test_no=Novaseq X Plus-PE150, index_seq=GGGGGGGGGG;ACCGAGATCT
2026-06-14 21:32:23.287 | INFO     | __main__:_materialize_balance_library_for_lane:7310 - Lane G55_TMP 平衡文库补充成功: sample_id=phix, 数据量=109.204G
2026-06-14 21:32:23.866 | INFO     | __main__:_materialize_balance_library_for_lane:7277 - Lane G55_TMP 尝试补平衡文库模板: sample_id=phix, test_no=Novaseq X Plus-PE150, index_seq=GGGGGGGGGG;ACCGAGATCT
2026-06-14 21:32:24.239 | INFO     | __main__:_materialize_balance_library_for_lane:7310 - Lane G55_TMP 平衡文库补充成功: sample_id=phix, 数据量=109.204G
2026-06-14 21:32:24.752 | INFO     | __main__:_materialize_balance_library_for_lane:7277 - Lane G55_TMP 尝试补平衡文库模板: sample_id=phix, test_no=Novaseq X Plus-PE150, index_seq=GGGGGGGGGG;ACCGAGATCT
2026-06-14 21:32:25.032 | INFO     | __main__:_materialize_balance_library_for_lane:7310 - Lane G55_TMP 平衡文库补充成功: sample_id=phix, 数据量=109.204G
2026-06-14 21:32:25.447 | INFO     | __main__:_materialize_balance_library_for_lane:7277 - Lane G55_TMP 尝试补平衡文库模板: sample_id=phix, test_no=Novaseq X Plus-PE150, index_seq=GGGGGGGGGG;ACCGAGATCT
2026-06-14 21:32:25.687 | INFO     | __main__:_materialize_balance_library_for_lane:7310 - Lane G55_TMP 平衡文库补充成功: sample_id=phix, 数据量=109.161G
2026-06-14 21:32:28.520 | INFO     | __main__:_materialize_balance_library_for_lane:7277 - Lane G55_TMP 尝试补平衡文库模板: sample_id=phix, test_no=Novaseq X Plus-PE150, index_seq=GGGGGGGGGG;ACCGAGATCT
2026-06-14 21:32:28.882 | INFO     | __main__:_materialize_balance_library_for_lane:7310 - Lane G55_TMP 平衡文库补充成功: sample_id=phix, 数据量=108.309G
2026-06-14 21:32:29.063 | INFO     | __main__:_consume_g55_imbalance_as_mode_lanes:15507 - 步骤1.3 G55跨基础组碱基不均1.1专Lane index冲突定向修复成功: 原始12个/2120.0G, 修复后38个/2057.9G
2026-06-14 21:32:29.063 | INFO     | __main__:_consume_g55_imbalance_as_mode_lanes:15613 - 步骤1.3 G55跨基础组碱基不均1.1专Lane成Lane成功: lane=G55_Nova X-25B_001, 基础组=G25,G26,G27,G29,G33,G36,G5,G50,G53,G58,G_UNKNOWN:10X Fixed gemx RNA文库,G_UNKNOWN:外泌体LncRNA文库(S), 使用38个/2057.9G
2026-06-14 21:32:30.929 | INFO     | __main__:_materialize_balance_library_for_lane:7277 - Lane G55_TMP 尝试补平衡文库模板: sample_id=phix, test_no=Novaseq X Plus-PE150, index_seq=GGGGGGGGGG;ACCGAGATCT
2026-06-14 21:32:30.938 | INFO     | __main__:_materialize_balance_library_for_lane:7310 - Lane G55_TMP 平衡文库补充成功: sample_id=phix, 数据量=108.763G
2026-06-14 21:32:30.942 | INFO     | __main__:_consume_g55_imbalance_as_mode_lanes:15613 - 步骤1.3 G55跨基础组碱基不均1.1专Lane成Lane成功: lane=G55_Nova X-25B_002, 基础组=G26,G36,G4,G54,G_UNKNOWN:10X Fixed gemx RNA文库, 使用13个/2066.5G
2026-06-14 21:32:38.703 | INFO     | __main__:_materialize_balance_library_for_lane:7277 - Lane G55_TMP 尝试补平衡文库模板: sample_id=phix, test_no=Novaseq X Plus-PE150, index_seq=GGGGGGGGGG;ACCGAGATCT
2026-06-14 21:32:38.706 | INFO     | __main__:_materialize_balance_library_for_lane:7310 - Lane G55_TMP 平衡文库补充成功: sample_id=phix, 数据量=111.842G
2026-06-14 21:32:38.708 | INFO     | __main__:_consume_g55_imbalance_as_mode_lanes:15613 - 步骤1.3 G55跨基础组碱基不均1.1专Lane成Lane成功: lane=G55_Nova X-25B_003, 基础组=G27,G29,G5,G53,G58,G_UNKNOWN:10X Fixed gemx RNA文库, 使用23个/2125.0G
2026-06-14 21:32:50.200 | INFO     | __main__:_consume_g55_imbalance_as_mode_lanes:15596 - 步骤1.3 G55跨基础组碱基不均1.1专Lane未成Lane: 候选181个/6353.2G, 1.1真实量窗口=[1990.2,2142.2]G, validation_attempts=2, top_failures=[('g55_g53_g54_mix_forbidden', 8882), ('g55_full_validation_trimmed', 7463), ('index_repair_validation_failed', 48), ('index_conflict', 48), ('capacity_out_of_rule_range', 2)]
2026-06-14 21:32:50.201 | INFO     | arrange_library.core.constraints.lane_validator:__init__:165 - 成Lane校验程序初始化完成 (严格模式: True, 碱基不均衡上限: 35%, 特殊文库关键词: 9个)
2026-06-14 21:32:50.201 | INFO     | __main__:arrange_library:19165 - 1.1前碱基不均衡专Lane预抽取完成: 单组=0, G53/G54=0, G55=3, G55消耗文库=74, 总生成Lane=3, 剩余进入1.1普通尝试文库=1496
2026-06-14 21:32:50.201 | INFO     | __main__:arrange_library:19178 - 
================================================================================
2026-06-14 21:32:50.201 | INFO     | __main__:arrange_library:19179 - 步骤1.4: 1.1前客户文库纯Lane预抽取
2026-06-14 21:32:50.201 | INFO     | __main__:arrange_library:19180 - ================================================================================
2026-06-14 21:32:50.206 | INFO     | __main__:_consume_customer_libraries_as_mode_1_1_lanes:9630 - 客户文库1.1优先Lane跳过: FKDL候选51个/625.9G，按加测/混合150.0G封顶后可用51个/625.9G，不足1.1容量
2026-06-14 21:32:50.206 | INFO     | __main__:arrange_library:19195 - 1.1前客户文库纯Lane预抽取完成: 生成Lane=0, 消耗文库=0, 剩余进入1.1普通尝试文库=1496
2026-06-14 21:32:50.206 | INFO     | __main__:arrange_library:19206 - 
================================================================================
2026-06-14 21:32:50.206 | INFO     | __main__:arrange_library:19207 - 步骤1.5: 1.1首轮排机
2026-06-14 21:32:50.206 | INFO     | __main__:arrange_library:19208 - ================================================================================
2026-06-14 21:32:50.266 | INFO     | __main__:arrange_library:19230 - 步骤1.5-1: 1.1首轮使用剩余未成Lane全集，候选1496个文库
2026-06-14 21:32:50.310 | INFO     | __main__:arrange_library:19259 - 1.1首轮策略: expensive_rescue=True, peak_window_mixed=False, post_fill_optimization=True
2026-06-14 21:32:50.441 | INFO     | __main__:test_with_model:18291 - 
================================================================================
2026-06-14 21:32:50.442 | INFO     | __main__:test_with_model:18292 - 排机流程：纯规则排机
2026-06-14 21:32:50.442 | INFO     | __main__:test_with_model:18293 - ================================================================================
2026-06-14 21:32:50.442 | INFO     | arrange_library.core.constraints.index_validator_verified:__init__:77 - Index校验器初始化完成（真实数据验证版本）
2026-06-14 21:32:50.442 | INFO     | arrange_library.core.constraints.lane_validator:__init__:165 - 成Lane校验程序初始化完成 (严格模式: True, 碱基不均衡上限: 35%, 特殊文库关键词: 9个)
2026-06-14 21:32:50.444 | WARNING  | arrange_library.core.ai.pooling_coefficient_optimizer:_load_config:40 - Pooling配置表不存在: /data/work/yuyongpeng/liblane_v2_deepseek/data/wktype_pooling_config.xlsx，将使用默认策略
2026-06-14 21:32:50.444 | INFO     | arrange_library.core.ai.pooling_coefficient_optimizer:_load_efficiency_corrections:185 - 产出效率修正表不存在: /data/work/yuyongpeng/liblane_v2_deepseek/data/production_efficiency_correction.csv，跳过后校准
2026-06-14 21:32:50.444 | WARNING  | arrange_library.core.ai.loutput_predictor_wrapper:_load_model:150 - 模型文件不存在: models/loutput_pre_lane_v5/lightgbm_model.pkl
2026-06-14 21:32:50.444 | WARNING  | arrange_library.core.ai.pooling_coefficient_optimizer:__init__:164 - loutput预测器不可用，将使用规则降级策略
2026-06-14 21:32:50.444 | INFO     | arrange_library.core.scheduling.greedy_lane_scheduler:__init__:267 - 逐Lane贪心排机器初始化完成 - 基础容量: 985.0GB, 利用率区间: [100%, 100%], 配置模式: 按机型自动
2026-06-14 21:32:50.444 | INFO     | arrange_library.core.scheduling.greedy_lane_scheduler:__init__:270 - 启用检查: Index=True, 碱基不均衡=True, 规则检查器=False
2026-06-14 21:32:50.444 | INFO     | __main__:test_with_model:18319 - 排机阶段：Pooling优化器已禁用（V6流程不需要）
2026-06-14 21:32:50.444 | INFO     | arrange_library.core.constraints.lane_validator:__init__:165 - 成Lane校验程序初始化完成 (严格模式: True, 碱基不均衡上限: 35%, 特殊文库关键词: 9个)
2026-06-14 21:32:50.444 | INFO     | __main__:test_with_model:18323 - 严格校验容量区间改为按统一配置表动态解析
2026-06-14 21:32:50.452 | INFO     | __main__:test_with_model:18345 - 主流程前置拆分完成: 无需拆分
2026-06-14 21:32:50.452 | INFO     | __main__:test_with_model:18360 - Peak窗口混排预构Lane已按调用方要求关闭
2026-06-14 21:32:50.452 | INFO     | arrange_library.core.scheduling.greedy_lane_scheduler:schedule:1086 - 开始逐Lane贪心排机 - 文库数: 1496
2026-06-14 21:32:50.453 | INFO     | arrange_library.core.scheduling.greedy_lane_scheduler:schedule:1096 - 预拆分完成: 使用外层已拆分文库
2026-06-14 21:32:50.457 | INFO     | arrange_library.core.scheduling.greedy_lane_scheduler:_run_batch_analysis:471 - ===== 批次全局分析报告 =====
2026-06-14 21:32:50.457 | INFO     | arrange_library.core.scheduling.greedy_lane_scheduler:_run_batch_analysis:471 - 机器类型: Nova X-25B
2026-06-14 21:32:50.457 | INFO     | arrange_library.core.scheduling.greedy_lane_scheduler:_run_batch_analysis:471 - 文库总数: 1496
2026-06-14 21:32:50.457 | INFO     | arrange_library.core.scheduling.greedy_lane_scheduler:_run_batch_analysis:471 - 总数据量: 16787.9 GB
2026-06-14 21:32:50.457 | INFO     | arrange_library.core.scheduling.greedy_lane_scheduler:_run_batch_analysis:471 - 预估Lane数: 8~9
2026-06-14 21:32:50.457 | INFO     | arrange_library.core.scheduling.greedy_lane_scheduler:_run_batch_analysis:471 - --- 特征标记 ---
2026-06-14 21:32:50.457 | INFO     | arrange_library.core.scheduling.greedy_lane_scheduler:_run_batch_analysis:471 -   包Lane文库: 无
2026-06-14 21:32:50.457 | INFO     | arrange_library.core.scheduling.greedy_lane_scheduler:_run_batch_analysis:471 -   碱基不均衡: 有
2026-06-14 21:32:50.457 | INFO     | arrange_library.core.scheduling.greedy_lane_scheduler:_run_batch_analysis:471 -   客户文库:   无
2026-06-14 21:32:50.457 | INFO     | arrange_library.core.scheduling.greedy_lane_scheduler:_run_batch_analysis:471 -   10bp文库:   有
2026-06-14 21:32:50.457 | INFO     | arrange_library.core.scheduling.greedy_lane_scheduler:_run_batch_analysis:471 -   非10bp文库: 有
2026-06-14 21:32:50.457 | INFO     | arrange_library.core.scheduling.greedy_lane_scheduler:_run_batch_analysis:471 -   特殊组合:   有
2026-06-14 21:32:50.457 | INFO     | arrange_library.core.scheduling.greedy_lane_scheduler:_run_batch_analysis:471 - --- 分组画像 ---
2026-06-14 21:32:50.457 | INFO     | arrange_library.core.scheduling.greedy_lane_scheduler:_run_batch_analysis:471 -   [non_10bp] 非10碱基文库: 146个文库, 2862.8GB, 预估2~2条Lane
2026-06-14 21:32:50.457 | INFO     | arrange_library.core.scheduling.greedy_lane_scheduler:_run_batch_analysis:471 -   [all] 全部文库: 1496个文库, 16787.9GB, 预估8~9条Lane
2026-06-14 21:32:50.457 | INFO     | arrange_library.core.scheduling.greedy_lane_scheduler:_run_batch_analysis:471 -   [10bp] 10碱基文库: 1350个文库, 13925.0GB, 预估7~7条Lane
2026-06-14 21:32:50.457 | INFO     | arrange_library.core.scheduling.greedy_lane_scheduler:_run_batch_analysis:471 -   [imbalance] 碱基不均衡文库: 181个文库, 6353.2GB, 预估3~4条Lane
2026-06-14 21:32:50.457 | INFO     | arrange_library.core.scheduling.greedy_lane_scheduler:_run_batch_analysis:471 -   [special_combo_b] 10X 3端/Visium组合: 66个文库, 5190.7GB, 预估3~3条Lane
2026-06-14 21:32:50.457 | INFO     | arrange_library.core.scheduling.greedy_lane_scheduler:_run_batch_analysis:471 -   [special_combo_a] 10X 5端/VDJ组合: 12个文库, 93.3GB, 预估1~1条Lane
2026-06-14 21:32:50.457 | INFO     | arrange_library.core.scheduling.greedy_lane_scheduler:_run_batch_analysis:471 - --- 专用Lane推荐 ---
2026-06-14 21:32:50.457 | INFO     | arrange_library.core.scheduling.greedy_lane_scheduler:_run_batch_analysis:471 -   [imbalance] 碱基不均衡文库数据量充足，可包专用Lane避免混排占比限制 - 约3条Lane, 6353.2GB, 置信度: high
2026-06-14 21:32:50.457 | INFO     | arrange_library.core.scheduling.greedy_lane_scheduler:_run_batch_analysis:471 -   [non_10bp] 非10bp文库集中排入专用Lane，避免触发10bp>=40%混排规则 - 约1条Lane, 2862.8GB, 置信度: medium
2026-06-14 21:32:50.457 | INFO     | arrange_library.core.scheduling.greedy_lane_scheduler:_run_batch_analysis:471 -   [special_combo_b] 10X 3端/Visium文库可独占Lane（与5端互斥） - 约2条Lane, 5190.7GB, 置信度: high
2026-06-14 21:32:50.457 | INFO     | arrange_library.core.scheduling.greedy_lane_scheduler:_run_batch_analysis:471 - --- 混排约束 ---
2026-06-14 21:32:50.457 | INFO     | arrange_library.core.scheduling.greedy_lane_scheduler:_run_batch_analysis:471 -   [tj_1595_special_combo_groups_not_mixed] special_combo_a vs special_combo_b: 10X 5端/VDJ 与 10X 3端/Visium 文库不可混排，必须分开
2026-06-14 21:32:50.457 | INFO     | arrange_library.core.scheduling.greedy_lane_scheduler:_run_batch_analysis:471 -   [imbalance_max_30pct] imbalance vs all: 碱基不均衡文库全局占比37.8%，超过30%上限，必须拆分为专用Lane
2026-06-14 21:32:50.458 | INFO     | arrange_library.core.scheduling.greedy_lane_scheduler:_run_batch_analysis:471 - --- 尾部风险 ---
2026-06-14 21:32:50.458 | INFO     | arrange_library.core.scheduling.greedy_lane_scheduler:_run_batch_analysis:471 -   [imbalance] 碱基不均衡文库排完整Lane后剩余68.2GB，不足半Lane(1048GB)，需要大文库骨架携带或混入散样Lane - 68.2GB, 181个, 严重程度: high
2026-06-14 21:32:50.458 | INFO     | arrange_library.core.scheduling.greedy_lane_scheduler:_run_batch_analysis:471 -   [non_10bp] 非10碱基文库排完整Lane后剩余767.8GB，不足半Lane(1048GB)，需要大文库骨架携带或混入散样Lane - 767.8GB, 146个, 严重程度: medium
2026-06-14 21:32:50.458 | INFO     | arrange_library.core.scheduling.greedy_lane_scheduler:_run_batch_analysis:471 -   [special_combo_a] 10X 5端/VDJ组合排完整Lane后剩余93.3GB，不足半Lane(998GB)，需要大文库骨架携带或混入散样Lane - 93.3GB, 12个, 严重程度: high
2026-06-14 21:32:50.458 | INFO     | arrange_library.core.scheduling.greedy_lane_scheduler:_run_batch_analysis:471 - --- 策略建议 ---
2026-06-14 21:32:50.458 | INFO     | arrange_library.core.scheduling.greedy_lane_scheduler:_run_batch_analysis:471 -   - 碱基不均衡文库数据量充足，优先形成专用Lane
2026-06-14 21:32:50.458 | INFO     | arrange_library.core.scheduling.greedy_lane_scheduler:_run_batch_analysis:471 -   - 非10bp文库建议走专用Lane，避免10bp>=40%混排红线
2026-06-14 21:32:50.458 | INFO     | arrange_library.core.scheduling.greedy_lane_scheduler:_run_batch_analysis:471 -   - 特殊10X组合文库应分别走专用Lane（互斥规则）
2026-06-14 21:32:50.458 | INFO     | arrange_library.core.scheduling.greedy_lane_scheduler:_run_batch_analysis:471 -   - 存在2个高风险尾部分组，建议启用骨架预留(大带小)
2026-06-14 21:32:50.458 | INFO     | arrange_library.core.scheduling.greedy_lane_scheduler:_run_batch_analysis:471 - ===== 报告结束 =====
2026-06-14 21:32:50.458 | INFO     | arrange_library.core.scheduling.greedy_lane_scheduler:_run_batch_analysis:477 - 保留外部传入的策略执行计划，仅使用批次分析报告
2026-06-14 21:32:50.460 | INFO     | arrange_library.core.scheduling.greedy_lane_scheduler:schedule:1132 - 处理机器类型 Nova X-25B - 文库数: 1496 - Lane容量: 1050.0GB, 利用率区间: [100%, 100%], 特殊文库上限: 350GB
2026-06-14 21:32:50.461 | INFO     | arrange_library.core.scheduling.greedy_lane_scheduler:schedule:1160 - 碱基不均衡专用Lane策略: 181个碱基不均衡文库
2026-06-14 21:32:50.461 | INFO     | arrange_library.core.scheduling.greedy_lane_scheduler:_get_dedicated_lane_profile:985 - 专用Lane分组G26剩余合同量48.0G无法满足1.1或3.6T-NEW有效容量下限
2026-06-14 21:32:50.461 | INFO     | arrange_library.core.scheduling.greedy_lane_scheduler:_get_dedicated_lane_profile:985 - 专用Lane分组G33剩余合同量61.0G无法满足1.1或3.6T-NEW有效容量下限
2026-06-14 21:32:50.462 | INFO     | arrange_library.core.scheduling.greedy_lane_scheduler:_get_dedicated_lane_profile:985 - 专用Lane分组G27剩余合同量40.0G无法满足1.1或3.6T-NEW有效容量下限
2026-06-14 21:32:50.462 | INFO     | arrange_library.core.scheduling.greedy_lane_scheduler:_get_dedicated_lane_profile:985 - 专用Lane分组G29剩余合同量32.0G无法满足1.1或3.6T-NEW有效容量下限
2026-06-14 21:32:50.462 | INFO     | arrange_library.core.scheduling.greedy_lane_scheduler:_get_dedicated_lane_profile:985 - 专用Lane分组G50剩余合同量4.0G无法满足1.1或3.6T-NEW有效容量下限
2026-06-14 21:32:50.462 | INFO     | arrange_library.core.scheduling.greedy_lane_scheduler:_get_dedicated_lane_profile:985 - 专用Lane分组G36剩余合同量3.3G无法满足1.1或3.6T-NEW有效容量下限
2026-06-14 21:32:50.464 | INFO     | arrange_library.core.scheduling.greedy_lane_scheduler:_get_dedicated_lane_profile:985 - 专用Lane分组G39剩余合同量150.0G无法满足1.1或3.6T-NEW有效容量下限
2026-06-14 21:32:50.472 | INFO     | arrange_library.core.constraints.lane_validator:__init__:165 - 成Lane校验程序初始化完成 (严格模式: False, 碱基不均衡上限: 35%, 特殊文库关键词: 9个)
2026-06-14 21:32:50.472 | INFO     | arrange_library.core.scheduling.greedy_lane_scheduler:_build_group:2693 - 专用Lane DL_Nova X-25B_001 形成成功 - 分组=G34, 碱基不均衡=1031.8G, 平衡文库=0.0G, 总量(含平衡)=1031.8G, 模式=3.6T-NEW, 容量规则=tj_1595_special_combo_36t
2026-06-14 21:32:50.473 | INFO     | arrange_library.core.scheduling.greedy_lane_scheduler:_get_dedicated_lane_profile:985 - 专用Lane分组G34剩余合同量800.0G无法满足1.1或3.6T-NEW有效容量下限
2026-06-14 21:32:50.473 | INFO     | arrange_library.core.scheduling.greedy_lane_scheduler:_get_dedicated_lane_profile:985 - 专用Lane分组G7剩余合同量2.4G无法满足1.1或3.6T-NEW有效容量下限
2026-06-14 21:32:50.473 | INFO     | arrange_library.core.scheduling.greedy_lane_scheduler:_get_dedicated_lane_profile:985 - 专用Lane分组G35剩余合同量208.0G无法满足1.1或3.6T-NEW有效容量下限
2026-06-14 21:32:50.474 | INFO     | arrange_library.core.scheduling.greedy_lane_scheduler:_get_dedicated_lane_profile:985 - 专用Lane分组G52剩余合同量10.0G无法满足1.1或3.6T-NEW有效容量下限
2026-06-14 21:32:50.474 | INFO     | arrange_library.core.scheduling.greedy_lane_scheduler:_get_dedicated_lane_profile:985 - 专用Lane分组G16剩余合同量120.0G无法满足1.1或3.6T-NEW有效容量下限
2026-06-14 21:32:50.474 | INFO     | arrange_library.core.scheduling.greedy_lane_scheduler:_get_dedicated_lane_profile:985 - 专用Lane分组G18剩余合同量114.0G无法满足1.1或3.6T-NEW有效容量下限
2026-06-14 21:32:50.475 | INFO     | arrange_library.core.scheduling.greedy_lane_scheduler:_get_dedicated_lane_profile:985 - 专用Lane分组G19剩余合同量1.0G无法满足1.1或3.6T-NEW有效容量下限
2026-06-14 21:32:50.475 | INFO     | arrange_library.core.scheduling.greedy_lane_scheduler:schedule:1166 - 形成1条专用Lane，剩余166个碱基不均衡文库
2026-06-14 21:32:55.606 | INFO     | arrange_library.core.scheduling.greedy_lane_scheduler:schedule:1238 - 第二轮排机: 734 个未分配文库（wkdeliverydate优先，轮转起点）
2026-06-14 21:32:55.967 | INFO     | arrange_library.core.scheduling.greedy_lane_scheduler:schedule:1254 - 第三轮排机: 734 个未分配文库（小文库优先）
2026-06-14 21:32:58.107 | INFO     | arrange_library.core.scheduling.greedy_lane_scheduler:schedule:1297 - 连续5轮无新Lane且未分配池不变，提前结束无效重试
2026-06-14 21:32:58.108 | INFO     | arrange_library.core.scheduling.greedy_lane_scheduler:_get_dedicated_lane_profile:985 - 专用Lane分组G26剩余合同量48.0G无法满足1.1或3.6T-NEW有效容量下限
2026-06-14 21:32:58.108 | INFO     | arrange_library.core.scheduling.greedy_lane_scheduler:_get_dedicated_lane_profile:985 - 专用Lane分组G33剩余合同量61.0G无法满足1.1或3.6T-NEW有效容量下限
2026-06-14 21:32:58.109 | INFO     | arrange_library.core.scheduling.greedy_lane_scheduler:_get_dedicated_lane_profile:985 - 专用Lane分组G27剩余合同量40.0G无法满足1.1或3.6T-NEW有效容量下限
2026-06-14 21:32:58.109 | INFO     | arrange_library.core.scheduling.greedy_lane_scheduler:_get_dedicated_lane_profile:985 - 专用Lane分组G29剩余合同量32.0G无法满足1.1或3.6T-NEW有效容量下限
2026-06-14 21:32:58.109 | INFO     | arrange_library.core.scheduling.greedy_lane_scheduler:_get_dedicated_lane_profile:985 - 专用Lane分组G50剩余合同量4.0G无法满足1.1或3.6T-NEW有效容量下限
2026-06-14 21:32:58.110 | INFO     | arrange_library.core.scheduling.greedy_lane_scheduler:_get_dedicated_lane_profile:985 - 专用Lane分组G36剩余合同量3.3G无法满足1.1或3.6T-NEW有效容量下限
2026-06-14 21:32:58.110 | INFO     | arrange_library.core.scheduling.greedy_lane_scheduler:_get_dedicated_lane_profile:985 - 专用Lane分组G39剩余合同量150.0G无法满足1.1或3.6T-NEW有效容量下限
2026-06-14 21:32:58.110 | INFO     | arrange_library.core.scheduling.greedy_lane_scheduler:_get_dedicated_lane_profile:985 - 专用Lane分组G7剩余合同量2.4G无法满足1.1或3.6T-NEW有效容量下限
2026-06-14 21:32:58.110 | INFO     | arrange_library.core.scheduling.greedy_lane_scheduler:_get_dedicated_lane_profile:985 - 专用Lane分组G34剩余合同量800.0G无法满足1.1或3.6T-NEW有效容量下限
2026-06-14 21:32:58.111 | INFO     | arrange_library.core.scheduling.greedy_lane_scheduler:_get_dedicated_lane_profile:985 - 专用Lane分组G35剩余合同量208.0G无法满足1.1或3.6T-NEW有效容量下限
2026-06-14 21:32:58.111 | INFO     | arrange_library.core.scheduling.greedy_lane_scheduler:_get_dedicated_lane_profile:985 - 专用Lane分组G52剩余合同量10.0G无法满足1.1或3.6T-NEW有效容量下限
2026-06-14 21:32:58.111 | INFO     | arrange_library.core.scheduling.greedy_lane_scheduler:_get_dedicated_lane_profile:985 - 专用Lane分组G16剩余合同量120.0G无法满足1.1或3.6T-NEW有效容量下限
2026-06-14 21:32:58.112 | INFO     | arrange_library.core.scheduling.greedy_lane_scheduler:_get_dedicated_lane_profile:985 - 专用Lane分组G18剩余合同量114.0G无法满足1.1或3.6T-NEW有效容量下限
2026-06-14 21:32:58.112 | INFO     | arrange_library.core.scheduling.greedy_lane_scheduler:_get_dedicated_lane_profile:985 - 专用Lane分组G19剩余合同量1.0G无法满足1.1或3.6T-NEW有效容量下限
2026-06-14 21:32:58.112 | INFO     | arrange_library.core.scheduling.greedy_lane_scheduler:_build_imbalance_dedicated_lanes:1051 - 专用Lane创建完成: 0条Lane, 139个碱基不均衡文库待分配, 595个中性文库待分配
2026-06-14 21:32:58.112 | INFO     | arrange_library.core.scheduling.greedy_lane_scheduler:schedule:1388 - 最后填充策略: 尝试将734个未分配文库塞入已有Lane
2026-06-14 21:33:01.277 | INFO     | arrange_library.core.scheduling.greedy_lane_scheduler:schedule:1759 - 最后填充策略: 成功塞入25个文库，踢出0个违反规则的文库，剩余709个无法分配
2026-06-14 21:33:01.285 | INFO     | arrange_library.core.scheduling.greedy_lane_scheduler:_optimize_by_redistribution:6226 - 挪移优化: 未分配数据量11247GB已足够，尝试精选组建新Lane
2026-06-14 21:33:01.288 | INFO     | arrange_library.core.scheduling.greedy_lane_scheduler:_try_form_lane_from_unassigned:6497 - 残余精选: 内部687个, 客户22个
2026-06-14 21:33:01.432 | INFO     | arrange_library.core.constraints.lane_validator:__init__:165 - 成Lane校验程序初始化完成 (严格模式: True, 碱基不均衡上限: 35%, 特殊文库关键词: 9个)
2026-06-14 21:33:01.433 | INFO     | arrange_library.core.scheduling.greedy_lane_scheduler:_try_form_lane_from_unassigned:6588 - 残余精选: 验证失败 - ValidationError(rule_type=<ValidationRuleType.BASE_IMBALANCE_RATIO: 'base_imbalance_ratio'>, severity=<ValidationSeverity.ERROR: 'error'>, message='碱基不均衡占比59.0%超过35%限制', current_value=0.5898004434589801, threshold_value=0.35, affected_libraries=[14308725, 14308732, 14308662, 14308661, 14308734, 14308658, 14308657, 14308721, 14308733, 14308722, 14308668, 14308665, 14308697]), ValidationError(rule_type=<ValidationRuleType.SPECIAL_LIBRARY_LIMIT: 'special_library_limit'>, severity=<ValidationSeverity.ERROR: 'error'>, message='特殊文库总量1330.0G超过350.0G限制', current_value=1330.0, threshold_value=350.0, affected_libraries=[14308725, 14308732, 14308662, 14308661, 14308734, 14308658, 14308657, 14308721, 14308733, 14308722, 14308668, 14308665, 14308697])
2026-06-14 21:33:01.433 | INFO     | arrange_library.core.scheduling.greedy_lane_scheduler:_optimize_by_redistribution:6230 - 挪移优化: 精选组建失败，继续尝试挪移策略
2026-06-14 21:33:01.433 | INFO     | arrange_library.core.scheduling.greedy_lane_scheduler:_optimize_by_redistribution:6233 - 挪移优化: 未分配709个文库(11247GB)，需要从现有Lane挪出-9152GB
2026-06-14 21:33:01.436 | WARNING  | arrange_library.core.scheduling.greedy_lane_scheduler:_optimize_by_redistribution:6457 - 挪移优化: 新Lane GL_Nova X-25B_011 验证失败: 容量超限: 11247.2GB > 2255.0GB，放弃创建
2026-06-14 21:33:01.437 | INFO     | arrange_library.core.scheduling.greedy_lane_scheduler:schedule:1829 - 逐Lane贪心排机完成 - Lane数: 3, 已分配: 787/1496, 未分配: 709, 平均利用率: 102.6%, 耗时: 10.98秒
2026-06-14 21:33:01.438 | INFO     | arrange_library.core.constraints.lane_validator:__init__:165 - 成Lane校验程序初始化完成 (严格模式: False, 碱基不均衡上限: 35%, 特殊文库关键词: 9个)
2026-06-14 21:33:01.574 | WARNING  | arrange_library.core.scheduling.greedy_lane_scheduler:_validate_all_lanes:2138 - Lane GL_Nova X-25B_001 验证失败: ['组合1与组合2文库类型不可混排']
2026-06-14 21:33:01.726 | WARNING  | arrange_library.core.scheduling.greedy_lane_scheduler:_validate_all_lanes:2138 - Lane GL_Nova X-25B_002 验证失败: ['组合1与组合2文库类型不可混排']
2026-06-14 21:33:01.726 | INFO     | arrange_library.core.scheduling.greedy_lane_scheduler:_validate_all_lanes:2142 - 有2条Lane验证失败，尝试挪移优化...
2026-06-14 21:33:01.726 | INFO     | arrange_library.core.scheduling.greedy_lane_scheduler:_validate_all_lanes:2146 - keep_failed_lanes=True，保留2条验证失败的Lane供外层矫正（未分配池不变）
2026-06-14 21:33:01.726 | INFO     | arrange_library.core.scheduling.greedy_lane_scheduler:_validate_all_lanes:2151 - 最终验证结果（含待矫正Lane）: 3条Lane，709个文库未分配
2026-06-14 21:33:01.881 | INFO     | __main__:_build_global_round_robin_lane:5423 - 全局轮转混排未成Lane: prefix=G1, pool_size=709, best=0个/0.0G, min=2095.0G
2026-06-14 21:33:01.883 | INFO     | __main__:test_with_model:18416 - wkspecialsplits边排边检查完成: 无需调整
2026-06-14 21:33:02.419 | WARNING  | __main__:test_with_model:18446 - Lane GL_Nova X-25B_001 验证失败 - 错误: ['rule_matrix_constraint'], 警告: []
2026-06-14 21:33:03.017 | WARNING  | __main__:test_with_model:18446 - Lane GL_Nova X-25B_002 验证失败 - 错误: ['rule_matrix_constraint'], 警告: []
2026-06-14 21:33:03.017 | INFO     | __main__:test_with_model:18451 - 验证完成：1条Lane通过验证
2026-06-14 21:33:03.017 | INFO     | __main__:test_with_model:18472 - 57规则二次改排救援已关闭，失败Lane文库回收到未分配池
2026-06-14 21:33:03.021 | INFO     | __main__:_should_skip_expensive_rescue_stage:2576 - 高成本救援(EX/RB)跳过: 未分配池过大=1481个/15756.1G，优先保证主排机时效
2026-06-14 21:33:03.221 | INFO     | __main__:_build_global_round_robin_lane:5423 - 全局轮转混排未成Lane: prefix=G1, pool_size=1481, best=0个/0.0G, min=2095.0G
2026-06-14 21:33:03.222 | INFO     | __main__:test_with_model:18712 - 剩余库全局轮转混排未新增Lane: 剩余未分配=1481
2026-06-14 21:33:03.224 | INFO     | __main__:test_with_model:18742 - 脚本内置 Pooling 预测已停用，后续统一调用 prediction_delivery
