2026-06-24 18:08:25.399 | INFO     | arrange_library.core.constraints.index_validator_verified:__init__:80 - Index校验器初始化完成（真实数据验证版本）
2026-06-24 18:08:25.424 | INFO     | arrange_library.core.config.scheduling_config:_load_rule_matrix_config:789 - 统一排机规则配置已加载: profiles=52, constraints=3, loading_rules=4, lab_mappings=9
2026-06-24 18:08:25.424 | INFO     | arrange_library.core.config.scheduling_config:_load_mode_1_1_rules:1787 - 1.1模式规则配置加载完成: /data/work/yuyongpeng/liblane_v2_deepseek/paiji_complete2/paiji_complete/arrange_library/config/mode_1_1_rules.json
2026-06-24 18:08:25.507 | INFO     | arrange_library.core.config.scheduling_config:__init__:417 - 排机配置管理器初始化完成
2026-06-24 18:08:25.994 | INFO     | arrange_library.core.constraints.index_validator_verified:__init__:80 - Index校验器初始化完成（真实数据验证版本）
2026-06-24 18:08:26.001 | INFO     | __main__:arrange_library:20588 - ================================================================================
2026-06-24 18:08:26.001 | INFO     | __main__:arrange_library:20589 - arrange_library: 端到端排机流程 - 排机与 Pooling 预测
2026-06-24 18:08:26.001 | INFO     | __main__:arrange_library:20590 - ================================================================================
2026-06-24 18:08:26.001 | INFO     | __main__:arrange_library:20591 - 调用时间: 2026-06-24 18:08:26
2026-06-24 18:08:26.001 | INFO     | __main__:arrange_library:20592 - 随机种子: 42 (固定，确保可复现)
2026-06-24 18:08:26.001 | INFO     | __main__:arrange_library:20593 - 运行模式: arrange
2026-06-24 18:08:26.001 | INFO     | __main__:arrange_library:20599 - 
使用数据文件: arrange_library/117_sta.csv
2026-06-24 18:08:26.122 | INFO     | __main__:load_standardized_csv:19795 - 从标准化CSV文件加载数据: arrange_library/117_sta.csv
2026-06-24 18:08:26.141 | INFO     | __main__:load_standardized_csv:19797 - 读取 1784 行数据
2026-06-24 18:08:26.396 | INFO     | __main__:load_standardized_csv:19894 - 成功创建 1784 个文库对象
2026-06-24 18:08:26.397 | INFO     | __main__:arrange_library:20632 - 成功转换 1784 个测试文库
2026-06-24 18:08:26.400 | INFO     | __main__:arrange_library:20661 - AI可排文库筛选完成: 可排=1784，不可排=0，机型排除=0
2026-06-24 18:08:26.400 | INFO     | __main__:arrange_library:20684 - 
================================================================================
2026-06-24 18:08:26.400 | INFO     | __main__:arrange_library:20685 - 步骤0.9: 提前处理1.1第二轮历史固定组合文库
2026-06-24 18:08:26.400 | INFO     | __main__:arrange_library:20686 - ================================================================================
2026-06-24 18:08:26.402 | INFO     | arrange_library.core.scheduling.mode_1_1_round2:identify_round2_candidates:130 - 1.1第二轮候选识别: 无符合条件的候选文库
2026-06-24 18:08:26.402 | INFO     | __main__:arrange_library:20704 - 1.1第二轮历史Lane前置直出: 无候选文库
2026-06-24 18:08:26.402 | INFO     | __main__:arrange_library:20709 - 
================================================================================
2026-06-24 18:08:26.402 | INFO     | __main__:arrange_library:20710 - 步骤1: 处理包Lane文库（wkbaleno字段有值的文库）
2026-06-24 18:08:26.402 | INFO     | __main__:arrange_library:20711 - ================================================================================
2026-06-24 18:08:26.403 | INFO     | __main__:arrange_library:20729 - 包Lane文库数: 0
2026-06-24 18:08:26.403 | INFO     | __main__:arrange_library:20730 - 普通文库数: 1784
2026-06-24 18:08:26.428 | INFO     | __main__:arrange_library:20791 - 
================================================================================
2026-06-24 18:08:26.428 | INFO     | __main__:arrange_library:20792 - 步骤1.2: 处理10+24 Lane seq文库
2026-06-24 18:08:26.428 | INFO     | __main__:arrange_library:20793 - ================================================================================
2026-06-24 18:08:26.428 | WARNING  | __main__:_build_10_plus_24_lane_seq_lanes:7906 - 10+24 Lane seq剩余3个文库未成Lane
2026-06-24 18:08:26.428 | INFO     | __main__:arrange_library:20803 - 10+24 Lane seq处理完成: 输入文库=3, 生成Lane=0, 未分配=3
2026-06-24 18:08:26.428 | INFO     | arrange_library.core.constraints.index_validator_verified:__init__:80 - Index校验器初始化完成（真实数据验证版本）
2026-06-24 18:08:26.428 | INFO     | arrange_library.core.constraints.lane_validator:__init__:163 - 成Lane校验程序初始化完成 (严格模式: True, 碱基不均衡上限: 35%, 特殊文库关键词: 9个)
2026-06-24 18:08:26.428 | INFO     | __main__:arrange_library:20817 - 
================================================================================
2026-06-24 18:08:26.428 | INFO     | __main__:arrange_library:20818 - 步骤1.3: 1.1前碱基不均衡专Lane预抽取
2026-06-24 18:08:26.428 | INFO     | __main__:arrange_library:20819 - ================================================================================
2026-06-24 18:08:26.430 | INFO     | arrange_library.core.constraints.index_validator_verified:__init__:80 - Index校验器初始化完成（真实数据验证版本）
2026-06-24 18:08:26.431 | INFO     | arrange_library.core.constraints.lane_validator:__init__:163 - 成Lane校验程序初始化完成 (严格模式: True, 碱基不均衡上限: 35%, 特殊文库关键词: 9个)
2026-06-24 18:08:26.432 | WARNING  | arrange_library.core.ai.pooling_coefficient_optimizer:_load_config:40 - Pooling配置表不存在: /data/work/yuyongpeng/liblane_v2_deepseek/data/wktype_pooling_config.xlsx，将使用默认策略
2026-06-24 18:08:26.432 | INFO     | arrange_library.core.ai.pooling_coefficient_optimizer:_load_efficiency_corrections:185 - 产出效率修正表不存在: /data/work/yuyongpeng/liblane_v2_deepseek/data/production_efficiency_correction.csv，跳过后校准
2026-06-24 18:08:26.432 | WARNING  | arrange_library.core.ai.loutput_predictor_wrapper:_load_model:150 - 模型文件不存在: models/loutput_pre_lane_v5/lightgbm_model.pkl
2026-06-24 18:08:26.432 | WARNING  | arrange_library.core.ai.pooling_coefficient_optimizer:__init__:164 - loutput预测器不可用，将使用规则降级策略
2026-06-24 18:08:26.432 | INFO     | arrange_library.core.scheduling.greedy_lane_scheduler:__init__:264 - 逐Lane贪心排机器初始化完成 - 基础容量: 985.0GB, 利用率区间: [100%, 100%], 配置模式: 按机型自动
2026-06-24 18:08:26.432 | INFO     | arrange_library.core.scheduling.greedy_lane_scheduler:__init__:267 - 启用检查: Index=True, 碱基不均衡=True, 规则检查器=False
2026-06-24 18:08:26.435 | INFO     | arrange_library.core.scheduling.greedy_lane_scheduler:_get_dedicated_lane_profile:982 - 专用Lane分组G26剩余合同量456.4G无法满足1.1或3.6T-NEW有效容量下限
2026-06-24 18:08:26.436 | INFO     | arrange_library.core.scheduling.greedy_lane_scheduler:_get_dedicated_lane_profile:982 - 专用Lane分组G36剩余合同量76.8G无法满足1.1或3.6T-NEW有效容量下限
2026-06-24 18:08:26.437 | INFO     | arrange_library.core.scheduling.greedy_lane_scheduler:_get_dedicated_lane_profile:982 - 专用Lane分组G25剩余合同量35.5G无法满足1.1或3.6T-NEW有效容量下限
2026-06-24 18:08:26.437 | INFO     | arrange_library.core.scheduling.greedy_lane_scheduler:_get_dedicated_lane_profile:982 - 专用Lane分组G8剩余合同量12.0G无法满足1.1或3.6T-NEW有效容量下限
2026-06-24 18:08:26.438 | INFO     | arrange_library.core.scheduling.greedy_lane_scheduler:_get_dedicated_lane_profile:982 - 专用Lane分组G50剩余合同量27.0G无法满足1.1或3.6T-NEW有效容量下限
2026-06-24 18:08:26.438 | INFO     | arrange_library.core.scheduling.greedy_lane_scheduler:_get_dedicated_lane_profile:982 - 专用Lane分组G27剩余合同量5.0G无法满足1.1或3.6T-NEW有效容量下限
2026-06-24 18:08:26.438 | INFO     | arrange_library.core.scheduling.greedy_lane_scheduler:_get_dedicated_lane_profile:982 - 专用Lane分组G29剩余合同量5.0G无法满足1.1或3.6T-NEW有效容量下限
2026-06-24 18:08:26.440 | INFO     | arrange_library.core.constraints.lane_validator:__init__:163 - 成Lane校验程序初始化完成 (严格模式: False, 碱基不均衡上限: 35%, 特殊文库关键词: 9个)
2026-06-24 18:08:26.440 | INFO     | arrange_library.core.scheduling.greedy_lane_scheduler:_build_group:2688 - 专用Lane DL_Nova X-25B_001 形成成功 - 分组=G58, 碱基不均衡=1020.0G, 平衡文库=53.7G, 总量(含平衡)=1073.7G, 模式=3.6T-NEW, 容量规则=tj_1595_standard_pe150_25b
2026-06-24 18:08:26.441 | INFO     | arrange_library.core.scheduling.greedy_lane_scheduler:_get_dedicated_lane_profile:982 - 专用Lane分组G58剩余合同量300.0G无法满足1.1或3.6T-NEW有效容量下限
2026-06-24 18:08:26.441 | INFO     | arrange_library.core.scheduling.greedy_lane_scheduler:_get_dedicated_lane_profile:982 - 专用Lane分组G5剩余合同量222.0G无法满足1.1或3.6T-NEW有效容量下限
2026-06-24 18:08:26.442 | INFO     | arrange_library.core.scheduling.greedy_lane_scheduler:_get_dedicated_lane_profile:982 - 专用Lane分组G16剩余合同量65.4G无法满足1.1或3.6T-NEW有效容量下限
2026-06-24 18:08:26.443 | INFO     | arrange_library.core.scheduling.greedy_lane_scheduler:_get_dedicated_lane_profile:982 - 专用Lane分组G7剩余合同量94.7G无法满足1.1或3.6T-NEW有效容量下限
2026-06-24 18:08:26.443 | INFO     | arrange_library.core.scheduling.greedy_lane_scheduler:_get_dedicated_lane_profile:982 - 专用Lane分组G6剩余合同量78.4G无法满足1.1或3.6T-NEW有效容量下限
2026-06-24 18:08:26.443 | INFO     | arrange_library.core.scheduling.greedy_lane_scheduler:_get_dedicated_lane_profile:982 - 专用Lane分组G4剩余合同量100.0G无法满足1.1或3.6T-NEW有效容量下限
2026-06-24 18:08:26.444 | INFO     | arrange_library.core.scheduling.greedy_lane_scheduler:_get_dedicated_lane_profile:982 - 专用Lane分组G35剩余合同量50.0G无法满足1.1或3.6T-NEW有效容量下限
2026-06-24 18:08:26.444 | INFO     | arrange_library.core.scheduling.greedy_lane_scheduler:_get_dedicated_lane_profile:982 - 专用Lane分组G19剩余合同量1.0G无法满足1.1或3.6T-NEW有效容量下限
2026-06-24 18:08:26.445 | INFO     | __main__:_extract_global_dedicated_imbalance_lanes:1191 - 全局跨机型碱基不均专Lane预抽取: 承载机型=Nova X-25B, 生成Lane=1, 消耗1020.0G, 剩余不均文库=340个/3295.1G
2026-06-24 18:08:26.447 | INFO     | __main__:_extract_global_dedicated_imbalance_lanes:1202 - 全局碱基不均专Lane预抽取完成: 生成Lane=1, 后续普通排机池 1781 -> 1774
2026-06-24 18:08:26.447 | INFO     | __main__:_keep_only_mode_1_1_prebuilt_lanes:2320 - 步骤1.3 单组碱基不均1.1专Lane: 回收1条非1.1预抽取Lane，返还7个文库/1020.0G继续参与1.1 G53/G54/G55
2026-06-24 18:08:28.735 | INFO     | __main__:_consume_g53_g54_imbalance_as_mode_lanes:1630 - 步骤1.3 G53/G54组合碱基不均1.1专Lane未成Lane: group=G54, 候选12个/888.9G, 贪心选择12个/888.9G, 下限1995.0G, top_failures=[('capacity_out_of_rule_range', 3304)]
2026-06-24 18:08:55.625 | INFO     | __main__:_consume_g55_imbalance_as_mode_lanes:16891 - 步骤1.3 G55跨基础组碱基不均1.1专Lane未成Lane: 候选318个/4232.1G, 1.1真实量窗口=[1990.2,2142.2]G, validation_attempts=0, top_failures=[('g55_budgeted_fill_duplicate', 3216), ('g55_budgeted_seed_customer_ratio', 1937), ('g55_budgeted_fill_index_conflict', 1664), ('g55_budgeted_seed_high_phix_ratio', 1075), ('g55_budgeted_fill_high_phix_ratio', 846)]
2026-06-24 18:08:55.626 | INFO     | __main__:arrange_library:20871 - 1.1前碱基不均衡专Lane预抽取完成: 单组=0, G53/G54=0, G55=0, G55消耗文库=0, 总生成Lane=0, 剩余进入1.1普通尝试文库=1781
2026-06-24 18:08:55.626 | INFO     | __main__:arrange_library:20884 - 
================================================================================
2026-06-24 18:08:55.626 | INFO     | __main__:arrange_library:20885 - 步骤1.4: 1.1前客户文库纯Lane预抽取
2026-06-24 18:08:55.626 | INFO     | __main__:arrange_library:20886 - ================================================================================
2026-06-24 18:08:55.639 | INFO     | __main__:_consume_customer_libraries_as_mode_1_1_lanes:10032 - 客户文库1.1优先Lane跳过: FKDL候选216个/847.7G，按加测/混合150.0G封顶后可用216个/847.7G，不足1.1容量
2026-06-24 18:08:55.640 | INFO     | __main__:arrange_library:20901 - 1.1前客户文库纯Lane预抽取完成: 生成Lane=0, 消耗文库=0, 剩余进入1.1普通尝试文库=1781
2026-06-24 18:08:55.640 | INFO     | __main__:arrange_library:20912 - 
================================================================================
2026-06-24 18:08:55.640 | INFO     | __main__:arrange_library:20913 - 步骤1.5: 1.1首轮排机
2026-06-24 18:08:55.640 | INFO     | __main__:arrange_library:20914 - ================================================================================
2026-06-24 18:08:55.711 | INFO     | __main__:arrange_library:20928 - 命中拆分规则且当前合同量>500G的原始文库1个：从1.1候选池移出，保留到3.6T-NEW流程拆分与排机
2026-06-24 18:08:55.717 | INFO     | __main__:arrange_library:20943 - 步骤1.5-1: 1.1首轮使用剩余未成Lane全集，候选1780个文库
2026-06-24 18:08:55.767 | INFO     | __main__:arrange_library:20972 - 1.1首轮策略: expensive_rescue=True, peak_window_mixed=False, post_fill_optimization=True
2026-06-24 18:08:55.928 | INFO     | __main__:test_with_model:19997 - 
================================================================================
2026-06-24 18:08:55.928 | INFO     | __main__:test_with_model:19998 - 排机流程：纯规则排机
2026-06-24 18:08:55.928 | INFO     | __main__:test_with_model:19999 - ================================================================================
2026-06-24 18:08:55.928 | INFO     | arrange_library.core.constraints.index_validator_verified:__init__:80 - Index校验器初始化完成（真实数据验证版本）
2026-06-24 18:08:55.928 | INFO     | arrange_library.core.constraints.lane_validator:__init__:163 - 成Lane校验程序初始化完成 (严格模式: True, 碱基不均衡上限: 35%, 特殊文库关键词: 9个)
2026-06-24 18:08:55.930 | WARNING  | arrange_library.core.ai.pooling_coefficient_optimizer:_load_config:40 - Pooling配置表不存在: /data/work/yuyongpeng/liblane_v2_deepseek/data/wktype_pooling_config.xlsx，将使用默认策略
2026-06-24 18:08:55.930 | INFO     | arrange_library.core.ai.pooling_coefficient_optimizer:_load_efficiency_corrections:185 - 产出效率修正表不存在: /data/work/yuyongpeng/liblane_v2_deepseek/data/production_efficiency_correction.csv，跳过后校准
2026-06-24 18:08:55.930 | WARNING  | arrange_library.core.ai.loutput_predictor_wrapper:_load_model:150 - 模型文件不存在: models/loutput_pre_lane_v5/lightgbm_model.pkl
2026-06-24 18:08:55.930 | WARNING  | arrange_library.core.ai.pooling_coefficient_optimizer:__init__:164 - loutput预测器不可用，将使用规则降级策略
2026-06-24 18:08:55.930 | INFO     | arrange_library.core.scheduling.greedy_lane_scheduler:__init__:264 - 逐Lane贪心排机器初始化完成 - 基础容量: 985.0GB, 利用率区间: [100%, 100%], 配置模式: 按机型自动
2026-06-24 18:08:55.930 | INFO     | arrange_library.core.scheduling.greedy_lane_scheduler:__init__:267 - 启用检查: Index=True, 碱基不均衡=True, 规则检查器=False
2026-06-24 18:08:55.930 | INFO     | __main__:test_with_model:20025 - 排机阶段：Pooling优化器已禁用（V6流程不需要）
2026-06-24 18:08:55.931 | INFO     | arrange_library.core.constraints.lane_validator:__init__:163 - 成Lane校验程序初始化完成 (严格模式: True, 碱基不均衡上限: 35%, 特殊文库关键词: 9个)
2026-06-24 18:08:55.931 | INFO     | __main__:test_with_model:20029 - 严格校验容量区间改为按统一配置表动态解析
2026-06-24 18:08:55.941 | INFO     | __main__:test_with_model:20051 - 主流程前置拆分完成: 无需拆分
2026-06-24 18:08:55.941 | INFO     | __main__:test_with_model:20066 - Peak窗口混排预构Lane已按调用方要求关闭
2026-06-24 18:08:55.941 | INFO     | arrange_library.core.scheduling.greedy_lane_scheduler:schedule:1083 - 开始逐Lane贪心排机 - 文库数: 1780
2026-06-24 18:08:55.941 | INFO     | arrange_library.core.scheduling.greedy_lane_scheduler:schedule:1093 - 预拆分完成: 使用外层已拆分文库
2026-06-24 18:08:55.946 | INFO     | arrange_library.core.scheduling.greedy_lane_scheduler:_run_batch_analysis:468 - ===== 批次全局分析报告 =====
2026-06-24 18:08:55.946 | INFO     | arrange_library.core.scheduling.greedy_lane_scheduler:_run_batch_analysis:468 - 机器类型: Nova X-25B
2026-06-24 18:08:55.946 | INFO     | arrange_library.core.scheduling.greedy_lane_scheduler:_run_batch_analysis:468 - 文库总数: 1780
2026-06-24 18:08:55.946 | INFO     | arrange_library.core.scheduling.greedy_lane_scheduler:_run_batch_analysis:468 - 总数据量: 15281.5 GB
2026-06-24 18:08:55.946 | INFO     | arrange_library.core.scheduling.greedy_lane_scheduler:_run_batch_analysis:468 - 预估Lane数: 8~8
2026-06-24 18:08:55.946 | INFO     | arrange_library.core.scheduling.greedy_lane_scheduler:_run_batch_analysis:468 - --- 特征标记 ---
2026-06-24 18:08:55.946 | INFO     | arrange_library.core.scheduling.greedy_lane_scheduler:_run_batch_analysis:468 -   包Lane文库: 无
2026-06-24 18:08:55.946 | INFO     | arrange_library.core.scheduling.greedy_lane_scheduler:_run_batch_analysis:468 -   碱基不均衡: 有
2026-06-24 18:08:55.946 | INFO     | arrange_library.core.scheduling.greedy_lane_scheduler:_run_batch_analysis:468 -   客户文库:   无
2026-06-24 18:08:55.946 | INFO     | arrange_library.core.scheduling.greedy_lane_scheduler:_run_batch_analysis:468 -   10bp文库:   有
2026-06-24 18:08:55.947 | INFO     | arrange_library.core.scheduling.greedy_lane_scheduler:_run_batch_analysis:468 -   非10bp文库: 有
2026-06-24 18:08:55.947 | INFO     | arrange_library.core.scheduling.greedy_lane_scheduler:_run_batch_analysis:468 -   特殊组合:   有
2026-06-24 18:08:55.947 | INFO     | arrange_library.core.scheduling.greedy_lane_scheduler:_run_batch_analysis:468 - --- 分组画像 ---
2026-06-24 18:08:55.947 | INFO     | arrange_library.core.scheduling.greedy_lane_scheduler:_run_batch_analysis:468 -   [imbalance] 碱基不均衡文库: 347个文库, 4315.1GB, 预估3~3条Lane
2026-06-24 18:08:55.947 | INFO     | arrange_library.core.scheduling.greedy_lane_scheduler:_run_batch_analysis:468 -   [10bp] 10碱基文库: 1465个文库, 12515.3GB, 预估6~7条Lane
2026-06-24 18:08:55.947 | INFO     | arrange_library.core.scheduling.greedy_lane_scheduler:_run_batch_analysis:468 -   [all] 全部文库: 1780个文库, 15281.5GB, 预估8~8条Lane
2026-06-24 18:08:55.947 | INFO     | arrange_library.core.scheduling.greedy_lane_scheduler:_run_batch_analysis:468 -   [non_10bp] 非10碱基文库: 315个文库, 2766.1GB, 预估2~2条Lane
2026-06-24 18:08:55.947 | INFO     | arrange_library.core.scheduling.greedy_lane_scheduler:_run_batch_analysis:468 -   [special_combo_a] 10X 5端/VDJ组合: 63个文库, 1289.1GB, 预估1~1条Lane
2026-06-24 18:08:55.947 | INFO     | arrange_library.core.scheduling.greedy_lane_scheduler:_run_batch_analysis:468 -   [special_combo_b] 10X 3端/Visium组合: 8个文库, 488.9GB, 预估1~1条Lane
2026-06-24 18:08:55.947 | INFO     | arrange_library.core.scheduling.greedy_lane_scheduler:_run_batch_analysis:468 - --- 专用Lane推荐 ---
2026-06-24 18:08:55.947 | INFO     | arrange_library.core.scheduling.greedy_lane_scheduler:_run_batch_analysis:468 -   [imbalance] 碱基不均衡文库数据量充足，可包专用Lane避免混排占比限制 - 约2条Lane, 4315.1GB, 置信度: high
2026-06-24 18:08:55.947 | INFO     | arrange_library.core.scheduling.greedy_lane_scheduler:_run_batch_analysis:468 -   [non_10bp] 非10bp文库集中排入专用Lane，避免触发10bp>=40%混排规则 - 约1条Lane, 2766.1GB, 置信度: medium
2026-06-24 18:08:55.947 | INFO     | arrange_library.core.scheduling.greedy_lane_scheduler:_run_batch_analysis:468 - --- 混排约束 ---
2026-06-24 18:08:55.947 | INFO     | arrange_library.core.scheduling.greedy_lane_scheduler:_run_batch_analysis:468 -   [tj_1595_special_combo_groups_not_mixed] special_combo_a vs special_combo_b: 10X 5端/VDJ 与 10X 3端/Visium 文库不可混排，必须分开
2026-06-24 18:08:55.947 | INFO     | arrange_library.core.scheduling.greedy_lane_scheduler:_run_batch_analysis:468 - --- 尾部风险 ---
2026-06-24 18:08:55.947 | INFO     | arrange_library.core.scheduling.greedy_lane_scheduler:_run_batch_analysis:468 -   [imbalance] 碱基不均衡文库排完整Lane后剩余325.1GB，不足半Lane(998GB)，需要大文库骨架携带或混入散样Lane - 325.1GB, 347个, 严重程度: high
2026-06-24 18:08:55.947 | INFO     | arrange_library.core.scheduling.greedy_lane_scheduler:_run_batch_analysis:468 -   [non_10bp] 非10碱基文库排完整Lane后剩余671.1GB，不足半Lane(1048GB)，需要大文库骨架携带或混入散样Lane - 671.1GB, 315个, 严重程度: medium
2026-06-24 18:08:55.947 | INFO     | arrange_library.core.scheduling.greedy_lane_scheduler:_run_batch_analysis:468 -   [special_combo_b] 10X 3端/Visium组合排完整Lane后剩余488.9GB，不足半Lane(998GB)，需要大文库骨架携带或混入散样Lane - 488.9GB, 8个, 严重程度: medium
2026-06-24 18:08:55.947 | INFO     | arrange_library.core.scheduling.greedy_lane_scheduler:_run_batch_analysis:468 - --- 策略建议 ---
2026-06-24 18:08:55.947 | INFO     | arrange_library.core.scheduling.greedy_lane_scheduler:_run_batch_analysis:468 -   - 碱基不均衡文库数据量充足，优先形成专用Lane
2026-06-24 18:08:55.947 | INFO     | arrange_library.core.scheduling.greedy_lane_scheduler:_run_batch_analysis:468 -   - 非10bp文库建议走专用Lane，避免10bp>=40%混排红线
2026-06-24 18:08:55.947 | INFO     | arrange_library.core.scheduling.greedy_lane_scheduler:_run_batch_analysis:468 -   - 存在1个高风险尾部分组，建议启用骨架预留(大带小)
2026-06-24 18:08:55.947 | INFO     | arrange_library.core.scheduling.greedy_lane_scheduler:_run_batch_analysis:468 - ===== 报告结束 =====
2026-06-24 18:08:55.947 | INFO     | arrange_library.core.scheduling.greedy_lane_scheduler:_run_batch_analysis:474 - 保留外部传入的策略执行计划，仅使用批次分析报告
2026-06-24 18:08:55.950 | INFO     | arrange_library.core.scheduling.greedy_lane_scheduler:schedule:1129 - 处理机器类型 Nova X-25B - 文库数: 1780 - Lane容量: 1050.0GB, 利用率区间: [100%, 100%], 碱基不均占比上限: 35%
2026-06-24 18:08:55.951 | INFO     | arrange_library.core.scheduling.greedy_lane_scheduler:schedule:1157 - 碱基不均衡专用Lane策略: 347个碱基不均衡文库
2026-06-24 18:08:55.952 | INFO     | arrange_library.core.scheduling.greedy_lane_scheduler:_get_dedicated_lane_profile:982 - 专用Lane分组G26剩余合同量456.4G无法满足1.1或3.6T-NEW有效容量下限
2026-06-24 18:08:55.953 | INFO     | arrange_library.core.scheduling.greedy_lane_scheduler:_get_dedicated_lane_profile:982 - 专用Lane分组G36剩余合同量76.8G无法满足1.1或3.6T-NEW有效容量下限
2026-06-24 18:08:55.953 | INFO     | arrange_library.core.scheduling.greedy_lane_scheduler:_get_dedicated_lane_profile:982 - 专用Lane分组G25剩余合同量35.5G无法满足1.1或3.6T-NEW有效容量下限
2026-06-24 18:08:55.954 | INFO     | arrange_library.core.scheduling.greedy_lane_scheduler:_get_dedicated_lane_profile:982 - 专用Lane分组G8剩余合同量12.0G无法满足1.1或3.6T-NEW有效容量下限
2026-06-24 18:08:55.954 | INFO     | arrange_library.core.scheduling.greedy_lane_scheduler:_get_dedicated_lane_profile:982 - 专用Lane分组G50剩余合同量27.0G无法满足1.1或3.6T-NEW有效容量下限
2026-06-24 18:08:55.954 | INFO     | arrange_library.core.scheduling.greedy_lane_scheduler:_get_dedicated_lane_profile:982 - 专用Lane分组G27剩余合同量5.0G无法满足1.1或3.6T-NEW有效容量下限
2026-06-24 18:08:55.954 | INFO     | arrange_library.core.scheduling.greedy_lane_scheduler:_get_dedicated_lane_profile:982 - 专用Lane分组G29剩余合同量5.0G无法满足1.1或3.6T-NEW有效容量下限
2026-06-24 18:08:55.956 | INFO     | arrange_library.core.constraints.lane_validator:__init__:163 - 成Lane校验程序初始化完成 (严格模式: False, 碱基不均衡上限: 35%, 特殊文库关键词: 9个)
2026-06-24 18:08:55.957 | INFO     | arrange_library.core.scheduling.greedy_lane_scheduler:_build_group:2688 - 专用Lane DL_Nova X-25B_001 形成成功 - 分组=G58, 碱基不均衡=1020.0G, 平衡文库=53.7G, 总量(含平衡)=1073.7G, 模式=3.6T-NEW, 容量规则=tj_1595_standard_pe150_25b
2026-06-24 18:08:55.957 | INFO     | arrange_library.core.scheduling.greedy_lane_scheduler:_get_dedicated_lane_profile:982 - 专用Lane分组G58剩余合同量300.0G无法满足1.1或3.6T-NEW有效容量下限
2026-06-24 18:08:55.957 | INFO     | arrange_library.core.scheduling.greedy_lane_scheduler:_get_dedicated_lane_profile:982 - 专用Lane分组G5剩余合同量222.0G无法满足1.1或3.6T-NEW有效容量下限
2026-06-24 18:08:55.958 | INFO     | arrange_library.core.scheduling.greedy_lane_scheduler:_get_dedicated_lane_profile:982 - 专用Lane分组G16剩余合同量65.4G无法满足1.1或3.6T-NEW有效容量下限
2026-06-24 18:08:55.958 | INFO     | arrange_library.core.scheduling.greedy_lane_scheduler:_get_dedicated_lane_profile:982 - 专用Lane分组G7剩余合同量94.7G无法满足1.1或3.6T-NEW有效容量下限
2026-06-24 18:08:55.959 | INFO     | arrange_library.core.scheduling.greedy_lane_scheduler:_get_dedicated_lane_profile:982 - 专用Lane分组G6剩余合同量78.4G无法满足1.1或3.6T-NEW有效容量下限
2026-06-24 18:08:55.959 | INFO     | arrange_library.core.scheduling.greedy_lane_scheduler:_get_dedicated_lane_profile:982 - 专用Lane分组G4剩余合同量100.0G无法满足1.1或3.6T-NEW有效容量下限
2026-06-24 18:08:55.959 | INFO     | arrange_library.core.scheduling.greedy_lane_scheduler:_get_dedicated_lane_profile:982 - 专用Lane分组G35剩余合同量50.0G无法满足1.1或3.6T-NEW有效容量下限
2026-06-24 18:08:55.959 | INFO     | arrange_library.core.scheduling.greedy_lane_scheduler:_get_dedicated_lane_profile:982 - 专用Lane分组G19剩余合同量1.0G无法满足1.1或3.6T-NEW有效容量下限
2026-06-24 18:08:55.959 | INFO     | arrange_library.core.scheduling.greedy_lane_scheduler:schedule:1163 - 形成1条专用Lane，剩余340个碱基不均衡文库
2026-06-24 18:08:56.806 | INFO     | arrange_library.core.scheduling.greedy_lane_scheduler:schedule:1235 - 第二轮排机: 1773 个未分配文库（wkdeliverydate优先，轮转起点）
2026-06-24 18:08:57.482 | INFO     | arrange_library.core.scheduling.greedy_lane_scheduler:schedule:1251 - 第三轮排机: 1773 个未分配文库（小文库优先）
2026-06-24 18:09:01.376 | INFO     | arrange_library.core.scheduling.greedy_lane_scheduler:schedule:1294 - 连续5轮无新Lane且未分配池不变，提前结束无效重试
2026-06-24 18:09:01.378 | INFO     | arrange_library.core.scheduling.greedy_lane_scheduler:_get_dedicated_lane_profile:982 - 专用Lane分组G26剩余合同量456.4G无法满足1.1或3.6T-NEW有效容量下限
2026-06-24 18:09:01.379 | INFO     | arrange_library.core.scheduling.greedy_lane_scheduler:_get_dedicated_lane_profile:982 - 专用Lane分组G36剩余合同量76.8G无法满足1.1或3.6T-NEW有效容量下限
2026-06-24 18:09:01.379 | INFO     | arrange_library.core.scheduling.greedy_lane_scheduler:_get_dedicated_lane_profile:982 - 专用Lane分组G25剩余合同量35.5G无法满足1.1或3.6T-NEW有效容量下限
2026-06-24 18:09:01.379 | INFO     | arrange_library.core.scheduling.greedy_lane_scheduler:_get_dedicated_lane_profile:982 - 专用Lane分组G8剩余合同量12.0G无法满足1.1或3.6T-NEW有效容量下限
2026-06-24 18:09:01.380 | INFO     | arrange_library.core.scheduling.greedy_lane_scheduler:_get_dedicated_lane_profile:982 - 专用Lane分组G50剩余合同量27.0G无法满足1.1或3.6T-NEW有效容量下限
2026-06-24 18:09:01.380 | INFO     | arrange_library.core.scheduling.greedy_lane_scheduler:_get_dedicated_lane_profile:982 - 专用Lane分组G27剩余合同量5.0G无法满足1.1或3.6T-NEW有效容量下限
2026-06-24 18:09:01.380 | INFO     | arrange_library.core.scheduling.greedy_lane_scheduler:_get_dedicated_lane_profile:982 - 专用Lane分组G29剩余合同量5.0G无法满足1.1或3.6T-NEW有效容量下限
2026-06-24 18:09:01.381 | INFO     | arrange_library.core.scheduling.greedy_lane_scheduler:_get_dedicated_lane_profile:982 - 专用Lane分组G5剩余合同量222.0G无法满足1.1或3.6T-NEW有效容量下限
2026-06-24 18:09:01.381 | INFO     | arrange_library.core.scheduling.greedy_lane_scheduler:_get_dedicated_lane_profile:982 - 专用Lane分组G16剩余合同量65.4G无法满足1.1或3.6T-NEW有效容量下限
2026-06-24 18:09:01.381 | INFO     | arrange_library.core.scheduling.greedy_lane_scheduler:_get_dedicated_lane_profile:982 - 专用Lane分组G7剩余合同量94.7G无法满足1.1或3.6T-NEW有效容量下限
2026-06-24 18:09:01.382 | INFO     | arrange_library.core.scheduling.greedy_lane_scheduler:_get_dedicated_lane_profile:982 - 专用Lane分组G6剩余合同量78.4G无法满足1.1或3.6T-NEW有效容量下限
2026-06-24 18:09:01.382 | INFO     | arrange_library.core.scheduling.greedy_lane_scheduler:_get_dedicated_lane_profile:982 - 专用Lane分组G4剩余合同量100.0G无法满足1.1或3.6T-NEW有效容量下限
2026-06-24 18:09:01.382 | INFO     | arrange_library.core.scheduling.greedy_lane_scheduler:_get_dedicated_lane_profile:982 - 专用Lane分组G35剩余合同量50.0G无法满足1.1或3.6T-NEW有效容量下限
2026-06-24 18:09:01.382 | INFO     | arrange_library.core.scheduling.greedy_lane_scheduler:_get_dedicated_lane_profile:982 - 专用Lane分组G19剩余合同量1.0G无法满足1.1或3.6T-NEW有效容量下限
2026-06-24 18:09:01.382 | INFO     | arrange_library.core.scheduling.greedy_lane_scheduler:_get_dedicated_lane_profile:982 - 专用Lane分组G58剩余合同量300.0G无法满足1.1或3.6T-NEW有效容量下限
2026-06-24 18:09:01.383 | INFO     | arrange_library.core.scheduling.greedy_lane_scheduler:_build_imbalance_dedicated_lanes:1048 - 专用Lane创建完成: 0条Lane, 340个碱基不均衡文库待分配, 1433个中性文库待分配
2026-06-24 18:09:01.383 | INFO     | arrange_library.core.scheduling.greedy_lane_scheduler:schedule:1385 - 最后填充策略: 尝试将1773个未分配文库塞入已有Lane
2026-06-24 18:09:01.811 | INFO     | arrange_library.core.scheduling.greedy_lane_scheduler:_optimize_by_redistribution:6239 - 挪移优化: 未分配数据量14261GB已足够，尝试精选组建新Lane
2026-06-24 18:09:01.820 | INFO     | arrange_library.core.scheduling.greedy_lane_scheduler:_try_form_lane_from_unassigned:6510 - 残余精选: 内部1557个, 客户216个
2026-06-24 18:09:02.190 | INFO     | arrange_library.core.constraints.lane_validator:__init__:163 - 成Lane校验程序初始化完成 (严格模式: True, 碱基不均衡上限: 35%, 特殊文库关键词: 9个)
2026-06-24 18:09:02.191 | INFO     | arrange_library.core.scheduling.greedy_lane_scheduler:_try_form_lane_from_unassigned:6601 - 残余精选: 验证失败 - ValidationError(rule_type=<ValidationRuleType.BASE_IMBALANCE_RATIO: 'base_imbalance_ratio'>, severity=<ValidationSeverity.ERROR: 'error'>, message='碱基不均衡占比82.3%超过35%限制', current_value=0.8226164079822617, threshold_value=0.35, affected_libraries=[14323753, 14322750, 14336805, 14336804, 14336813, 14336809, 14324481, 14333559, 14333561, 14333568, 14333567, 14333558, 14333562, 14333566, 14324448, 14336802, 14336825]), ValidationError(rule_type=<ValidationRuleType.RULE_MATRIX_CONSTRAINT: 'rule_matrix_constraint'>, severity=<ValidationSeverity.ERROR: 'error'>, message='组合1与组合2文库类型不可混排', current_value=None, threshold_value=None, affected_libraries=[])
2026-06-24 18:09:02.191 | INFO     | arrange_library.core.scheduling.greedy_lane_scheduler:_optimize_by_redistribution:6243 - 挪移优化: 精选组建失败，继续尝试挪移策略
2026-06-24 18:09:02.191 | INFO     | arrange_library.core.scheduling.greedy_lane_scheduler:_optimize_by_redistribution:6246 - 挪移优化: 未分配1773个文库(14261GB)，需要从现有Lane挪出-12166GB
2026-06-24 18:09:02.208 | WARNING  | arrange_library.core.scheduling.greedy_lane_scheduler:_optimize_by_redistribution:6470 - 挪移优化: 新Lane GL_Nova X-25B_009 验证失败: 容量超限: 14261.5GB > 2255.0GB，放弃创建
2026-06-24 18:09:02.210 | INFO     | arrange_library.core.scheduling.greedy_lane_scheduler:schedule:1826 - 逐Lane贪心排机完成 - Lane数: 1, 已分配: 7/1780, 未分配: 1773, 平均利用率: 97.1%, 耗时: 6.27秒
2026-06-24 18:09:02.210 | INFO     | arrange_library.core.constraints.lane_validator:__init__:163 - 成Lane校验程序初始化完成 (严格模式: False, 碱基不均衡上限: 35%, 特殊文库关键词: 9个)
2026-06-24 18:09:02.211 | INFO     | arrange_library.core.scheduling.greedy_lane_scheduler:_validate_all_lanes:2188 - 最终验证结果: 1条Lane通过，1773个文库未分配
2026-06-24 18:09:02.568 | INFO     | __main__:_build_global_round_robin_lane:5708 - 全局轮转混排未成Lane: prefix=G1, pool_size=1773, best=0个/0.0G, min=2095.0G
2026-06-24 18:09:02.568 | INFO     | __main__:test_with_model:20122 - wkspecialsplits边排边检查完成: 无需调整
2026-06-24 18:09:02.568 | INFO     | __main__:test_with_model:20157 - 验证完成：1条Lane通过验证
2026-06-24 18:09:02.568 | INFO     | __main__:test_with_model:20178 - 57规则二次改排救援已关闭，失败Lane文库回收到未分配池
2026-06-24 18:09:02.572 | INFO     | __main__:_should_skip_expensive_rescue_stage:2713 - 高成本救援(EX/RB)跳过: 未分配池过大=1773个/14261.5G，优先保证主排机时效
2026-06-24 18:09:02.616 | INFO     | __main__:_build_global_round_robin_lane:5708 - 全局轮转混排未成Lane: prefix=G1, pool_size=1773, best=0个/0.0G, min=2095.0G
2026-06-24 18:09:02.616 | INFO     | __main__:test_with_model:20418 - 剩余库全局轮转混排未新增Lane: 剩余未分配=1773
2026-06-24 18:09:02.619 | INFO     | __main__:test_with_model:20448 - 脚本内置 Pooling 预测已停用，后续统一调用 prediction_delivery
2026-06-24 18:09:02.736 | INFO     | __main__:arrange_library:21053 - 1.1首轮二次补排启动: 首轮剩余文库=1773个
2026-06-24 18:09:02.736 | INFO     | __main__:arrange_library:21054 - 1.1首轮二次补排策略: expensive_rescue=True, peak_window_mixed=True, post_fill_optimization=True
2026-06-24 18:09:02.940 | INFO     | __main__:test_with_model:19997 - 
================================================================================
2026-06-24 18:09:02.940 | INFO     | __main__:test_with_model:19998 - 排机流程：纯规则排机
2026-06-24 18:09:02.940 | INFO     | __main__:test_with_model:19999 - ================================================================================
2026-06-24 18:09:02.940 | INFO     | arrange_library.core.constraints.index_validator_verified:__init__:80 - Index校验器初始化完成（真实数据验证版本）
2026-06-24 18:09:02.940 | INFO     | arrange_library.core.constraints.lane_validator:__init__:163 - 成Lane校验程序初始化完成 (严格模式: True, 碱基不均衡上限: 35%, 特殊文库关键词: 9个)
2026-06-24 18:09:02.942 | WARNING  | arrange_library.core.ai.pooling_coefficient_optimizer:_load_config:40 - Pooling配置表不存在: /data/work/yuyongpeng/liblane_v2_deepseek/data/wktype_pooling_config.xlsx，将使用默认策略
2026-06-24 18:09:02.942 | INFO     | arrange_library.core.ai.pooling_coefficient_optimizer:_load_efficiency_corrections:185 - 产出效率修正表不存在: /data/work/yuyongpeng/liblane_v2_deepseek/data/production_efficiency_correction.csv，跳过后校准
2026-06-24 18:09:02.942 | WARNING  | arrange_library.core.ai.loutput_predictor_wrapper:_load_model:150 - 模型文件不存在: models/loutput_pre_lane_v5/lightgbm_model.pkl
2026-06-24 18:09:02.942 | WARNING  | arrange_library.core.ai.pooling_coefficient_optimizer:__init__:164 - loutput预测器不可用，将使用规则降级策略
2026-06-24 18:09:02.942 | INFO     | arrange_library.core.scheduling.greedy_lane_scheduler:__init__:264 - 逐Lane贪心排机器初始化完成 - 基础容量: 985.0GB, 利用率区间: [100%, 100%], 配置模式: 按机型自动
2026-06-24 18:09:02.942 | INFO     | arrange_library.core.scheduling.greedy_lane_scheduler:__init__:267 - 启用检查: Index=True, 碱基不均衡=True, 规则检查器=False
2026-06-24 18:09:02.942 | INFO     | __main__:test_with_model:20025 - 排机阶段：Pooling优化器已禁用（V6流程不需要）
2026-06-24 18:09:02.943 | INFO     | arrange_library.core.constraints.lane_validator:__init__:163 - 成Lane校验程序初始化完成 (严格模式: True, 碱基不均衡上限: 35%, 特殊文库关键词: 9个)
2026-06-24 18:09:02.943 | INFO     | __main__:test_with_model:20029 - 严格校验容量区间改为按统一配置表动态解析
2026-06-24 18:09:02.952 | INFO     | __main__:test_with_model:20051 - 主流程前置拆分完成: 无需拆分
2026-06-24 18:09:03.350 | INFO     | __main__:_extract_mixed_lanes_by_peak_window:8174 - 混排Peak窗口: 345-495bp, 1635个文库/13036G, 理论最多6条Lane
2026-06-24 18:09:03.872 | INFO     | __main__:_extract_mixed_lanes_by_peak_window:8210 - 混排Lane预抽取完成: 新增Lane=0，使用文库=0个/0.0G，剩余待排=1773个/14261.5G
2026-06-24 18:09:03.872 | INFO     | arrange_library.core.scheduling.greedy_lane_scheduler:schedule:1083 - 开始逐Lane贪心排机 - 文库数: 1773
2026-06-24 18:09:03.873 | INFO     | arrange_library.core.scheduling.greedy_lane_scheduler:schedule:1093 - 预拆分完成: 使用外层已拆分文库
2026-06-24 18:09:03.878 | INFO     | arrange_library.core.scheduling.greedy_lane_scheduler:_run_batch_analysis:468 - ===== 批次全局分析报告 =====
2026-06-24 18:09:03.878 | INFO     | arrange_library.core.scheduling.greedy_lane_scheduler:_run_batch_analysis:468 - 机器类型: Nova X-25B
2026-06-24 18:09:03.878 | INFO     | arrange_library.core.scheduling.greedy_lane_scheduler:_run_batch_analysis:468 - 文库总数: 1773
2026-06-24 18:09:03.878 | INFO     | arrange_library.core.scheduling.greedy_lane_scheduler:_run_batch_analysis:468 - 总数据量: 14261.5 GB
2026-06-24 18:09:03.878 | INFO     | arrange_library.core.scheduling.greedy_lane_scheduler:_run_batch_analysis:468 - 预估Lane数: 7~7
2026-06-24 18:09:03.878 | INFO     | arrange_library.core.scheduling.greedy_lane_scheduler:_run_batch_analysis:468 - --- 特征标记 ---
2026-06-24 18:09:03.878 | INFO     | arrange_library.core.scheduling.greedy_lane_scheduler:_run_batch_analysis:468 -   包Lane文库: 无
2026-06-24 18:09:03.878 | INFO     | arrange_library.core.scheduling.greedy_lane_scheduler:_run_batch_analysis:468 -   碱基不均衡: 有
2026-06-24 18:09:03.878 | INFO     | arrange_library.core.scheduling.greedy_lane_scheduler:_run_batch_analysis:468 -   客户文库:   无
2026-06-24 18:09:03.878 | INFO     | arrange_library.core.scheduling.greedy_lane_scheduler:_run_batch_analysis:468 -   10bp文库:   有
2026-06-24 18:09:03.878 | INFO     | arrange_library.core.scheduling.greedy_lane_scheduler:_run_batch_analysis:468 -   非10bp文库: 有
2026-06-24 18:09:03.878 | INFO     | arrange_library.core.scheduling.greedy_lane_scheduler:_run_batch_analysis:468 -   特殊组合:   有
2026-06-24 18:09:03.878 | INFO     | arrange_library.core.scheduling.greedy_lane_scheduler:_run_batch_analysis:468 - --- 分组画像 ---
2026-06-24 18:09:03.878 | INFO     | arrange_library.core.scheduling.greedy_lane_scheduler:_run_batch_analysis:468 -   [imbalance] 碱基不均衡文库: 340个文库, 3295.1GB, 预估2~2条Lane
2026-06-24 18:09:03.878 | INFO     | arrange_library.core.scheduling.greedy_lane_scheduler:_run_batch_analysis:468 -   [non_10bp] 非10碱基文库: 315个文库, 2766.1GB, 预估2~2条Lane
2026-06-24 18:09:03.878 | INFO     | arrange_library.core.scheduling.greedy_lane_scheduler:_run_batch_analysis:468 -   [all] 全部文库: 1773个文库, 14261.5GB, 预估7~7条Lane
2026-06-24 18:09:03.878 | INFO     | arrange_library.core.scheduling.greedy_lane_scheduler:_run_batch_analysis:468 -   [10bp] 10碱基文库: 1458个文库, 11495.3GB, 预估6~6条Lane
2026-06-24 18:09:03.878 | INFO     | arrange_library.core.scheduling.greedy_lane_scheduler:_run_batch_analysis:468 -   [special_combo_b] 10X 3端/Visium组合: 8个文库, 488.9GB, 预估1~1条Lane
2026-06-24 18:09:03.878 | INFO     | arrange_library.core.scheduling.greedy_lane_scheduler:_run_batch_analysis:468 -   [special_combo_a] 10X 5端/VDJ组合: 63个文库, 1289.1GB, 预估1~1条Lane
2026-06-24 18:09:03.878 | INFO     | arrange_library.core.scheduling.greedy_lane_scheduler:_run_batch_analysis:468 - --- 专用Lane推荐 ---
2026-06-24 18:09:03.878 | INFO     | arrange_library.core.scheduling.greedy_lane_scheduler:_run_batch_analysis:468 -   [imbalance] 碱基不均衡文库数据量充足，可包专用Lane避免混排占比限制 - 约1条Lane, 3295.1GB, 置信度: high
2026-06-24 18:09:03.878 | INFO     | arrange_library.core.scheduling.greedy_lane_scheduler:_run_batch_analysis:468 -   [non_10bp] 非10bp文库集中排入专用Lane，避免触发10bp>=40%混排规则 - 约1条Lane, 2766.1GB, 置信度: medium
2026-06-24 18:09:03.878 | INFO     | arrange_library.core.scheduling.greedy_lane_scheduler:_run_batch_analysis:468 - --- 混排约束 ---
2026-06-24 18:09:03.878 | INFO     | arrange_library.core.scheduling.greedy_lane_scheduler:_run_batch_analysis:468 -   [tj_1595_special_combo_groups_not_mixed] special_combo_a vs special_combo_b: 10X 5端/VDJ 与 10X 3端/Visium 文库不可混排，必须分开
2026-06-24 18:09:03.878 | INFO     | arrange_library.core.scheduling.greedy_lane_scheduler:_run_batch_analysis:468 - --- 尾部风险 ---
2026-06-24 18:09:03.878 | INFO     | arrange_library.core.scheduling.greedy_lane_scheduler:_run_batch_analysis:468 -   [non_10bp] 非10碱基文库排完整Lane后剩余671.1GB，不足半Lane(1048GB)，需要大文库骨架携带或混入散样Lane - 671.1GB, 315个, 严重程度: medium
2026-06-24 18:09:03.878 | INFO     | arrange_library.core.scheduling.greedy_lane_scheduler:_run_batch_analysis:468 -   [special_combo_b] 10X 3端/Visium组合排完整Lane后剩余488.9GB，不足半Lane(998GB)，需要大文库骨架携带或混入散样Lane - 488.9GB, 8个, 严重程度: medium
2026-06-24 18:09:03.878 | INFO     | arrange_library.core.scheduling.greedy_lane_scheduler:_run_batch_analysis:468 - --- 策略建议 ---
2026-06-24 18:09:03.878 | INFO     | arrange_library.core.scheduling.greedy_lane_scheduler:_run_batch_analysis:468 -   - 碱基不均衡文库数据量充足，优先形成专用Lane
2026-06-24 18:09:03.878 | INFO     | arrange_library.core.scheduling.greedy_lane_scheduler:_run_batch_analysis:468 -   - 非10bp文库建议走专用Lane，避免10bp>=40%混排红线
2026-06-24 18:09:03.878 | INFO     | arrange_library.core.scheduling.greedy_lane_scheduler:_run_batch_analysis:468 - ===== 报告结束 =====
2026-06-24 18:09:03.878 | INFO     | arrange_library.core.scheduling.greedy_lane_scheduler:_run_batch_analysis:474 - 保留外部传入的策略执行计划，仅使用批次分析报告
2026-06-24 18:09:03.881 | INFO     | arrange_library.core.scheduling.greedy_lane_scheduler:schedule:1129 - 处理机器类型 Nova X-25B - 文库数: 1773 - Lane容量: 1050.0GB, 利用率区间: [100%, 100%], 碱基不均占比上限: 35%
2026-06-24 18:09:03.882 | INFO     | arrange_library.core.scheduling.greedy_lane_scheduler:schedule:1157 - 碱基不均衡专用Lane策略: 340个碱基不均衡文库
2026-06-24 18:09:03.884 | INFO     | arrange_library.core.scheduling.greedy_lane_scheduler:_get_dedicated_lane_profile:982 - 专用Lane分组G26剩余合同量456.4G无法满足1.1或3.6T-NEW有效容量下限
2026-06-24 18:09:03.884 | INFO     | arrange_library.core.scheduling.greedy_lane_scheduler:_get_dedicated_lane_profile:982 - 专用Lane分组G36剩余合同量76.8G无法满足1.1或3.6T-NEW有效容量下限
2026-06-24 18:09:03.885 | INFO     | arrange_library.core.scheduling.greedy_lane_scheduler:_get_dedicated_lane_profile:982 - 专用Lane分组G25剩余合同量35.5G无法满足1.1或3.6T-NEW有效容量下限
2026-06-24 18:09:03.885 | INFO     | arrange_library.core.scheduling.greedy_lane_scheduler:_get_dedicated_lane_profile:982 - 专用Lane分组G8剩余合同量12.0G无法满足1.1或3.6T-NEW有效容量下限
2026-06-24 18:09:03.885 | INFO     | arrange_library.core.scheduling.greedy_lane_scheduler:_get_dedicated_lane_profile:982 - 专用Lane分组G50剩余合同量27.0G无法满足1.1或3.6T-NEW有效容量下限
2026-06-24 18:09:03.886 | INFO     | arrange_library.core.scheduling.greedy_lane_scheduler:_get_dedicated_lane_profile:982 - 专用Lane分组G27剩余合同量5.0G无法满足1.1或3.6T-NEW有效容量下限
2026-06-24 18:09:03.886 | INFO     | arrange_library.core.scheduling.greedy_lane_scheduler:_get_dedicated_lane_profile:982 - 专用Lane分组G29剩余合同量5.0G无法满足1.1或3.6T-NEW有效容量下限
2026-06-24 18:09:03.886 | INFO     | arrange_library.core.scheduling.greedy_lane_scheduler:_get_dedicated_lane_profile:982 - 专用Lane分组G5剩余合同量222.0G无法满足1.1或3.6T-NEW有效容量下限
2026-06-24 18:09:03.887 | INFO     | arrange_library.core.scheduling.greedy_lane_scheduler:_get_dedicated_lane_profile:982 - 专用Lane分组G16剩余合同量65.4G无法满足1.1或3.6T-NEW有效容量下限
2026-06-24 18:09:03.887 | INFO     | arrange_library.core.scheduling.greedy_lane_scheduler:_get_dedicated_lane_profile:982 - 专用Lane分组G7剩余合同量94.7G无法满足1.1或3.6T-NEW有效容量下限
2026-06-24 18:09:03.887 | INFO     | arrange_library.core.scheduling.greedy_lane_scheduler:_get_dedicated_lane_profile:982 - 专用Lane分组G6剩余合同量78.4G无法满足1.1或3.6T-NEW有效容量下限
2026-06-24 18:09:03.888 | INFO     | arrange_library.core.scheduling.greedy_lane_scheduler:_get_dedicated_lane_profile:982 - 专用Lane分组G4剩余合同量100.0G无法满足1.1或3.6T-NEW有效容量下限
2026-06-24 18:09:03.888 | INFO     | arrange_library.core.scheduling.greedy_lane_scheduler:_get_dedicated_lane_profile:982 - 专用Lane分组G35剩余合同量50.0G无法满足1.1或3.6T-NEW有效容量下限
2026-06-24 18:09:03.888 | INFO     | arrange_library.core.scheduling.greedy_lane_scheduler:_get_dedicated_lane_profile:982 - 专用Lane分组G19剩余合同量1.0G无法满足1.1或3.6T-NEW有效容量下限
2026-06-24 18:09:03.888 | INFO     | arrange_library.core.scheduling.greedy_lane_scheduler:_get_dedicated_lane_profile:982 - 专用Lane分组G58剩余合同量300.0G无法满足1.1或3.6T-NEW有效容量下限
2026-06-24 18:09:03.888 | INFO     | arrange_library.core.scheduling.greedy_lane_scheduler:schedule:1163 - 形成0条专用Lane，剩余340个碱基不均衡文库
2026-06-24 18:09:04.642 | INFO     | arrange_library.core.scheduling.greedy_lane_scheduler:schedule:1235 - 第二轮排机: 1773 个未分配文库（wkdeliverydate优先，轮转起点）
2026-06-24 18:09:05.283 | INFO     | arrange_library.core.scheduling.greedy_lane_scheduler:schedule:1251 - 第三轮排机: 1773 个未分配文库（小文库优先）
2026-06-24 18:09:09.139 | INFO     | arrange_library.core.scheduling.greedy_lane_scheduler:schedule:1294 - 连续5轮无新Lane且未分配池不变，提前结束无效重试
2026-06-24 18:09:09.141 | INFO     | arrange_library.core.scheduling.greedy_lane_scheduler:_get_dedicated_lane_profile:982 - 专用Lane分组G26剩余合同量456.4G无法满足1.1或3.6T-NEW有效容量下限
2026-06-24 18:09:09.142 | INFO     | arrange_library.core.scheduling.greedy_lane_scheduler:_get_dedicated_lane_profile:982 - 专用Lane分组G36剩余合同量76.8G无法满足1.1或3.6T-NEW有效容量下限
2026-06-24 18:09:09.142 | INFO     | arrange_library.core.scheduling.greedy_lane_scheduler:_get_dedicated_lane_profile:982 - 专用Lane分组G25剩余合同量35.5G无法满足1.1或3.6T-NEW有效容量下限
2026-06-24 18:09:09.142 | INFO     | arrange_library.core.scheduling.greedy_lane_scheduler:_get_dedicated_lane_profile:982 - 专用Lane分组G8剩余合同量12.0G无法满足1.1或3.6T-NEW有效容量下限
2026-06-24 18:09:09.143 | INFO     | arrange_library.core.scheduling.greedy_lane_scheduler:_get_dedicated_lane_profile:982 - 专用Lane分组G50剩余合同量27.0G无法满足1.1或3.6T-NEW有效容量下限
2026-06-24 18:09:09.143 | INFO     | arrange_library.core.scheduling.greedy_lane_scheduler:_get_dedicated_lane_profile:982 - 专用Lane分组G27剩余合同量5.0G无法满足1.1或3.6T-NEW有效容量下限
2026-06-24 18:09:09.143 | INFO     | arrange_library.core.scheduling.greedy_lane_scheduler:_get_dedicated_lane_profile:982 - 专用Lane分组G29剩余合同量5.0G无法满足1.1或3.6T-NEW有效容量下限
2026-06-24 18:09:09.143 | INFO     | arrange_library.core.scheduling.greedy_lane_scheduler:_get_dedicated_lane_profile:982 - 专用Lane分组G5剩余合同量222.0G无法满足1.1或3.6T-NEW有效容量下限
2026-06-24 18:09:09.144 | INFO     | arrange_library.core.scheduling.greedy_lane_scheduler:_get_dedicated_lane_profile:982 - 专用Lane分组G16剩余合同量65.4G无法满足1.1或3.6T-NEW有效容量下限
2026-06-24 18:09:09.144 | INFO     | arrange_library.core.scheduling.greedy_lane_scheduler:_get_dedicated_lane_profile:982 - 专用Lane分组G7剩余合同量94.7G无法满足1.1或3.6T-NEW有效容量下限
2026-06-24 18:09:09.144 | INFO     | arrange_library.core.scheduling.greedy_lane_scheduler:_get_dedicated_lane_profile:982 - 专用Lane分组G6剩余合同量78.4G无法满足1.1或3.6T-NEW有效容量下限
2026-06-24 18:09:09.145 | INFO     | arrange_library.core.scheduling.greedy_lane_scheduler:_get_dedicated_lane_profile:982 - 专用Lane分组G4剩余合同量100.0G无法满足1.1或3.6T-NEW有效容量下限
2026-06-24 18:09:09.145 | INFO     | arrange_library.core.scheduling.greedy_lane_scheduler:_get_dedicated_lane_profile:982 - 专用Lane分组G35剩余合同量50.0G无法满足1.1或3.6T-NEW有效容量下限
2026-06-24 18:09:09.145 | INFO     | arrange_library.core.scheduling.greedy_lane_scheduler:_get_dedicated_lane_profile:982 - 专用Lane分组G19剩余合同量1.0G无法满足1.1或3.6T-NEW有效容量下限
2026-06-24 18:09:09.145 | INFO     | arrange_library.core.scheduling.greedy_lane_scheduler:_get_dedicated_lane_profile:982 - 专用Lane分组G58剩余合同量300.0G无法满足1.1或3.6T-NEW有效容量下限
2026-06-24 18:09:09.145 | INFO     | arrange_library.core.scheduling.greedy_lane_scheduler:_build_imbalance_dedicated_lanes:1048 - 专用Lane创建完成: 0条Lane, 340个碱基不均衡文库待分配, 1433个中性文库待分配
2026-06-24 18:09:09.145 | INFO     | arrange_library.core.scheduling.greedy_lane_scheduler:schedule:1826 - 逐Lane贪心排机完成 - Lane数: 0, 已分配: 0/1773, 未分配: 1773, 平均利用率: 0.0%, 耗时: 5.27秒
2026-06-24 18:09:09.146 | INFO     | arrange_library.core.constraints.lane_validator:__init__:163 - 成Lane校验程序初始化完成 (严格模式: False, 碱基不均衡上限: 35%, 特殊文库关键词: 9个)
2026-06-24 18:09:09.146 | INFO     | arrange_library.core.scheduling.greedy_lane_scheduler:_validate_all_lanes:2188 - 最终验证结果: 0条Lane通过，1773个文库未分配
2026-06-24 18:09:09.184 | INFO     | __main__:_build_global_round_robin_lane:5708 - 全局轮转混排未成Lane: prefix=G1, pool_size=1773, best=0个/0.0G, min=2095.0G
2026-06-24 18:09:09.184 | INFO     | __main__:test_with_model:20122 - wkspecialsplits边排边检查完成: 无需调整
2026-06-24 18:09:09.184 | INFO     | __main__:test_with_model:20157 - 验证完成：0条Lane通过验证
2026-06-24 18:09:09.184 | INFO     | __main__:test_with_model:20178 - 57规则二次改排救援已关闭，失败Lane文库回收到未分配池
2026-06-24 18:09:09.187 | INFO     | __main__:_should_skip_expensive_rescue_stage:2700 - 高成本救援(EX/RB)跳过: 当前0条Lane通过验证，未分配池=1773个/14261.5G，继续做高成本救援收益过低
2026-06-24 18:09:09.227 | INFO     | __main__:_build_global_round_robin_lane:5708 - 全局轮转混排未成Lane: prefix=G1, pool_size=1773, best=0个/0.0G, min=2095.0G
2026-06-24 18:09:09.227 | INFO     | __main__:test_with_model:20418 - 剩余库全局轮转混排未新增Lane: 剩余未分配=1773
2026-06-24 18:09:09.230 | INFO     | __main__:test_with_model:20448 - 脚本内置 Pooling 预测已停用，后续统一调用 prediction_delivery
2026-06-24 18:09:09.234 | INFO     | __main__:arrange_library:21124 - 1.1首轮二次补排完成: 新增Lane=0, 剩余文库=1773
2026-06-24 18:09:09.243 | INFO     | __main__:arrange_library:21137 - 1.1首轮剩余中7个<=500G未拆分原始文库继续保留给1.1尾货抽取，不进入普通3.6T候选池
2026-06-24 18:09:09.243 | INFO     | __main__:arrange_library:21143 - 步骤1.5-3候选池接收1.1剩余可进3.6T文库1766个，继续进入3.6T-NEW
2026-06-24 18:09:09.243 | INFO     | __main__:arrange_library:21147 - 1.1首轮排机完成: 生成1条Lane
2026-06-24 18:09:09.243 | INFO     | __main__:arrange_library:21167 - 步骤1.5后追加<=500G未拆分原始文库到尾货1.1池: 7个
2026-06-24 18:09:09.243 | INFO     | __main__:arrange_library:21172 - 1.1首轮排机阶段完成: 3.6T-NEW后续候选池=1774个文库, 1.1 Lane=1条
2026-06-24 18:09:09.256 | INFO     | __main__:arrange_library:21206 - 
================================================================================
2026-06-24 18:09:09.256 | INFO     | __main__:arrange_library:21207 - 步骤1.6: 尾货1.1专Lane、纯不均混排与普通Lane二次抽取
2026-06-24 18:09:09.256 | INFO     | __main__:arrange_library:21208 - ================================================================================
2026-06-24 18:09:09.257 | INFO     | arrange_library.core.constraints.index_validator_verified:__init__:80 - Index校验器初始化完成（真实数据验证版本）
2026-06-24 18:09:09.258 | INFO     | arrange_library.core.constraints.lane_validator:__init__:163 - 成Lane校验程序初始化完成 (严格模式: True, 碱基不均衡上限: 35%, 特殊文库关键词: 9个)
2026-06-24 18:09:09.259 | WARNING  | arrange_library.core.ai.pooling_coefficient_optimizer:_load_config:40 - Pooling配置表不存在: /data/work/yuyongpeng/liblane_v2_deepseek/data/wktype_pooling_config.xlsx，将使用默认策略
2026-06-24 18:09:09.259 | INFO     | arrange_library.core.ai.pooling_coefficient_optimizer:_load_efficiency_corrections:185 - 产出效率修正表不存在: /data/work/yuyongpeng/liblane_v2_deepseek/data/production_efficiency_correction.csv，跳过后校准
2026-06-24 18:09:09.259 | WARNING  | arrange_library.core.ai.loutput_predictor_wrapper:_load_model:150 - 模型文件不存在: models/loutput_pre_lane_v5/lightgbm_model.pkl
2026-06-24 18:09:09.259 | WARNING  | arrange_library.core.ai.pooling_coefficient_optimizer:__init__:164 - loutput预测器不可用，将使用规则降级策略
2026-06-24 18:09:09.259 | INFO     | arrange_library.core.scheduling.greedy_lane_scheduler:__init__:264 - 逐Lane贪心排机器初始化完成 - 基础容量: 985.0GB, 利用率区间: [100%, 100%], 配置模式: 按机型自动
2026-06-24 18:09:09.259 | INFO     | arrange_library.core.scheduling.greedy_lane_scheduler:__init__:267 - 启用检查: Index=True, 碱基不均衡=True, 规则检查器=False
2026-06-24 18:09:09.260 | INFO     | arrange_library.core.scheduling.greedy_lane_scheduler:_get_dedicated_lane_profile:982 - 专用Lane分组G26剩余合同量456.4G无法满足1.1或3.6T-NEW有效容量下限
2026-06-24 18:09:09.261 | INFO     | arrange_library.core.scheduling.greedy_lane_scheduler:_get_dedicated_lane_profile:982 - 专用Lane分组G36剩余合同量76.8G无法满足1.1或3.6T-NEW有效容量下限
2026-06-24 18:09:09.261 | INFO     | arrange_library.core.scheduling.greedy_lane_scheduler:_get_dedicated_lane_profile:982 - 专用Lane分组G25剩余合同量35.5G无法满足1.1或3.6T-NEW有效容量下限
2026-06-24 18:09:09.261 | INFO     | arrange_library.core.scheduling.greedy_lane_scheduler:_get_dedicated_lane_profile:982 - 专用Lane分组G8剩余合同量12.0G无法满足1.1或3.6T-NEW有效容量下限
2026-06-24 18:09:09.261 | INFO     | arrange_library.core.scheduling.greedy_lane_scheduler:_get_dedicated_lane_profile:982 - 专用Lane分组G50剩余合同量27.0G无法满足1.1或3.6T-NEW有效容量下限
2026-06-24 18:09:09.261 | INFO     | arrange_library.core.scheduling.greedy_lane_scheduler:_get_dedicated_lane_profile:982 - 专用Lane分组G27剩余合同量5.0G无法满足1.1或3.6T-NEW有效容量下限
2026-06-24 18:09:09.261 | INFO     | arrange_library.core.scheduling.greedy_lane_scheduler:_get_dedicated_lane_profile:982 - 专用Lane分组G29剩余合同量5.0G无法满足1.1或3.6T-NEW有效容量下限
2026-06-24 18:09:09.262 | INFO     | arrange_library.core.scheduling.greedy_lane_scheduler:_get_dedicated_lane_profile:982 - 专用Lane分组G5剩余合同量222.0G无法满足1.1或3.6T-NEW有效容量下限
2026-06-24 18:09:09.262 | INFO     | arrange_library.core.scheduling.greedy_lane_scheduler:_get_dedicated_lane_profile:982 - 专用Lane分组G16剩余合同量65.4G无法满足1.1或3.6T-NEW有效容量下限
2026-06-24 18:09:09.262 | INFO     | arrange_library.core.scheduling.greedy_lane_scheduler:_get_dedicated_lane_profile:982 - 专用Lane分组G7剩余合同量94.7G无法满足1.1或3.6T-NEW有效容量下限
2026-06-24 18:09:09.262 | INFO     | arrange_library.core.scheduling.greedy_lane_scheduler:_get_dedicated_lane_profile:982 - 专用Lane分组G6剩余合同量78.4G无法满足1.1或3.6T-NEW有效容量下限
2026-06-24 18:09:09.262 | INFO     | arrange_library.core.scheduling.greedy_lane_scheduler:_get_dedicated_lane_profile:982 - 专用Lane分组G4剩余合同量100.0G无法满足1.1或3.6T-NEW有效容量下限
2026-06-24 18:09:09.263 | INFO     | arrange_library.core.scheduling.greedy_lane_scheduler:_get_dedicated_lane_profile:982 - 专用Lane分组G35剩余合同量50.0G无法满足1.1或3.6T-NEW有效容量下限
2026-06-24 18:09:09.263 | INFO     | arrange_library.core.scheduling.greedy_lane_scheduler:_get_dedicated_lane_profile:982 - 专用Lane分组G19剩余合同量1.0G无法满足1.1或3.6T-NEW有效容量下限
2026-06-24 18:09:09.263 | INFO     | arrange_library.core.scheduling.greedy_lane_scheduler:_get_dedicated_lane_profile:982 - 专用Lane分组G58剩余合同量300.0G无法满足1.1或3.6T-NEW有效容量下限
2026-06-24 18:09:09.263 | INFO     | __main__:arrange_library:21232 - 尾货1.1碱基不均衡专Lane二次抽取未形成新Lane
2026-06-24 18:09:32.291 | INFO     | __main__:_consume_g55_imbalance_as_mode_lanes:16891 - 步骤1.6 G55跨基础组碱基不均1.1专Lane未成Lane: 候选311个/3212.1G, 1.1真实量窗口=[1990.2,2142.2]G, validation_attempts=0, top_failures=[('g55_budgeted_fill_duplicate', 3048), ('g55_budgeted_seed_customer_ratio', 1937), ('g55_budgeted_fill_index_conflict', 1602), ('g55_budgeted_seed_high_phix_ratio', 1075), ('g55_budgeted_fill_high_phix_ratio', 976)]
2026-06-24 18:09:32.292 | INFO     | __main__:arrange_library:21256 - 尾货G55跨基础组碱基不均1.1专Lane未形成新Lane
2026-06-24 18:09:33.464 | INFO     | __main__:_try_build_near_min_global_mode_1_1_lane_from_pool:9055 - 全局1.1近下限构Lane成功: group=normal, variant=large_first, lane=GL_Nova X-25B_001, 使用216个/2165.0G
2026-06-24 18:09:34.230 | INFO     | __main__:_try_build_near_min_global_mode_1_1_lane_from_pool:9055 - 全局1.1近下限构Lane成功: group=normal, variant=large_first, lane=GL_Nova X-25B_002, 使用191个/2100.6G
2026-06-24 18:09:36.929 | INFO     | __main__:_try_build_near_min_global_mode_1_1_lane_from_pool:9055 - 全局1.1近下限构Lane成功: group=normal, variant=large_first, lane=GL_Nova X-25B_003, 使用411个/2096.5G
2026-06-24 18:09:38.541 | INFO     | __main__:_try_build_near_min_global_mode_1_1_lane_from_pool:9055 - 全局1.1近下限构Lane成功: group=normal, variant=large_first, lane=GL_Nova X-25B_004, 使用328个/2096.9G
2026-06-24 18:09:40.905 | INFO     | __main__:_try_build_near_min_global_mode_1_1_lane_from_pool:9055 - 全局1.1近下限构Lane成功: group=normal, variant=large_first, lane=GL_Nova X-25B_005, 使用374个/2100.0G
2026-06-24 18:09:42.320 | INFO     | __main__:_try_build_near_min_global_mode_1_1_lane_from_pool:9082 - 全局1.1近下限构Lane早停: 连续3次构造变体未新增Lane，pool_size=253, pool_data=3702.5G
2026-06-24 18:09:42.321 | INFO     | __main__:_try_build_near_min_global_mode_1_1_lane_from_pool:9092 - 全局1.1近下限构Lane未成Lane: pool_size=253, pool_data=3702.5G, best=78个/963.0G/275对index, rejects={'imbalance_ratio': 669, 'incremental_index': 417}, validation_top=[]
2026-06-24 18:09:42.321 | INFO     | __main__:_try_build_global_mode_1_1_lane_from_pool:9247 - 全局1.1构Lane尝试: attempt=global_scattered_balance, lane_prefix=GL, pool_size=253, pool_data=3702.5G, prioritize_scattered_mix=True
2026-06-24 18:09:51.765 | INFO     | __main__:_attempt_build_lane_from_pool:5527 - 全局1.1构Lane失败诊断: prefix=GL, machine=Nova X-25B, pool_size=253, pool_data=3702.5G, attempts=2, index_retries=0, other_retries=1, best=133个/2246.6G/333对index, counters={'skip_incremental_index': 8360, 'skip_over_max': 53, 'full_validation_failed': 1}, validation_top=[('customer_production_mix_ratio: 手工/客户侧与产线混合Lane少数侧占比1.5%不符合规则(应>=5%)', 1), ('base_imbalance_ratio: 碱基不均衡占比72.7%超过35%限制', 1), ('rule_matrix_constraint: 组合1与组合2文库类型不可混排', 1)]
2026-06-24 18:09:51.765 | INFO     | __main__:_try_build_global_mode_1_1_lane_from_pool:9247 - 全局1.1构Lane尝试: attempt=global_budgeted_ratio, lane_prefix=GL, pool_size=253, pool_data=3702.5G, prioritize_scattered_mix=False
2026-06-24 18:09:56.858 | INFO     | __main__:_attempt_build_lane_from_pool:5527 - 全局1.1构Lane失败诊断: prefix=GL, machine=Nova X-25B, pool_size=253, pool_data=3702.5G, attempts=20, index_retries=0, other_retries=20, best=137个/2236.0G/337对index, counters={'skip_incremental_index': 2220, 'skip_over_max': 40, 'full_validation_failed': 20}, validation_top=[('rule_matrix_constraint: 组合1与组合2文库类型不可混排', 20), ('customer_production_mix_ratio: 手工/客户侧与产线混合Lane少数侧占比1.5%不符合规则(应>=5%)', 12), ('base_imbalance_ratio: 碱基不均衡占比70.7%超过35%限制', 10), ('customer_production_mix_ratio: 手工/客户侧与产线混合Lane少数侧占比1.6%不符合规则(应>=5%)', 8), ('base_imbalance_ratio: 碱基不均衡占比70.1%超过35%限制', 5), ('base_imbalance_ratio: 碱基不均衡占比70.0%超过35%限制', 3), ('base_imbalance_ratio: 碱基不均衡占比70.8%超过35%限制', 2)]
2026-06-24 18:09:56.859 | INFO     | __main__:_try_build_global_mode_1_1_lane_from_pool:9279 - 全局1.1构Lane未成Lane: lane_prefix=GL, pool_size=253, pool_data=3702.5G
2026-06-24 18:09:56.859 | INFO     | arrange_library.core.constraints.lane_validator:__init__:163 - 成Lane校验程序初始化完成 (严格模式: True, 碱基不均衡上限: 35%, 特殊文库关键词: 9个)
2026-06-24 18:09:56.864 | INFO     | __main__:arrange_library:21270 - 尾货1.1普通Lane二次抽取完成: 新增Lane=5, 消耗文库=1520, 剩余进入普通3.6T排机文库=254
2026-06-24 18:09:58.672 | INFO     | __main__:arrange_library:21325 - 步骤2前置分流: 6个<=500G未拆分原始文库已完成1.1多轮尝试但未成Lane；其中6个允许强制拆分后进3.6T，0个因拆分后过小保留未分配输出
2026-06-24 18:09:58.672 | INFO     | __main__:arrange_library:21333 - 
================================================================================
2026-06-24 18:09:58.672 | INFO     | __main__:arrange_library:21334 - 步骤2: 处理普通文库（使用GreedyLaneScheduler）
2026-06-24 18:09:58.672 | INFO     | __main__:arrange_library:21335 - ================================================================================
2026-06-24 18:09:58.689 | INFO     | __main__:_proactively_build_split_family_lanes_from_pool:18133 - 步骤2前置拆分家族构建未构建出完整拆分Lane
2026-06-24 18:09:58.690 | INFO     | arrange_library.core.constraints.index_validator_verified:__init__:80 - Index校验器初始化完成（真实数据验证版本）
2026-06-24 18:09:58.690 | INFO     | arrange_library.core.constraints.lane_validator:__init__:163 - 成Lane校验程序初始化完成 (严格模式: True, 碱基不均衡上限: 35%, 特殊文库关键词: 9个)
2026-06-24 18:09:58.691 | WARNING  | arrange_library.core.ai.pooling_coefficient_optimizer:_load_config:40 - Pooling配置表不存在: /data/work/yuyongpeng/liblane_v2_deepseek/data/wktype_pooling_config.xlsx，将使用默认策略
2026-06-24 18:09:58.692 | INFO     | arrange_library.core.ai.pooling_coefficient_optimizer:_load_efficiency_corrections:185 - 产出效率修正表不存在: /data/work/yuyongpeng/liblane_v2_deepseek/data/production_efficiency_correction.csv，跳过后校准
2026-06-24 18:09:58.692 | WARNING  | arrange_library.core.ai.loutput_predictor_wrapper:_load_model:150 - 模型文件不存在: models/loutput_pre_lane_v5/lightgbm_model.pkl
2026-06-24 18:09:58.692 | WARNING  | arrange_library.core.ai.pooling_coefficient_optimizer:__init__:164 - loutput预测器不可用，将使用规则降级策略
2026-06-24 18:09:58.692 | INFO     | arrange_library.core.scheduling.greedy_lane_scheduler:__init__:264 - 逐Lane贪心排机器初始化完成 - 基础容量: 985.0GB, 利用率区间: [100%, 100%], 配置模式: 按机型自动
2026-06-24 18:09:58.692 | INFO     | arrange_library.core.scheduling.greedy_lane_scheduler:__init__:267 - 启用检查: Index=True, 碱基不均衡=True, 规则检查器=False
2026-06-24 18:09:58.692 | INFO     | arrange_library.core.scheduling.greedy_lane_scheduler:_get_dedicated_lane_profile:982 - 专用Lane分组G26剩余合同量13.5G无法满足1.1或3.6T-NEW有效容量下限
2026-06-24 18:09:58.693 | INFO     | arrange_library.core.scheduling.greedy_lane_scheduler:_get_dedicated_lane_profile:982 - 专用Lane分组G36剩余合同量61.0G无法满足1.1或3.6T-NEW有效容量下限
2026-06-24 18:09:58.693 | INFO     | arrange_library.core.scheduling.greedy_lane_scheduler:_get_dedicated_lane_profile:982 - 专用Lane分组G29剩余合同量1.0G无法满足1.1或3.6T-NEW有效容量下限
2026-06-24 18:09:58.693 | INFO     | arrange_library.core.scheduling.greedy_lane_scheduler:_get_dedicated_lane_profile:982 - 专用Lane分组G5剩余合同量222.0G无法满足1.1或3.6T-NEW有效容量下限
2026-06-24 18:09:58.693 | INFO     | arrange_library.core.scheduling.greedy_lane_scheduler:_get_dedicated_lane_profile:982 - 专用Lane分组G7剩余合同量94.7G无法满足1.1或3.6T-NEW有效容量下限
2026-06-24 18:09:58.694 | INFO     | arrange_library.core.scheduling.greedy_lane_scheduler:_get_dedicated_lane_profile:982 - 专用Lane分组G6剩余合同量78.4G无法满足1.1或3.6T-NEW有效容量下限
2026-06-24 18:09:58.694 | INFO     | arrange_library.core.scheduling.greedy_lane_scheduler:_get_dedicated_lane_profile:982 - 专用Lane分组G4剩余合同量100.0G无法满足1.1或3.6T-NEW有效容量下限
2026-06-24 18:09:58.694 | INFO     | arrange_library.core.scheduling.greedy_lane_scheduler:_get_dedicated_lane_profile:982 - 专用Lane分组G19剩余合同量1.0G无法满足1.1或3.6T-NEW有效容量下限
2026-06-24 18:09:58.694 | INFO     | arrange_library.core.scheduling.greedy_lane_scheduler:_get_dedicated_lane_profile:982 - 专用Lane分组G58剩余合同量300.0G无法满足1.1或3.6T-NEW有效容量下限
2026-06-24 18:10:00.957 | INFO     | __main__:_consume_g53_g54_imbalance_as_mode_lanes:1630 - 步骤2前置3.6 G53/G54组合碱基不均专Lane未成Lane: group=G54, 候选12个/888.9G, 贪心选择12个/888.9G, 下限970.0G, top_failures=[('capacity_out_of_rule_range', 3304)]
2026-06-24 18:10:20.032 | INFO     | __main__:_consume_g55_imbalance_as_mode_lanes:16891 - 步骤2前置3.6 G55跨基础组碱基不均专Lane未成Lane: 候选136个/1654.5G, 3.6T-NEW真实量窗口=[945.2,1049.8]G, validation_attempts=63, top_failures=[('g55_budgeted_fill_duplicate', 5236), ('g55_budgeted_fill_index_conflict', 3052), ('g55_budgeted_seed_high_phix_ratio', 939), ('g55_budgeted_seed_customer_ratio', 524), ('g55_g53_g54_mix_forbidden', 280)]
2026-06-24 18:10:20.037 | INFO     | __main__:arrange_library:21419 - 排机超时保护已启动，最大允许时间: 10 分钟
2026-06-24 18:10:20.069 | INFO     | __main__:test_with_model:19997 - 
================================================================================
2026-06-24 18:10:20.069 | INFO     | __main__:test_with_model:19998 - 排机流程：纯规则排机
2026-06-24 18:10:20.069 | INFO     | __main__:test_with_model:19999 - ================================================================================
2026-06-24 18:10:20.069 | INFO     | arrange_library.core.constraints.index_validator_verified:__init__:80 - Index校验器初始化完成（真实数据验证版本）
2026-06-24 18:10:20.070 | INFO     | arrange_library.core.constraints.lane_validator:__init__:163 - 成Lane校验程序初始化完成 (严格模式: True, 碱基不均衡上限: 35%, 特殊文库关键词: 9个)
2026-06-24 18:10:20.071 | WARNING  | arrange_library.core.ai.pooling_coefficient_optimizer:_load_config:40 - Pooling配置表不存在: /data/work/yuyongpeng/liblane_v2_deepseek/data/wktype_pooling_config.xlsx，将使用默认策略
2026-06-24 18:10:20.071 | INFO     | arrange_library.core.ai.pooling_coefficient_optimizer:_load_efficiency_corrections:185 - 产出效率修正表不存在: /data/work/yuyongpeng/liblane_v2_deepseek/data/production_efficiency_correction.csv，跳过后校准
2026-06-24 18:10:20.071 | WARNING  | arrange_library.core.ai.loutput_predictor_wrapper:_load_model:150 - 模型文件不存在: models/loutput_pre_lane_v5/lightgbm_model.pkl
2026-06-24 18:10:20.071 | WARNING  | arrange_library.core.ai.pooling_coefficient_optimizer:__init__:164 - loutput预测器不可用，将使用规则降级策略
2026-06-24 18:10:20.071 | INFO     | arrange_library.core.scheduling.greedy_lane_scheduler:__init__:264 - 逐Lane贪心排机器初始化完成 - 基础容量: 985.0GB, 利用率区间: [100%, 100%], 配置模式: 按机型自动
2026-06-24 18:10:20.071 | INFO     | arrange_library.core.scheduling.greedy_lane_scheduler:__init__:267 - 启用检查: Index=True, 碱基不均衡=True, 规则检查器=False
2026-06-24 18:10:20.072 | INFO     | __main__:test_with_model:20025 - 排机阶段：Pooling优化器已禁用（V6流程不需要）
2026-06-24 18:10:20.072 | INFO     | arrange_library.core.constraints.lane_validator:__init__:163 - 成Lane校验程序初始化完成 (严格模式: True, 碱基不均衡上限: 35%, 特殊文库关键词: 9个)
2026-06-24 18:10:20.072 | INFO     | __main__:test_with_model:20029 - 严格校验容量区间改为按统一配置表动态解析
2026-06-24 18:10:20.073 | INFO     | arrange_library.core.preprocessing.library_splitter:split_libraries:45 - ============================================================
2026-06-24 18:10:20.073 | INFO     | arrange_library.core.preprocessing.library_splitter:split_libraries:46 - [拆分] 开始文库拆分预处理
2026-06-24 18:10:20.073 | INFO     | arrange_library.core.preprocessing.library_splitter:split_libraries:47 -   拆分规则: 1.1模式文库（兼容旧名1.0）不拆分；3.6T-NEW单对index >130.0G 拆分，多对index >300.0G 拆分
2026-06-24 18:10:20.073 | INFO     | arrange_library.core.preprocessing.library_splitter:split_libraries:53 -   最小保留数据量: >2.0G
2026-06-24 18:10:20.075 | INFO     | arrange_library.core.preprocessing.library_splitter:split_libraries:85 - ------------------------------------------------------------
2026-06-24 18:10:20.075 | INFO     | arrange_library.core.preprocessing.library_splitter:split_libraries:86 -  拆分完成
2026-06-24 18:10:20.075 | INFO     | arrange_library.core.preprocessing.library_splitter:split_libraries:87 -   原始文库数: 7
2026-06-24 18:10:20.076 | INFO     | arrange_library.core.preprocessing.library_splitter:split_libraries:88 -   拆分文库数: 7
2026-06-24 18:10:20.076 | INFO     | arrange_library.core.preprocessing.library_splitter:split_libraries:89 -   最终文库数: 15
2026-06-24 18:10:20.076 | INFO     | arrange_library.core.preprocessing.library_splitter:split_libraries:90 - ============================================================
2026-06-24 18:10:20.076 | INFO     | __main__:test_with_model:20044 - 主流程前置拆分完成: 原始文库254个，触发拆分7个，拆分后文库262个
2026-06-24 18:10:20.090 | INFO     | __main__:_extract_mixed_lanes_by_peak_window:8174 - 混排Peak窗口: 336-486bp, 209个文库/2826G, 理论最多2条Lane
2026-06-24 18:10:20.113 | INFO     | __main__:_extract_mixed_lanes_by_peak_window:8210 - 混排Lane预抽取完成: 新增Lane=0，使用文库=0个/0.0G，剩余待排=262个/4602.5G
2026-06-24 18:10:20.113 | INFO     | arrange_library.core.scheduling.greedy_lane_scheduler:schedule:1083 - 开始逐Lane贪心排机 - 文库数: 262
2026-06-24 18:10:20.113 | INFO     | arrange_library.core.scheduling.greedy_lane_scheduler:schedule:1093 - 预拆分完成: 使用外层已拆分文库
2026-06-24 18:10:20.114 | INFO     | arrange_library.core.scheduling.greedy_lane_scheduler:_run_batch_analysis:468 - ===== 批次全局分析报告 =====
2026-06-24 18:10:20.114 | INFO     | arrange_library.core.scheduling.greedy_lane_scheduler:_run_batch_analysis:468 - 机器类型: Nova X-25B
2026-06-24 18:10:20.114 | INFO     | arrange_library.core.scheduling.greedy_lane_scheduler:_run_batch_analysis:468 - 文库总数: 262
2026-06-24 18:10:20.114 | INFO     | arrange_library.core.scheduling.greedy_lane_scheduler:_run_batch_analysis:468 - 总数据量: 4602.5 GB
2026-06-24 18:10:20.114 | INFO     | arrange_library.core.scheduling.greedy_lane_scheduler:_run_batch_analysis:468 - 预估Lane数: 5~5
2026-06-24 18:10:20.114 | INFO     | arrange_library.core.scheduling.greedy_lane_scheduler:_run_batch_analysis:468 - --- 特征标记 ---
2026-06-24 18:10:20.114 | INFO     | arrange_library.core.scheduling.greedy_lane_scheduler:_run_batch_analysis:468 -   包Lane文库: 无
2026-06-24 18:10:20.114 | INFO     | arrange_library.core.scheduling.greedy_lane_scheduler:_run_batch_analysis:468 -   碱基不均衡: 有
2026-06-24 18:10:20.114 | INFO     | arrange_library.core.scheduling.greedy_lane_scheduler:_run_batch_analysis:468 -   客户文库:   无
2026-06-24 18:10:20.114 | INFO     | arrange_library.core.scheduling.greedy_lane_scheduler:_run_batch_analysis:468 -   10bp文库:   有
2026-06-24 18:10:20.114 | INFO     | arrange_library.core.scheduling.greedy_lane_scheduler:_run_batch_analysis:468 -   非10bp文库: 有
2026-06-24 18:10:20.114 | INFO     | arrange_library.core.scheduling.greedy_lane_scheduler:_run_batch_analysis:468 -   特殊组合:   有
2026-06-24 18:10:20.115 | INFO     | arrange_library.core.scheduling.greedy_lane_scheduler:_run_batch_analysis:468 - --- 分组画像 ---
2026-06-24 18:10:20.115 | INFO     | arrange_library.core.scheduling.greedy_lane_scheduler:_run_batch_analysis:468 -   [imbalance] 碱基不均衡文库: 148个文库, 2554.5GB, 预估3~3条Lane
2026-06-24 18:10:20.115 | INFO     | arrange_library.core.scheduling.greedy_lane_scheduler:_run_batch_analysis:468 -   [non_10bp] 非10碱基文库: 72个文库, 1136.5GB, 预估2~2条Lane
2026-06-24 18:10:20.115 | INFO     | arrange_library.core.scheduling.greedy_lane_scheduler:_run_batch_analysis:468 -   [all] 全部文库: 262个文库, 4602.5GB, 预估5~5条Lane
2026-06-24 18:10:20.115 | INFO     | arrange_library.core.scheduling.greedy_lane_scheduler:_run_batch_analysis:468 -   [10bp] 10碱基文库: 190个文库, 3466.0GB, 预估4~4条Lane
2026-06-24 18:10:20.115 | INFO     | arrange_library.core.scheduling.greedy_lane_scheduler:_run_batch_analysis:468 -   [special_combo_b] 10X 3端/Visium组合: 8个文库, 488.9GB, 预估1~1条Lane
2026-06-24 18:10:20.115 | INFO     | arrange_library.core.scheduling.greedy_lane_scheduler:_run_batch_analysis:468 -   [special_combo_a] 10X 5端/VDJ组合: 65个文库, 1289.1GB, 预估2~2条Lane
2026-06-24 18:10:20.115 | INFO     | arrange_library.core.scheduling.greedy_lane_scheduler:_run_batch_analysis:468 - --- 专用Lane推荐 ---
2026-06-24 18:10:20.115 | INFO     | arrange_library.core.scheduling.greedy_lane_scheduler:_run_batch_analysis:468 -   [imbalance] 碱基不均衡文库数据量充足，可包专用Lane避免混排占比限制 - 约2条Lane, 2554.5GB, 置信度: high
2026-06-24 18:10:20.115 | INFO     | arrange_library.core.scheduling.greedy_lane_scheduler:_run_batch_analysis:468 -   [non_10bp] 非10bp文库集中排入专用Lane，避免触发10bp>=40%混排规则 - 约1条Lane, 1136.5GB, 置信度: medium
2026-06-24 18:10:20.115 | INFO     | arrange_library.core.scheduling.greedy_lane_scheduler:_run_batch_analysis:468 -   [special_combo_a] 10X 5端/VDJ文库可独占Lane（与3端互斥） - 约1条Lane, 1289.1GB, 置信度: medium
2026-06-24 18:10:20.115 | INFO     | arrange_library.core.scheduling.greedy_lane_scheduler:_run_batch_analysis:468 - --- 混排约束 ---
2026-06-24 18:10:20.115 | INFO     | arrange_library.core.scheduling.greedy_lane_scheduler:_run_batch_analysis:468 -   [tj_1595_special_combo_groups_not_mixed] special_combo_a vs special_combo_b: 10X 5端/VDJ 与 10X 3端/Visium 文库不可混排，必须分开
2026-06-24 18:10:20.115 | INFO     | arrange_library.core.scheduling.greedy_lane_scheduler:_run_batch_analysis:468 -   [imbalance_max_30pct] imbalance vs all: 碱基不均衡文库全局占比55.5%，超过30%上限，必须拆分为专用Lane
2026-06-24 18:10:20.115 | INFO     | arrange_library.core.scheduling.greedy_lane_scheduler:_run_batch_analysis:468 - --- 尾部风险 ---
2026-06-24 18:10:20.115 | INFO     | arrange_library.core.scheduling.greedy_lane_scheduler:_run_batch_analysis:468 -   [non_10bp] 非10碱基文库排完整Lane后剩余141.5GB，不足半Lane(498GB)，需要大文库骨架携带或混入散样Lane - 141.5GB, 72个, 严重程度: high
2026-06-24 18:10:20.115 | INFO     | arrange_library.core.scheduling.greedy_lane_scheduler:_run_batch_analysis:468 -   [special_combo_a] 10X 5端/VDJ组合排完整Lane后剩余319.1GB，不足半Lane(485GB)，需要大文库骨架携带或混入散样Lane - 319.1GB, 65个, 严重程度: medium
2026-06-24 18:10:20.115 | INFO     | arrange_library.core.scheduling.greedy_lane_scheduler:_run_batch_analysis:468 - --- 策略建议 ---
2026-06-24 18:10:20.115 | INFO     | arrange_library.core.scheduling.greedy_lane_scheduler:_run_batch_analysis:468 -   - 碱基不均衡文库数据量充足，优先形成专用Lane
2026-06-24 18:10:20.115 | INFO     | arrange_library.core.scheduling.greedy_lane_scheduler:_run_batch_analysis:468 -   - 非10bp文库建议走专用Lane，避免10bp>=40%混排红线
2026-06-24 18:10:20.115 | INFO     | arrange_library.core.scheduling.greedy_lane_scheduler:_run_batch_analysis:468 -   - 特殊10X组合文库应分别走专用Lane（互斥规则）
2026-06-24 18:10:20.115 | INFO     | arrange_library.core.scheduling.greedy_lane_scheduler:_run_batch_analysis:468 -   - 存在1个高风险尾部分组，建议启用骨架预留(大带小)
2026-06-24 18:10:20.115 | INFO     | arrange_library.core.scheduling.greedy_lane_scheduler:_run_batch_analysis:468 - ===== 报告结束 =====
2026-06-24 18:10:20.115 | INFO     | arrange_library.core.scheduling.greedy_lane_scheduler:_run_batch_analysis:474 - 保留外部传入的策略执行计划，仅使用批次分析报告
2026-06-24 18:10:20.115 | INFO     | arrange_library.core.scheduling.greedy_lane_scheduler:schedule:1129 - 处理机器类型 Nova X-25B - 文库数: 262 - Lane容量: 1050.0GB, 利用率区间: [100%, 100%], 碱基不均占比上限: 35%
2026-06-24 18:10:20.116 | INFO     | arrange_library.core.scheduling.greedy_lane_scheduler:schedule:1157 - 碱基不均衡专用Lane策略: 148个碱基不均衡文库
2026-06-24 18:10:20.118 | INFO     | arrange_library.core.scheduling.greedy_lane_scheduler:_get_dedicated_lane_profile:982 - 专用Lane分组G36剩余合同量61.0G无法满足1.1或3.6T-NEW有效容量下限
2026-06-24 18:10:20.118 | INFO     | arrange_library.core.scheduling.greedy_lane_scheduler:_get_dedicated_lane_profile:982 - 专用Lane分组G26剩余合同量13.5G无法满足1.1或3.6T-NEW有效容量下限
2026-06-24 18:10:20.118 | INFO     | arrange_library.core.scheduling.greedy_lane_scheduler:_get_dedicated_lane_profile:982 - 专用Lane分组G29剩余合同量1.0G无法满足1.1或3.6T-NEW有效容量下限
2026-06-24 18:10:20.118 | INFO     | arrange_library.core.scheduling.greedy_lane_scheduler:_get_dedicated_lane_profile:982 - 专用Lane分组G5剩余合同量222.0G无法满足1.1或3.6T-NEW有效容量下限
2026-06-24 18:10:20.119 | INFO     | arrange_library.core.scheduling.greedy_lane_scheduler:_get_dedicated_lane_profile:982 - 专用Lane分组G7剩余合同量94.7G无法满足1.1或3.6T-NEW有效容量下限
2026-06-24 18:10:20.119 | INFO     | arrange_library.core.scheduling.greedy_lane_scheduler:_get_dedicated_lane_profile:982 - 专用Lane分组G6剩余合同量78.4G无法满足1.1或3.6T-NEW有效容量下限
2026-06-24 18:10:20.119 | INFO     | arrange_library.core.scheduling.greedy_lane_scheduler:_get_dedicated_lane_profile:982 - 专用Lane分组G4剩余合同量100.0G无法满足1.1或3.6T-NEW有效容量下限
2026-06-24 18:10:20.119 | INFO     | arrange_library.core.scheduling.greedy_lane_scheduler:_get_dedicated_lane_profile:982 - 专用Lane分组G19剩余合同量1.0G无法满足1.1或3.6T-NEW有效容量下限
2026-06-24 18:10:20.119 | INFO     | arrange_library.core.scheduling.greedy_lane_scheduler:_get_dedicated_lane_profile:982 - 专用Lane分组G58剩余合同量300.0G无法满足1.1或3.6T-NEW有效容量下限
2026-06-24 18:10:20.119 | INFO     | arrange_library.core.scheduling.greedy_lane_scheduler:schedule:1163 - 形成0条专用Lane，剩余148个碱基不均衡文库
2026-06-24 18:10:20.121 | INFO     | arrange_library.core.scheduling.greedy_lane_scheduler:_schedule_3_6t_split_families_atomically:5268 - 3.6T-NEW拆分片段分散成功: 拆分家族0个，生成0条Lane，每个家族每Lane最多1片
2026-06-24 18:10:20.121 | INFO     | arrange_library.core.scheduling.greedy_lane_scheduler:schedule:1215 - 3.6T-NEW拆分家族原子分散失败: 6个原始文库回滚为未分配并禁止继续成Lane
2026-06-24 18:10:20.174 | INFO     | arrange_library.core.scheduling.greedy_lane_scheduler:schedule:1235 - 第二轮排机: 250 个未分配文库（wkdeliverydate优先，轮转起点）
2026-06-24 18:10:20.223 | INFO     | arrange_library.core.scheduling.greedy_lane_scheduler:schedule:1251 - 第三轮排机: 250 个未分配文库（小文库优先）
2026-06-24 18:10:20.517 | INFO     | arrange_library.core.scheduling.greedy_lane_scheduler:schedule:1294 - 连续5轮无新Lane且未分配池不变，提前结束无效重试
2026-06-24 18:10:20.518 | INFO     | arrange_library.core.scheduling.greedy_lane_scheduler:_get_dedicated_lane_profile:982 - 专用Lane分组G36剩余合同量61.0G无法满足1.1或3.6T-NEW有效容量下限
2026-06-24 18:10:20.518 | INFO     | arrange_library.core.scheduling.greedy_lane_scheduler:_get_dedicated_lane_profile:982 - 专用Lane分组G26剩余合同量13.5G无法满足1.1或3.6T-NEW有效容量下限
2026-06-24 18:10:20.518 | INFO     | arrange_library.core.scheduling.greedy_lane_scheduler:_get_dedicated_lane_profile:982 - 专用Lane分组G29剩余合同量1.0G无法满足1.1或3.6T-NEW有效容量下限
2026-06-24 18:10:20.518 | INFO     | arrange_library.core.scheduling.greedy_lane_scheduler:_get_dedicated_lane_profile:982 - 专用Lane分组G5剩余合同量222.0G无法满足1.1或3.6T-NEW有效容量下限
2026-06-24 18:10:20.518 | INFO     | arrange_library.core.scheduling.greedy_lane_scheduler:_get_dedicated_lane_profile:982 - 专用Lane分组G7剩余合同量94.7G无法满足1.1或3.6T-NEW有效容量下限
2026-06-24 18:10:20.519 | INFO     | arrange_library.core.scheduling.greedy_lane_scheduler:_get_dedicated_lane_profile:982 - 专用Lane分组G6剩余合同量78.4G无法满足1.1或3.6T-NEW有效容量下限
2026-06-24 18:10:20.519 | INFO     | arrange_library.core.scheduling.greedy_lane_scheduler:_get_dedicated_lane_profile:982 - 专用Lane分组G4剩余合同量100.0G无法满足1.1或3.6T-NEW有效容量下限
2026-06-24 18:10:20.519 | INFO     | arrange_library.core.scheduling.greedy_lane_scheduler:_get_dedicated_lane_profile:982 - 专用Lane分组G19剩余合同量1.0G无法满足1.1或3.6T-NEW有效容量下限
2026-06-24 18:10:20.519 | INFO     | arrange_library.core.scheduling.greedy_lane_scheduler:_build_imbalance_dedicated_lanes:1048 - 专用Lane创建完成: 0条Lane, 136个碱基不均衡文库待分配, 114个中性文库待分配
2026-06-24 18:10:20.519 | INFO     | arrange_library.core.scheduling.greedy_lane_scheduler:schedule:1826 - 逐Lane贪心排机完成 - Lane数: 0, 已分配: 0/262, 未分配: 256, 平均利用率: 0.0%, 耗时: 0.41秒
2026-06-24 18:10:20.519 | INFO     | arrange_library.core.constraints.lane_validator:__init__:163 - 成Lane校验程序初始化完成 (严格模式: False, 碱基不均衡上限: 35%, 特殊文库关键词: 9个)
2026-06-24 18:10:20.519 | INFO     | arrange_library.core.scheduling.greedy_lane_scheduler:_validate_all_lanes:2188 - 最终验证结果: 0条Lane通过，256个文库未分配
2026-06-24 18:10:20.557 | INFO     | __main__:_build_global_round_robin_lane:5708 - 全局轮转混排未成Lane: prefix=G3, pool_size=256, best=0个/0.0G, min=995.0G
2026-06-24 18:10:20.557 | INFO     | __main__:test_with_model:20122 - wkspecialsplits边排边检查完成: 无需调整
2026-06-24 18:10:20.557 | INFO     | __main__:test_with_model:20157 - 验证完成：0条Lane通过验证
2026-06-24 18:10:20.557 | INFO     | __main__:test_with_model:20178 - 57规则二次改排救援已关闭，失败Lane文库回收到未分配池
2026-06-24 18:10:20.557 | INFO     | __main__:_should_skip_expensive_rescue_stage:2700 - 高成本救援(EX/RB)跳过: 当前0条Lane通过验证，未分配池=256个/4602.5G，继续做高成本救援收益过低
2026-06-24 18:10:20.558 | INFO     | arrange_library.core.constraints.lane_validator:__init__:163 - 成Lane校验程序初始化完成 (严格模式: True, 碱基不均衡上限: 35%, 特殊文库关键词: 9个)
2026-06-24 18:10:20.571 | INFO     | __main__:_materialize_balance_library_for_lane:7564 - Lane DL_Nova X-25B_001 尝试补平衡文库模板: sample_id=phix, test_no=Novaseq X Plus-PE150, index_seq=GGGGGGGGGG;ACCGAGATCT
2026-06-24 18:10:20.572 | INFO     | __main__:_materialize_balance_library_for_lane:7597 - Lane DL_Nova X-25B_001 平衡文库补充成功: sample_id=phix, 数据量=53.684G
2026-06-24 18:10:20.577 | INFO     | __main__:test_with_model:20273 - 预构建Lane平衡文库前置处理完成: 需补平衡文库Lane=1，成功=1，失败移除=0，专Lane保留=0
2026-06-24 18:10:22.363 | INFO     | __main__:test_with_model:20282 - 
合并6条预构建Lane到最终结果（过滤掉0条未通过严格校验的预构建Lane）
2026-06-24 18:10:22.363 | INFO     | __main__:test_with_model:20295 - 最终Lane总数: 6 (预构建Lane: 6, 普通Lane: 0)
2026-06-24 18:10:22.364 | INFO     | __main__:test_with_model:20310 - 全局预拆分回滚完成: 7个原始文库因拆分子文库未全部成Lane而回滚
2026-06-24 18:10:22.364 | INFO     | __main__:test_with_model:20338 - 拆分失败回滚原始文库处理完成: 可回1.1候选=6个(合同量<=500.0G)，继续隔离=0个
2026-06-24 18:10:22.376 | INFO     | __main__:_build_global_round_robin_lane:5708 - 全局轮转混排未成Lane: prefix=G3, pool_size=248, best=0个/0.0G, min=995.0G
2026-06-24 18:10:22.376 | INFO     | __main__:test_with_model:20418 - 剩余库全局轮转混排未新增Lane: 剩余未分配=248
2026-06-24 18:10:22.380 | INFO     | __main__:test_with_model:20448 - 脚本内置 Pooling 预测已停用，后续统一调用 prediction_delivery
2026-06-24 18:10:22.380 | WARNING  | __main__:analyze_solution:19952 - Lane GL_Nova X-25B_001 利用率异常: 222.05% (数据量=2165.03GB, 容量=975.00GB)
2026-06-24 18:10:22.380 | WARNING  | __main__:analyze_solution:19952 - Lane GL_Nova X-25B_002 利用率异常: 215.44% (数据量=2100.57GB, 容量=975.00GB)
2026-06-24 18:10:22.380 | WARNING  | __main__:analyze_solution:19952 - Lane GL_Nova X-25B_003 利用率异常: 215.03% (数据量=2096.50GB, 容量=975.00GB)
2026-06-24 18:10:22.380 | WARNING  | __main__:analyze_solution:19952 - Lane GL_Nova X-25B_004 利用率异常: 215.07% (数据量=2096.89GB, 容量=975.00GB)
2026-06-24 18:10:22.380 | WARNING  | __main__:analyze_solution:19952 - Lane GL_Nova X-25B_005 利用率异常: 215.38% (数据量=2100.00GB, 容量=975.00GB)
2026-06-24 18:10:22.391 | INFO     | __main__:_schedule_rollback_libraries_in_mode_1_1:20480 - 拆分回滚原始文库回流1.1启动: 候选6个，合同量阈值<=500.0G
2026-06-24 18:10:22.392 | INFO     | __main__:test_with_model:19997 - 
================================================================================
2026-06-24 18:10:22.392 | INFO     | __main__:test_with_model:19998 - 排机流程：纯规则排机
2026-06-24 18:10:22.392 | INFO     | __main__:test_with_model:19999 - ================================================================================
2026-06-24 18:10:22.392 | INFO     | arrange_library.core.constraints.index_validator_verified:__init__:80 - Index校验器初始化完成（真实数据验证版本）
2026-06-24 18:10:22.392 | INFO     | arrange_library.core.constraints.lane_validator:__init__:163 - 成Lane校验程序初始化完成 (严格模式: True, 碱基不均衡上限: 35%, 特殊文库关键词: 9个)
2026-06-24 18:10:22.394 | WARNING  | arrange_library.core.ai.pooling_coefficient_optimizer:_load_config:40 - Pooling配置表不存在: /data/work/yuyongpeng/liblane_v2_deepseek/data/wktype_pooling_config.xlsx，将使用默认策略
2026-06-24 18:10:22.394 | INFO     | arrange_library.core.ai.pooling_coefficient_optimizer:_load_efficiency_corrections:185 - 产出效率修正表不存在: /data/work/yuyongpeng/liblane_v2_deepseek/data/production_efficiency_correction.csv，跳过后校准
2026-06-24 18:10:22.394 | WARNING  | arrange_library.core.ai.loutput_predictor_wrapper:_load_model:150 - 模型文件不存在: models/loutput_pre_lane_v5/lightgbm_model.pkl
2026-06-24 18:10:22.394 | WARNING  | arrange_library.core.ai.pooling_coefficient_optimizer:__init__:164 - loutput预测器不可用，将使用规则降级策略
2026-06-24 18:10:22.394 | INFO     | arrange_library.core.scheduling.greedy_lane_scheduler:__init__:264 - 逐Lane贪心排机器初始化完成 - 基础容量: 985.0GB, 利用率区间: [100%, 100%], 配置模式: 按机型自动
2026-06-24 18:10:22.394 | INFO     | arrange_library.core.scheduling.greedy_lane_scheduler:__init__:267 - 启用检查: Index=True, 碱基不均衡=True, 规则检查器=False
2026-06-24 18:10:22.394 | INFO     | __main__:test_with_model:20025 - 排机阶段：Pooling优化器已禁用（V6流程不需要）
2026-06-24 18:10:22.394 | INFO     | arrange_library.core.constraints.lane_validator:__init__:163 - 成Lane校验程序初始化完成 (严格模式: True, 碱基不均衡上限: 35%, 特殊文库关键词: 9个)
2026-06-24 18:10:22.394 | INFO     | __main__:test_with_model:20029 - 严格校验容量区间改为按统一配置表动态解析
2026-06-24 18:10:22.395 | INFO     | arrange_library.core.preprocessing.library_splitter:split_libraries:45 - ============================================================
2026-06-24 18:10:22.395 | INFO     | arrange_library.core.preprocessing.library_splitter:split_libraries:46 - [拆分] 开始文库拆分预处理
2026-06-24 18:10:22.395 | INFO     | arrange_library.core.preprocessing.library_splitter:split_libraries:47 -   拆分规则: 1.1模式文库（兼容旧名1.0）不拆分；3.6T-NEW单对index >130.0G 拆分，多对index >300.0G 拆分
2026-06-24 18:10:22.395 | INFO     | arrange_library.core.preprocessing.library_splitter:split_libraries:53 -   最小保留数据量: >2.0G
2026-06-24 18:10:22.395 | INFO     | arrange_library.core.preprocessing.library_splitter:split_libraries:85 - ------------------------------------------------------------
2026-06-24 18:10:22.395 | INFO     | arrange_library.core.preprocessing.library_splitter:split_libraries:86 -  拆分完成
2026-06-24 18:10:22.395 | INFO     | arrange_library.core.preprocessing.library_splitter:split_libraries:87 -   原始文库数: 6
2026-06-24 18:10:22.395 | INFO     | arrange_library.core.preprocessing.library_splitter:split_libraries:88 -   拆分文库数: 0
2026-06-24 18:10:22.395 | INFO     | arrange_library.core.preprocessing.library_splitter:split_libraries:89 -   最终文库数: 6
2026-06-24 18:10:22.395 | INFO     | arrange_library.core.preprocessing.library_splitter:split_libraries:90 - ============================================================
2026-06-24 18:10:22.395 | INFO     | __main__:test_with_model:20051 - 主流程前置拆分完成: 无需拆分
2026-06-24 18:10:22.395 | INFO     | __main__:test_with_model:20066 - Peak窗口混排预构Lane已按调用方要求关闭
2026-06-24 18:10:22.395 | INFO     | arrange_library.core.scheduling.greedy_lane_scheduler:schedule:1083 - 开始逐Lane贪心排机 - 文库数: 6
2026-06-24 18:10:22.395 | INFO     | arrange_library.core.scheduling.greedy_lane_scheduler:schedule:1093 - 预拆分完成: 使用外层已拆分文库
2026-06-24 18:10:22.396 | INFO     | arrange_library.core.scheduling.greedy_lane_scheduler:_run_batch_analysis:468 - ===== 批次全局分析报告 =====
2026-06-24 18:10:22.396 | INFO     | arrange_library.core.scheduling.greedy_lane_scheduler:_run_batch_analysis:468 - 机器类型: Nova X-25B
2026-06-24 18:10:22.396 | INFO     | arrange_library.core.scheduling.greedy_lane_scheduler:_run_batch_analysis:468 - 文库总数: 6
2026-06-24 18:10:22.396 | INFO     | arrange_library.core.scheduling.greedy_lane_scheduler:_run_batch_analysis:468 - 总数据量: 900.0 GB
2026-06-24 18:10:22.396 | INFO     | arrange_library.core.scheduling.greedy_lane_scheduler:_run_batch_analysis:468 - 预估Lane数: 1~1
2026-06-24 18:10:22.396 | INFO     | arrange_library.core.scheduling.greedy_lane_scheduler:_run_batch_analysis:468 - --- 特征标记 ---
2026-06-24 18:10:22.396 | INFO     | arrange_library.core.scheduling.greedy_lane_scheduler:_run_batch_analysis:468 -   包Lane文库: 无
2026-06-24 18:10:22.396 | INFO     | arrange_library.core.scheduling.greedy_lane_scheduler:_run_batch_analysis:468 -   碱基不均衡: 有
2026-06-24 18:10:22.396 | INFO     | arrange_library.core.scheduling.greedy_lane_scheduler:_run_batch_analysis:468 -   客户文库:   无
2026-06-24 18:10:22.396 | INFO     | arrange_library.core.scheduling.greedy_lane_scheduler:_run_batch_analysis:468 -   10bp文库:   有
2026-06-24 18:10:22.396 | INFO     | arrange_library.core.scheduling.greedy_lane_scheduler:_run_batch_analysis:468 -   非10bp文库: 无
2026-06-24 18:10:22.396 | INFO     | arrange_library.core.scheduling.greedy_lane_scheduler:_run_batch_analysis:468 -   特殊组合:   有
2026-06-24 18:10:22.396 | INFO     | arrange_library.core.scheduling.greedy_lane_scheduler:_run_batch_analysis:468 - --- 分组画像 ---
2026-06-24 18:10:22.396 | INFO     | arrange_library.core.scheduling.greedy_lane_scheduler:_run_batch_analysis:468 -   [imbalance] 碱基不均衡文库: 6个文库, 900.0GB, 预估1~1条Lane
2026-06-24 18:10:22.396 | INFO     | arrange_library.core.scheduling.greedy_lane_scheduler:_run_batch_analysis:468 -   [10bp] 10碱基文库: 6个文库, 900.0GB, 预估1~1条Lane
2026-06-24 18:10:22.396 | INFO     | arrange_library.core.scheduling.greedy_lane_scheduler:_run_batch_analysis:468 -   [special_combo_a] 10X 5端/VDJ组合: 2个文库, 300.0GB, 预估1~1条Lane
2026-06-24 18:10:22.396 | INFO     | arrange_library.core.scheduling.greedy_lane_scheduler:_run_batch_analysis:468 -   [all] 全部文库: 6个文库, 900.0GB, 预估1~1条Lane
2026-06-24 18:10:22.396 | INFO     | arrange_library.core.scheduling.greedy_lane_scheduler:_run_batch_analysis:468 - --- 混排约束 ---
2026-06-24 18:10:22.396 | INFO     | arrange_library.core.scheduling.greedy_lane_scheduler:_run_batch_analysis:468 -   [imbalance_max_30pct] imbalance vs all: 碱基不均衡文库全局占比100.0%，超过30%上限，必须拆分为专用Lane
2026-06-24 18:10:22.396 | INFO     | arrange_library.core.scheduling.greedy_lane_scheduler:_run_batch_analysis:468 - --- 尾部风险 ---
2026-06-24 18:10:22.396 | INFO     | arrange_library.core.scheduling.greedy_lane_scheduler:_run_batch_analysis:468 -   [imbalance] 碱基不均衡文库排完整Lane后剩余900.0GB，不足半Lane(998GB)，需要大文库骨架携带或混入散样Lane - 900.0GB, 6个, 严重程度: medium
2026-06-24 18:10:22.396 | INFO     | arrange_library.core.scheduling.greedy_lane_scheduler:_run_batch_analysis:468 -   [special_combo_a] 10X 5端/VDJ组合排完整Lane后剩余300.0GB，不足半Lane(998GB)，需要大文库骨架携带或混入散样Lane - 300.0GB, 2个, 严重程度: high
2026-06-24 18:10:22.396 | INFO     | arrange_library.core.scheduling.greedy_lane_scheduler:_run_batch_analysis:468 - --- 策略建议 ---
2026-06-24 18:10:22.396 | INFO     | arrange_library.core.scheduling.greedy_lane_scheduler:_run_batch_analysis:468 -   - 存在1个高风险尾部分组，建议启用骨架预留(大带小)
2026-06-24 18:10:22.396 | INFO     | arrange_library.core.scheduling.greedy_lane_scheduler:_run_batch_analysis:468 - ===== 报告结束 =====
2026-06-24 18:10:22.396 | INFO     | arrange_library.core.scheduling.greedy_lane_scheduler:_run_batch_analysis:474 - 保留外部传入的策略执行计划，仅使用批次分析报告
2026-06-24 18:10:22.396 | INFO     | arrange_library.core.scheduling.greedy_lane_scheduler:schedule:1129 - 处理机器类型 Nova X-25B - 文库数: 6 - Lane容量: 1050.0GB, 利用率区间: [100%, 100%], 碱基不均占比上限: 35%
2026-06-24 18:10:22.396 | INFO     | arrange_library.core.scheduling.greedy_lane_scheduler:schedule:1157 - 碱基不均衡专用Lane策略: 6个碱基不均衡文库
2026-06-24 18:10:22.397 | INFO     | arrange_library.core.scheduling.greedy_lane_scheduler:_get_dedicated_lane_profile:982 - 专用Lane分组G58剩余合同量300.0G无法满足1.1或3.6T-NEW有效容量下限
2026-06-24 18:10:22.397 | INFO     | arrange_library.core.scheduling.greedy_lane_scheduler:schedule:1163 - 形成0条专用Lane，剩余6个碱基不均衡文库
2026-06-24 18:10:22.398 | WARNING  | arrange_library.core.scheduling.greedy_lane_scheduler:_schedule_machine_group:5482 - 剩余 6 个文库无法分配（全部有约束冲突）
2026-06-24 18:10:22.398 | INFO     | arrange_library.core.scheduling.greedy_lane_scheduler:schedule:1228 - 剩余池总量900.0GB不足最小成Lane门槛2095.0GB，跳过后续随机重试
2026-06-24 18:10:22.398 | INFO     | arrange_library.core.scheduling.greedy_lane_scheduler:_get_dedicated_lane_profile:982 - 专用Lane分组G58剩余合同量300.0G无法满足1.1或3.6T-NEW有效容量下限
2026-06-24 18:10:22.398 | INFO     | arrange_library.core.scheduling.greedy_lane_scheduler:_build_imbalance_dedicated_lanes:1048 - 专用Lane创建完成: 0条Lane, 6个碱基不均衡文库待分配, 0个中性文库待分配
2026-06-24 18:10:22.399 | INFO     | arrange_library.core.scheduling.greedy_lane_scheduler:schedule:1826 - 逐Lane贪心排机完成 - Lane数: 0, 已分配: 0/6, 未分配: 6, 平均利用率: 0.0%, 耗时: 0.00秒
2026-06-24 18:10:22.399 | INFO     | arrange_library.core.constraints.lane_validator:__init__:163 - 成Lane校验程序初始化完成 (严格模式: False, 碱基不均衡上限: 35%, 特殊文库关键词: 9个)
2026-06-24 18:10:22.399 | INFO     | arrange_library.core.scheduling.greedy_lane_scheduler:_validate_all_lanes:2188 - 最终验证结果: 0条Lane通过，6个文库未分配
2026-06-24 18:10:22.399 | INFO     | __main__:test_with_model:20122 - wkspecialsplits边排边检查完成: 无需调整
2026-06-24 18:10:22.399 | INFO     | __main__:test_with_model:20157 - 验证完成：0条Lane通过验证
2026-06-24 18:10:22.399 | INFO     | __main__:test_with_model:20178 - 57规则二次改排救援已关闭，失败Lane文库回收到未分配池
2026-06-24 18:10:22.400 | INFO     | __main__:_attempt_build_rescue_lane_from_pool:5905 - 补Lane尝试跳过: lane_prefix=EX, pool_size=6, pool_data=900.000G不足最小门槛2095.000G
2026-06-24 18:10:22.400 | INFO     | __main__:_try_increase_lane_count:8272 - Lane数量提升停止: machine_type=Nova X-25B, 当前池首次构Lane失败，跳过同池重复尝试
2026-06-24 18:10:22.400 | INFO     | __main__:test_with_model:20197 - Lane数量提升未新增Lane
2026-06-24 18:10:22.401 | INFO     | __main__:_attempt_build_rescue_lane_from_pool:5905 - 补Lane尝试跳过: lane_prefix=RB, pool_size=6, pool_data=900.000G不足最小门槛2095.000G
2026-06-24 18:10:22.401 | INFO     | __main__:try_multi_lib_swap_rebalance:8403 - 跨Lane多文库交换停止: machine_type=Nova X-25B, 当前池首次构Lane失败，跳过同池重复尝试
2026-06-24 18:10:22.401 | INFO     | __main__:test_with_model:20229 - 跨Lane多文库交换未新增Lane，剩余未分配6个
2026-06-24 18:10:22.401 | INFO     | __main__:test_with_model:20418 - 剩余库全局轮转混排未新增Lane: 剩余未分配=6
2026-06-24 18:10:22.401 | INFO     | __main__:test_with_model:20448 - 脚本内置 Pooling 预测已停用，后续统一调用 prediction_delivery
2026-06-24 18:10:22.401 | INFO     | __main__:_schedule_rollback_libraries_in_mode_1_1:20517 - 拆分回滚原始文库回流1.1完成: 新增Lane=0，剩余未分配=6
2026-06-24 18:10:22.403 | INFO     | __main__:_validate_final_package_lanes:3207 - 排后包Lane校验通过
2026-06-24 18:10:22.404 | INFO     | __main__:_validate_no_split_for_package_lane_libraries:3301 - 排后校验通过：包Lane编号文库拆分规则满足约束
2026-06-24 18:10:22.405 | INFO     | arrange_library.core.constraints.lane_validator:__init__:163 - 成Lane校验程序初始化完成 (严格模式: True, 碱基不均衡上限: 35%, 特殊文库关键词: 9个)
2026-06-24 18:10:22.408 | INFO     | __main__:arrange_library:21507 - 平衡文库后处理完成: 需补平衡文库Lane=1，成功=1，失败移除=0，专Lane保留=0，回收文库=0
2026-06-24 18:10:22.410 | INFO     | __main__:_validate_final_package_lanes:3207 - 排后包Lane校验通过
2026-06-24 18:10:22.410 | INFO     | arrange_library.core.constraints.lane_validator:__init__:163 - 成Lane校验程序初始化完成 (严格模式: True, 碱基不均衡上限: 35%, 特殊文库关键词: 9个)
2026-06-24 18:10:22.418 | INFO     | __main__:_validate_final_package_lanes:3207 - 排后包Lane校验通过
2026-06-24 18:10:22.420 | INFO     | __main__:_validate_no_split_for_package_lane_libraries:3301 - 排后校验通过：包Lane编号文库拆分规则满足约束
2026-06-24 18:10:25.742 | INFO     | __main__:_consume_g53_g54_imbalance_as_mode_lanes:1630 - 终态3.6 G53/G54组合碱基不均专Lane未成Lane: group=G54, 候选12个/888.9G, 贪心选择12个/888.9G, 下限970.0G, top_failures=[('capacity_out_of_rule_range', 3304)]
2026-06-24 18:10:44.779 | INFO     | __main__:_consume_g55_imbalance_as_mode_lanes:16891 - 终态3.6 G55跨基础组碱基不均专Lane未成Lane: 候选136个/1654.5G, 3.6T-NEW真实量窗口=[945.2,1049.8]G, validation_attempts=63, top_failures=[('g55_budgeted_fill_duplicate', 5236), ('g55_budgeted_fill_index_conflict', 3052), ('g55_budgeted_seed_high_phix_ratio', 939), ('g55_budgeted_seed_customer_ratio', 524), ('g55_g53_g54_mix_forbidden', 280)]
2026-06-24 18:10:46.805 | INFO     | __main__:_consume_g53_g54_imbalance_as_mode_lanes:1630 - 终态3.6 G53/G54组合碱基不均专Lane未成Lane: group=G54, 候选12个/888.9G, 贪心选择12个/888.9G, 下限970.0G, top_failures=[('capacity_out_of_rule_range', 3304)]
2026-06-24 18:11:05.908 | INFO     | __main__:_consume_g55_imbalance_as_mode_lanes:16891 - 终态3.6 G55跨基础组碱基不均专Lane未成Lane: 候选136个/1654.5G, 3.6T-NEW真实量窗口=[945.2,1049.8]G, validation_attempts=63, top_failures=[('g55_budgeted_fill_duplicate', 5236), ('g55_budgeted_fill_index_conflict', 3052), ('g55_budgeted_seed_high_phix_ratio', 939), ('g55_budgeted_seed_customer_ratio', 524), ('g55_g53_g54_mix_forbidden', 280)]
2026-06-24 18:11:11.880 | INFO     | __main__:_try_build_single_36t_mixed_lane_from_items:15297 - 终态全局3.6增量混排未成Lane明细: 机型=Nova X-25B, 候选items=140, best_total=173.5G, best_index_pairs=229, repair_seed=0.0G/0对index, rejects={'imbalance_ratio': 6426, 'incremental_index': 1728}, validation_top=[]
2026-06-24 18:11:11.881 | INFO     | arrange_library.core.constraints.index_validator_verified:__init__:80 - Index校验器初始化完成（真实数据验证版本）
2026-06-24 18:11:11.881 | INFO     | arrange_library.core.constraints.lane_validator:__init__:163 - 成Lane校验程序初始化完成 (严格模式: True, 碱基不均衡上限: 35%, 特殊文库关键词: 9个)
2026-06-24 18:11:11.883 | WARNING  | arrange_library.core.ai.pooling_coefficient_optimizer:_load_config:40 - Pooling配置表不存在: /data/work/yuyongpeng/liblane_v2_deepseek/data/wktype_pooling_config.xlsx，将使用默认策略
2026-06-24 18:11:11.883 | INFO     | arrange_library.core.ai.pooling_coefficient_optimizer:_load_efficiency_corrections:185 - 产出效率修正表不存在: /data/work/yuyongpeng/liblane_v2_deepseek/data/production_efficiency_correction.csv，跳过后校准
2026-06-24 18:11:11.883 | WARNING  | arrange_library.core.ai.loutput_predictor_wrapper:_load_model:150 - 模型文件不存在: models/loutput_pre_lane_v5/lightgbm_model.pkl
2026-06-24 18:11:11.883 | WARNING  | arrange_library.core.ai.pooling_coefficient_optimizer:__init__:164 - loutput预测器不可用，将使用规则降级策略
2026-06-24 18:11:11.883 | INFO     | arrange_library.core.scheduling.greedy_lane_scheduler:__init__:264 - 逐Lane贪心排机器初始化完成 - 基础容量: 985.0GB, 利用率区间: [100%, 100%], 配置模式: 按机型自动
2026-06-24 18:11:11.883 | INFO     | arrange_library.core.scheduling.greedy_lane_scheduler:__init__:267 - 启用检查: Index=True, 碱基不均衡=True, 规则检查器=False
2026-06-24 18:11:11.884 | INFO     | arrange_library.core.scheduling.greedy_lane_scheduler:_get_dedicated_lane_profile:982 - 专用Lane分组G36剩余合同量61.0G无法满足1.1或3.6T-NEW有效容量下限
2026-06-24 18:11:11.884 | INFO     | arrange_library.core.scheduling.greedy_lane_scheduler:_get_dedicated_lane_profile:982 - 专用Lane分组G26剩余合同量13.5G无法满足1.1或3.6T-NEW有效容量下限
2026-06-24 18:11:11.884 | INFO     | arrange_library.core.scheduling.greedy_lane_scheduler:_get_dedicated_lane_profile:982 - 专用Lane分组G29剩余合同量1.0G无法满足1.1或3.6T-NEW有效容量下限
2026-06-24 18:11:11.884 | INFO     | arrange_library.core.scheduling.greedy_lane_scheduler:_get_dedicated_lane_profile:982 - 专用Lane分组G5剩余合同量222.0G无法满足1.1或3.6T-NEW有效容量下限
2026-06-24 18:11:11.885 | INFO     | arrange_library.core.scheduling.greedy_lane_scheduler:_get_dedicated_lane_profile:982 - 专用Lane分组G7剩余合同量94.7G无法满足1.1或3.6T-NEW有效容量下限
2026-06-24 18:11:11.885 | INFO     | arrange_library.core.scheduling.greedy_lane_scheduler:_get_dedicated_lane_profile:982 - 专用Lane分组G6剩余合同量78.4G无法满足1.1或3.6T-NEW有效容量下限
2026-06-24 18:11:11.885 | INFO     | arrange_library.core.scheduling.greedy_lane_scheduler:_get_dedicated_lane_profile:982 - 专用Lane分组G4剩余合同量100.0G无法满足1.1或3.6T-NEW有效容量下限
2026-06-24 18:11:11.885 | INFO     | arrange_library.core.scheduling.greedy_lane_scheduler:_get_dedicated_lane_profile:982 - 专用Lane分组G19剩余合同量1.0G无法满足1.1或3.6T-NEW有效容量下限
2026-06-24 18:11:11.887 | WARNING  | __main__:_try_add_terminal_global_36t_mixed_lanes:17632 - 终态全局3.6跨机型普通混排补Lane达到时间预算45秒，跳过剩余兜底搜索
2026-06-24 18:11:11.887 | INFO     | __main__:arrange_library:21720 - 终态全局3.6混排未新增Lane: 剩余未分配=257
2026-06-24 18:11:24.435 | INFO     | __main__:_materialize_balance_library_for_lane:7564 - Lane G55_TMP 尝试补平衡文库模板: sample_id=phix, test_no=Novaseq X Plus-PE150, index_seq=GGGGGGGGGG;ACCGAGATCT
2026-06-24 18:11:24.504 | INFO     | __main__:_materialize_balance_library_for_lane:7597 - Lane G55_TMP 平衡文库补充成功: sample_id=phix, 数据量=104.903G
2026-06-24 18:11:24.540 | INFO     | __main__:_consume_g55_imbalance_as_mode_lanes:16802 - 终态单条3.6T不均专Lane回流1.1 G55 index冲突定向修复成功: 原始16个/2120.0G, 修复后35个/1993.2G
2026-06-24 18:11:24.540 | INFO     | __main__:_consume_g55_imbalance_as_mode_lanes:16908 - 终态单条3.6T不均专Lane回流1.1 G55成Lane成功: lane=G55_Nova X-25B_001, 基础组=G26,G29,G36,G5,G53,G58, 使用35个/1993.2G
2026-06-24 18:11:24.541 | INFO     | __main__:_try_reflow_single_36t_dedicated_imbalance_with_unassigned_to_g55:9842 - 终态单条3.6T不均专Lane回流1.1 G55成功: source_lane=DL_Nova X-25B_001，新增lane=G55_Nova X-25B_001，使用35个/1993.2G，回退未用229个/4303.6G
2026-06-24 18:11:24.542 | INFO     | __main__:arrange_library:21755 - 终态单条3.6T不均专Lane回流1.1 G55完成: 回收3.6T Lane=1，新增1.1 G55 Lane=1，使用文库=35
2026-06-24 18:11:26.398 | INFO     | arrange_library.core.constraints.lane_validator:__init__:163 - 成Lane校验程序初始化完成 (严格模式: True, 碱基不均衡上限: 35%, 特殊文库关键词: 9个)
2026-06-24 18:11:26.398 | INFO     | arrange_library.core.constraints.lane_validator:__init__:163 - 成Lane校验程序初始化完成 (严格模式: True, 碱基不均衡上限: 35%, 特殊文库关键词: 9个)
2026-06-24 18:11:26.403 | INFO     | __main__:arrange_library:21800 - 终态增量Lane平衡文库后处理完成: 需补平衡文库Lane=1，成功=1，失败移除=0，专Lane保留=0，回收文库=0
2026-06-24 18:11:35.448 | INFO     | __main__:arrange_library:21920 - 最终剩余10bp混排NB补Lane未新增Lane: 剩余未分配=229
2026-06-24 18:11:35.448 | INFO     | __main__:_collect_prediction_rows:18928 - arrange 收集排机结果，用于后续 prediction_delivery 预测
2026-06-24 18:11:35.453 | WARNING  | __main__:_load_lane_index_rule_mapping:11726 - 排机规则映射文件不存在，跳过显式排机规则解析: /data/work/yuyongpeng/liblane_v2_deepseek/paiji_complete2/merge_deal/config
2026-06-24 18:11:35.453 | INFO     | __main__:_collect_prediction_rows:18950 - arrange Lane GL_Nova X-25B_001 排机浓度规则命中: 10_plus_24_or_atac_1_9, lsjnd=1.900
2026-06-24 18:11:35.453 | INFO     | __main__:_collect_prediction_rows:18954 - arrange Lane GL_Nova X-25B_001 输出规则命中: tj_1595_mode_1_1, lsjfs=25B, lcxms=1.1
2026-06-24 18:11:35.453 | INFO     | __main__:_collect_prediction_rows:18958 - arrange Lane GL_Nova X-25B_001 显式排机规则: P7P5
2026-06-24 18:11:35.457 | INFO     | __main__:_collect_prediction_rows:18950 - arrange Lane GL_Nova X-25B_002 排机浓度规则命中: no_loading_concentration_rule_matched, lsjnd=
2026-06-24 18:11:35.457 | INFO     | __main__:_collect_prediction_rows:18954 - arrange Lane GL_Nova X-25B_002 输出规则命中: tj_1595_mode_1_1, lsjfs=25B, lcxms=1.1
2026-06-24 18:11:35.457 | INFO     | __main__:_collect_prediction_rows:18958 - arrange Lane GL_Nova X-25B_002 显式排机规则: P7P5
2026-06-24 18:11:35.463 | INFO     | __main__:_collect_prediction_rows:18950 - arrange Lane GL_Nova X-25B_003 排机浓度规则命中: no_loading_concentration_rule_matched, lsjnd=
2026-06-24 18:11:35.463 | INFO     | __main__:_collect_prediction_rows:18954 - arrange Lane GL_Nova X-25B_003 输出规则命中: tj_1595_mode_1_1, lsjfs=25B, lcxms=1.1
2026-06-24 18:11:35.463 | INFO     | __main__:_collect_prediction_rows:18958 - arrange Lane GL_Nova X-25B_003 显式排机规则: P7P5
2026-06-24 18:11:35.470 | INFO     | __main__:_collect_prediction_rows:18950 - arrange Lane GL_Nova X-25B_004 排机浓度规则命中: no_loading_concentration_rule_matched, lsjnd=
2026-06-24 18:11:35.470 | INFO     | __main__:_collect_prediction_rows:18954 - arrange Lane GL_Nova X-25B_004 输出规则命中: tj_1595_mode_1_1, lsjfs=25B, lcxms=1.1
2026-06-24 18:11:35.470 | INFO     | __main__:_collect_prediction_rows:18958 - arrange Lane GL_Nova X-25B_004 显式排机规则: P7P5
2026-06-24 18:11:35.477 | INFO     | __main__:_collect_prediction_rows:18950 - arrange Lane GL_Nova X-25B_005 排机浓度规则命中: no_loading_concentration_rule_matched, lsjnd=
2026-06-24 18:11:35.477 | INFO     | __main__:_collect_prediction_rows:18954 - arrange Lane GL_Nova X-25B_005 输出规则命中: tj_1595_mode_1_1, lsjfs=25B, lcxms=1.1
2026-06-24 18:11:35.477 | INFO     | __main__:_collect_prediction_rows:18958 - arrange Lane GL_Nova X-25B_005 显式排机规则: P7P5
2026-06-24 18:11:35.481 | INFO     | __main__:_collect_prediction_rows:18950 - arrange Lane G55_Nova X-25B_001 排机浓度规则命中: no_loading_concentration_rule_matched, lsjnd=
2026-06-24 18:11:35.481 | INFO     | __main__:_collect_prediction_rows:18954 - arrange Lane G55_Nova X-25B_001 输出规则命中: tj_1595_mode_1_1, lsjfs=25B, lcxms=1.1
2026-06-24 18:11:35.481 | INFO     | __main__:_collect_prediction_rows:18958 - arrange Lane G55_Nova X-25B_001 显式排机规则: P7P5
/data/work/yuyongpeng/liblane_v2_deepseek/paiji_complete2/paiji_complete/arrange_library/arrange_library_model6.py:19292: FutureWarning: Downcasting object dtype arrays on .fillna, .ffill, .bfill is deprecated and will change in a future version. Call result.infer_objects(copy=False) instead. To opt-in to the future behavior, set `pd.set_option('future.no_silent_downcasting', True)`
  balance_mask = df[BALANCE_LIBRARY_MARKER_COLUMN].fillna(False).astype(bool)
/data/work/yuyongpeng/liblane_v2_deepseek/paiji_complete2/paiji_complete/arrange_library/arrange_library_model6.py:19715: FutureWarning: Downcasting object dtype arrays on .fillna, .ffill, .bfill is deprecated and will change in a future version. Call result.infer_objects(copy=False) instead. To opt-in to the future behavior, set `pd.set_option('future.no_silent_downcasting', True)`
  non_balance_mask = ~merged[BALANCE_LIBRARY_MARKER_COLUMN].fillna(False).astype(bool)
2026-06-24 18:11:35.733 | INFO     | __main__:_build_detail_output:19760 - 明细输出完成: arrange_library/117_sta_lane_output_v6_reflow3.csv
2026-06-24 18:11:35.734 | INFO     | __main__:arrange_library:21948 - 
================================================================================
2026-06-24 18:11:35.734 | INFO     | __main__:arrange_library:21949 - 步骤3: 跳过 prediction_delivery，保留下单量/预测产出空字段
2026-06-24 18:11:35.734 | INFO     | __main__:arrange_library:21950 - ================================================================================
2026-06-24 18:11:35.823 | INFO     | __main__:_run_prediction_delivery:20560 - 已跳过 prediction_delivery 模型预测，输出保留下单量/预测产出字段空值: arrange_library/117_sta_lane_output_v6_reflow3.csv
2026-06-24 18:11:35.824 | INFO     | __main__:arrange_library:21952 - 输出后处理完成: 记录数=1785, 平均下单量=nanG, 平均产出量=nanG
2026-06-24 18:11:35.824 | INFO     | __main__:arrange_library:21959 - 
端到端排机完成！
2026-06-24 18:11:35.824 | INFO     | __main__:arrange_library:21960 - 最终输出文件: arrange_library/117_sta_lane_output_v6_reflow3.csv
2026-06-24 18:11:35.824 | INFO     | __main__:arrange_library:21961 - ================================================================================
real 191.66
user 203.94
sys 0.42
