2026-06-05 17:54:23.491 | INFO     | arrange_library.core.constraints.index_validator_verified:__init__:77 - Index校验器初始化完成（真实数据验证版本）
2026-06-05 17:54:23.516 | INFO     | arrange_library.core.config.scheduling_config:_load_rule_matrix_config:806 - 统一排机规则配置已加载: profiles=55, constraints=2, loading_rules=4, lab_mappings=9
2026-06-05 17:54:23.517 | INFO     | arrange_library.core.config.scheduling_config:_load_mode_1_1_rules:1777 - 1.1模式规则配置加载完成: /data/work/yuyongpeng/liblane_v2_deepseek/paiji_complete2/paiji_complete/arrange_library/config/mode_1_1_rules.json
2026-06-05 17:54:23.604 | INFO     | arrange_library.core.config.scheduling_config:__init__:434 - 排机配置管理器初始化完成
2026-06-05 17:54:24.131 | INFO     | arrange_library.core.constraints.index_validator_verified:__init__:77 - Index校验器初始化完成（真实数据验证版本）
2026-06-05 17:54:24.138 | INFO     | __main__:arrange_library:17625 - ================================================================================
2026-06-05 17:54:24.138 | INFO     | __main__:arrange_library:17626 - arrange_library: 端到端排机流程 - 排机与 Pooling 预测
2026-06-05 17:54:24.138 | INFO     | __main__:arrange_library:17627 - ================================================================================
2026-06-05 17:54:24.138 | INFO     | __main__:arrange_library:17628 - 调用时间: 2026-06-05 17:54:24
2026-06-05 17:54:24.138 | INFO     | __main__:arrange_library:17629 - 随机种子: 42 (固定，确保可复现)
2026-06-05 17:54:24.138 | INFO     | __main__:arrange_library:17630 - 运行模式: arrange
2026-06-05 17:54:24.138 | INFO     | __main__:arrange_library:17636 - 
使用数据文件: arrange_library/203_dataDeal.csv
2026-06-05 17:54:24.336 | INFO     | __main__:load_standardized_csv:16835 - 从标准化CSV文件加载数据: arrange_library/203_dataDeal.csv
2026-06-05 17:54:24.365 | INFO     | __main__:load_standardized_csv:16837 - 读取 3009 行数据
2026-06-05 17:54:24.800 | INFO     | __main__:load_standardized_csv:16931 - 成功创建 3009 个文库对象
2026-06-05 17:54:24.802 | INFO     | __main__:arrange_library:17669 - 成功转换 3009 个测试文库
2026-06-05 17:54:24.807 | INFO     | __main__:arrange_library:17698 - AI可排文库筛选完成: 可排=2996，不可排=13，机型排除=0
2026-06-05 17:54:24.807 | INFO     | __main__:arrange_library:17721 - 
================================================================================
2026-06-05 17:54:24.807 | INFO     | __main__:arrange_library:17722 - 步骤0.9: 提前处理1.1第二轮历史固定组合文库
2026-06-05 17:54:24.807 | INFO     | __main__:arrange_library:17723 - ================================================================================
2026-06-05 17:54:24.811 | INFO     | arrange_library.core.scheduling.mode_1_1_round2:identify_round2_candidates:115 - 1.1第二轮候选识别: 候选文库=565, 分组数=5, 非候选文库=2431
2026-06-05 17:54:24.811 | INFO     | arrange_library.core.scheduling.mode_1_1_round2:schedule_round2:148 - 1.1第二轮直出Lane: 候选分组=5
2026-06-05 17:54:24.813 | INFO     | arrange_library.core.scheduling.mode_1_1_round2:schedule_round2:167 - 1.1第二轮直出完成: 生成Lane=5, 调度分组=5, 回流3.6T文库=0
2026-06-05 17:54:24.813 | INFO     | __main__:arrange_library:17733 - 1.1第二轮历史Lane前置直出完成: 候选文库=565, 生成Lane=5, 剩余进入后续排机文库=2431, 回流未成Lane池=0
2026-06-05 17:54:24.813 | INFO     | __main__:arrange_library:17746 - 
================================================================================
2026-06-05 17:54:24.813 | INFO     | __main__:arrange_library:17747 - 步骤1: 处理包Lane文库（wkbaleno字段有值的文库）
2026-06-05 17:54:24.813 | INFO     | __main__:arrange_library:17748 - ================================================================================
2026-06-05 17:54:24.814 | INFO     | __main__:arrange_library:17766 - 包Lane文库数: 0
2026-06-05 17:54:24.814 | INFO     | __main__:arrange_library:17767 - 普通文库数: 2431
2026-06-05 17:54:24.817 | INFO     | arrange_library.core.constraints.index_validator_verified:__init__:77 - Index校验器初始化完成（真实数据验证版本）
2026-06-05 17:54:24.817 | INFO     | arrange_library.core.constraints.lane_validator:__init__:165 - 成Lane校验程序初始化完成 (严格模式: True, 碱基不均衡上限: 35%, 特殊文库关键词: 9个)
2026-06-05 17:54:24.817 | INFO     | __main__:arrange_library:17852 - 
================================================================================
2026-06-05 17:54:24.817 | INFO     | __main__:arrange_library:17853 - 步骤1.3: 1.1前碱基不均衡专Lane预抽取
2026-06-05 17:54:24.817 | INFO     | __main__:arrange_library:17854 - ================================================================================
2026-06-05 17:54:24.908 | INFO     | __main__:_consume_g53_g54_imbalance_as_mode_lanes:1494 - 步骤1.3 G53/G54组合碱基不均1.1专Lane成Lane成功: lane=DLG_Nova X-25B_001, group=G54, 候选77个/7274.6G, 使用11个/2104.7G
2026-06-05 17:54:24.972 | INFO     | __main__:_consume_g53_g54_imbalance_as_mode_lanes:1494 - 步骤1.3 G53/G54组合碱基不均1.1专Lane成Lane成功: lane=DLG_Nova X-25B_002, group=G54, 候选66个/5169.9G, 使用18个/2099.4G
2026-06-05 17:54:25.026 | INFO     | __main__:_consume_g53_g54_imbalance_as_mode_lanes:1482 - 步骤1.3 G53/G54组合碱基不均1.1专Lane未成Lane: group=G54, 候选48个/3070.5G, 贪心选择10个/949.9G, 下限1995.0G, top_failures=[('capacity_out_of_rule_range', 2)]
2026-06-05 17:54:25.027 | INFO     | arrange_library.core.constraints.lane_validator:__init__:165 - 成Lane校验程序初始化完成 (严格模式: True, 碱基不均衡上限: 35%, 特殊文库关键词: 9个)
2026-06-05 17:54:25.031 | INFO     | arrange_library.core.constraints.index_validator_verified:__init__:77 - Index校验器初始化完成（真实数据验证版本）
2026-06-05 17:54:25.031 | INFO     | arrange_library.core.constraints.lane_validator:__init__:165 - 成Lane校验程序初始化完成 (严格模式: True, 碱基不均衡上限: 35%, 特殊文库关键词: 9个)
2026-06-05 17:54:25.033 | WARNING  | arrange_library.core.ai.pooling_coefficient_optimizer:_load_config:40 - Pooling配置表不存在: /data/work/yuyongpeng/liblane_v2_deepseek/data/wktype_pooling_config.xlsx，将使用默认策略
2026-06-05 17:54:25.033 | INFO     | arrange_library.core.ai.pooling_coefficient_optimizer:_load_efficiency_corrections:185 - 产出效率修正表不存在: /data/work/yuyongpeng/liblane_v2_deepseek/data/production_efficiency_correction.csv，跳过后校准
2026-06-05 17:54:25.034 | WARNING  | arrange_library.core.ai.loutput_predictor_wrapper:_load_model:150 - 模型文件不存在: models/loutput_pre_lane_v5/lightgbm_model.pkl
2026-06-05 17:54:25.034 | WARNING  | arrange_library.core.ai.pooling_coefficient_optimizer:__init__:164 - loutput预测器不可用，将使用规则降级策略
2026-06-05 17:54:25.034 | INFO     | arrange_library.core.scheduling.greedy_lane_scheduler:__init__:266 - 逐Lane贪心排机器初始化完成 - 基础容量: 985.0GB, 利用率区间: [100%, 100%], 配置模式: 按机型自动
2026-06-05 17:54:25.034 | INFO     | arrange_library.core.scheduling.greedy_lane_scheduler:__init__:269 - 启用检查: Index=True, 碱基不均衡=True, 规则检查器=False
2026-06-05 17:54:25.035 | INFO     | arrange_library.core.scheduling.greedy_lane_scheduler:_get_dedicated_lane_profile:963 - 专用Lane分组G36剩余合同量3.6G无法满足1.1或3.6T-NEW有效容量下限
2026-06-05 17:54:25.035 | INFO     | arrange_library.core.scheduling.greedy_lane_scheduler:_get_dedicated_lane_profile:963 - 专用Lane分组G33剩余合同量30.0G无法满足1.1或3.6T-NEW有效容量下限
2026-06-05 17:54:25.035 | INFO     | arrange_library.core.scheduling.greedy_lane_scheduler:_get_dedicated_lane_profile:963 - 专用Lane分组G43剩余合同量121.5G无法满足1.1或3.6T-NEW有效容量下限
2026-06-05 17:54:25.036 | INFO     | arrange_library.core.scheduling.greedy_lane_scheduler:_get_dedicated_lane_profile:963 - 专用Lane分组G29剩余合同量4.0G无法满足1.1或3.6T-NEW有效容量下限
2026-06-05 17:54:25.037 | INFO     | arrange_library.core.scheduling.greedy_lane_scheduler:_get_dedicated_lane_profile:963 - 专用Lane分组G6剩余合同量312.3G无法满足1.1或3.6T-NEW有效容量下限
2026-06-05 17:54:25.038 | INFO     | arrange_library.core.scheduling.greedy_lane_scheduler:_get_dedicated_lane_profile:963 - 专用Lane分组G35剩余合同量674.2G无法满足1.1或3.6T-NEW有效容量下限
2026-06-05 17:54:25.039 | INFO     | arrange_library.core.scheduling.greedy_lane_scheduler:_get_dedicated_lane_profile:963 - 专用Lane分组G16剩余合同量64.1G无法满足1.1或3.6T-NEW有效容量下限
2026-06-05 17:54:25.040 | INFO     | arrange_library.core.scheduling.greedy_lane_scheduler:_get_dedicated_lane_profile:963 - 专用Lane分组G19剩余合同量732.5G无法满足1.1或3.6T-NEW有效容量下限
2026-06-05 17:54:25.041 | INFO     | arrange_library.core.scheduling.greedy_lane_scheduler:_get_dedicated_lane_profile:963 - 专用Lane分组G4剩余合同量785.8G无法满足1.1或3.6T-NEW有效容量下限
2026-06-05 17:54:25.041 | INFO     | arrange_library.core.scheduling.greedy_lane_scheduler:_get_dedicated_lane_profile:963 - 专用Lane分组G58剩余合同量357.7G无法满足1.1或3.6T-NEW有效容量下限
2026-06-05 17:54:25.042 | INFO     | arrange_library.core.scheduling.greedy_lane_scheduler:_get_dedicated_lane_profile:963 - 专用Lane分组G7剩余合同量85.2G无法满足1.1或3.6T-NEW有效容量下限
2026-06-05 17:54:25.042 | INFO     | arrange_library.core.scheduling.greedy_lane_scheduler:_get_dedicated_lane_profile:963 - 专用Lane分组G5剩余合同量162.7G无法满足1.1或3.6T-NEW有效容量下限
2026-06-05 17:54:25.042 | INFO     | arrange_library.core.constraints.lane_validator:__init__:165 - 成Lane校验程序初始化完成 (严格模式: True, 碱基不均衡上限: 35%, 特殊文库关键词: 9个)
2026-06-05 17:54:25.043 | INFO     | __main__:arrange_library:17881 - 1.1前碱基不均衡专Lane预抽取完成: 生成Lane=2, 剩余进入1.1普通尝试文库=2402
2026-06-05 17:54:25.043 | INFO     | __main__:arrange_library:17890 - 
================================================================================
2026-06-05 17:54:25.043 | INFO     | __main__:arrange_library:17891 - 步骤1.4: 1.1前客户文库纯Lane预抽取
2026-06-05 17:54:25.043 | INFO     | __main__:arrange_library:17892 - ================================================================================
2026-06-05 17:54:25.056 | INFO     | __main__:_consume_customer_libraries_as_mode_1_1_lanes:9017 - 客户文库1.1优先Lane跳过: FKDL候选250个/1394.6G，按加测/混合150.0G封顶后可用9个/189.5G，不足1.1容量
2026-06-05 17:54:25.056 | INFO     | __main__:arrange_library:17907 - 1.1前客户文库纯Lane预抽取完成: 生成Lane=0, 消耗文库=0, 剩余进入1.1普通尝试文库=2402
2026-06-05 17:54:25.056 | INFO     | __main__:arrange_library:17918 - 
================================================================================
2026-06-05 17:54:25.056 | INFO     | __main__:arrange_library:17919 - 步骤1.5: 1.1首轮排机
2026-06-05 17:54:25.056 | INFO     | __main__:arrange_library:17920 - ================================================================================
2026-06-05 17:54:25.154 | INFO     | __main__:arrange_library:17942 - 步骤1.5-1: 1.1首轮使用剩余未成Lane全集，候选2402个文库
2026-06-05 17:54:25.225 | INFO     | __main__:arrange_library:17971 - 1.1首轮策略: expensive_rescue=True, peak_window_mixed=False, post_fill_optimization=True
2026-06-05 17:54:25.418 | INFO     | __main__:test_with_model:17034 - 
================================================================================
2026-06-05 17:54:25.418 | INFO     | __main__:test_with_model:17035 - 排机流程：纯规则排机
2026-06-05 17:54:25.418 | INFO     | __main__:test_with_model:17036 - ================================================================================
2026-06-05 17:54:25.418 | INFO     | arrange_library.core.constraints.index_validator_verified:__init__:77 - Index校验器初始化完成（真实数据验证版本）
2026-06-05 17:54:25.419 | INFO     | arrange_library.core.constraints.lane_validator:__init__:165 - 成Lane校验程序初始化完成 (严格模式: True, 碱基不均衡上限: 35%, 特殊文库关键词: 9个)
2026-06-05 17:54:25.420 | WARNING  | arrange_library.core.ai.pooling_coefficient_optimizer:_load_config:40 - Pooling配置表不存在: /data/work/yuyongpeng/liblane_v2_deepseek/data/wktype_pooling_config.xlsx，将使用默认策略
2026-06-05 17:54:25.420 | INFO     | arrange_library.core.ai.pooling_coefficient_optimizer:_load_efficiency_corrections:185 - 产出效率修正表不存在: /data/work/yuyongpeng/liblane_v2_deepseek/data/production_efficiency_correction.csv，跳过后校准
2026-06-05 17:54:25.420 | WARNING  | arrange_library.core.ai.loutput_predictor_wrapper:_load_model:150 - 模型文件不存在: models/loutput_pre_lane_v5/lightgbm_model.pkl
2026-06-05 17:54:25.420 | WARNING  | arrange_library.core.ai.pooling_coefficient_optimizer:__init__:164 - loutput预测器不可用，将使用规则降级策略
2026-06-05 17:54:25.420 | INFO     | arrange_library.core.scheduling.greedy_lane_scheduler:__init__:266 - 逐Lane贪心排机器初始化完成 - 基础容量: 985.0GB, 利用率区间: [100%, 100%], 配置模式: 按机型自动
2026-06-05 17:54:25.420 | INFO     | arrange_library.core.scheduling.greedy_lane_scheduler:__init__:269 - 启用检查: Index=True, 碱基不均衡=True, 规则检查器=False
2026-06-05 17:54:25.420 | INFO     | __main__:test_with_model:17062 - 排机阶段：Pooling优化器已禁用（V6流程不需要）
2026-06-05 17:54:25.421 | INFO     | arrange_library.core.constraints.lane_validator:__init__:165 - 成Lane校验程序初始化完成 (严格模式: True, 碱基不均衡上限: 35%, 特殊文库关键词: 9个)
2026-06-05 17:54:25.421 | INFO     | __main__:test_with_model:17066 - 严格校验容量区间改为按统一配置表动态解析
2026-06-05 17:54:25.436 | INFO     | __main__:test_with_model:17088 - 主流程前置拆分完成: 无需拆分
2026-06-05 17:54:25.436 | INFO     | __main__:test_with_model:17103 - Peak窗口混排预构Lane已按调用方要求关闭
2026-06-05 17:54:25.436 | INFO     | arrange_library.core.scheduling.greedy_lane_scheduler:schedule:1064 - 开始逐Lane贪心排机 - 文库数: 2402
2026-06-05 17:54:25.437 | INFO     | arrange_library.core.scheduling.greedy_lane_scheduler:schedule:1074 - 预拆分完成: 使用外层已拆分文库
2026-06-05 17:54:25.444 | INFO     | arrange_library.core.scheduling.greedy_lane_scheduler:_run_batch_analysis:470 - ===== 批次全局分析报告 =====
2026-06-05 17:54:25.444 | INFO     | arrange_library.core.scheduling.greedy_lane_scheduler:_run_batch_analysis:470 - 机器类型: Nova X-25B
2026-06-05 17:54:25.444 | INFO     | arrange_library.core.scheduling.greedy_lane_scheduler:_run_batch_analysis:470 - 文库总数: 2402
2026-06-05 17:54:25.444 | INFO     | arrange_library.core.scheduling.greedy_lane_scheduler:_run_batch_analysis:470 - 总数据量: 17179.7 GB
2026-06-05 17:54:25.444 | INFO     | arrange_library.core.scheduling.greedy_lane_scheduler:_run_batch_analysis:470 - 预估Lane数: 9~9
2026-06-05 17:54:25.444 | INFO     | arrange_library.core.scheduling.greedy_lane_scheduler:_run_batch_analysis:470 - --- 特征标记 ---
2026-06-05 17:54:25.444 | INFO     | arrange_library.core.scheduling.greedy_lane_scheduler:_run_batch_analysis:470 -   包Lane文库: 无
2026-06-05 17:54:25.444 | INFO     | arrange_library.core.scheduling.greedy_lane_scheduler:_run_batch_analysis:470 -   碱基不均衡: 有
2026-06-05 17:54:25.444 | INFO     | arrange_library.core.scheduling.greedy_lane_scheduler:_run_batch_analysis:470 -   客户文库:   无
2026-06-05 17:54:25.444 | INFO     | arrange_library.core.scheduling.greedy_lane_scheduler:_run_batch_analysis:470 -   10bp文库:   有
2026-06-05 17:54:25.444 | INFO     | arrange_library.core.scheduling.greedy_lane_scheduler:_run_batch_analysis:470 -   非10bp文库: 有
2026-06-05 17:54:25.444 | INFO     | arrange_library.core.scheduling.greedy_lane_scheduler:_run_batch_analysis:470 -   特殊组合:   有
2026-06-05 17:54:25.444 | INFO     | arrange_library.core.scheduling.greedy_lane_scheduler:_run_batch_analysis:470 - --- 分组画像 ---
2026-06-05 17:54:25.444 | INFO     | arrange_library.core.scheduling.greedy_lane_scheduler:_run_batch_analysis:470 -   [imbalance] 碱基不均衡文库: 309个文库, 8490.6GB, 预估5~5条Lane
2026-06-05 17:54:25.444 | INFO     | arrange_library.core.scheduling.greedy_lane_scheduler:_run_batch_analysis:470 -   [10bp] 10碱基文库: 2364个文库, 16853.8GB, 预估9~9条Lane
2026-06-05 17:54:25.444 | INFO     | arrange_library.core.scheduling.greedy_lane_scheduler:_run_batch_analysis:470 -   [special_combo_a] 10X 5端/VDJ组合: 94个文库, 3431.0GB, 预估2~2条Lane
2026-06-05 17:54:25.444 | INFO     | arrange_library.core.scheduling.greedy_lane_scheduler:_run_batch_analysis:470 -   [all] 全部文库: 2402个文库, 17179.7GB, 预估9~9条Lane
2026-06-05 17:54:25.444 | INFO     | arrange_library.core.scheduling.greedy_lane_scheduler:_run_batch_analysis:470 -   [non_10bp] 非10碱基文库: 38个文库, 326.0GB, 预估1~1条Lane
2026-06-05 17:54:25.444 | INFO     | arrange_library.core.scheduling.greedy_lane_scheduler:_run_batch_analysis:470 -   [special_combo_b] 10X 3端/Visium组合: 48个文库, 3070.5GB, 预估2~2条Lane
2026-06-05 17:54:25.445 | INFO     | arrange_library.core.scheduling.greedy_lane_scheduler:_run_batch_analysis:470 - --- 专用Lane推荐 ---
2026-06-05 17:54:25.445 | INFO     | arrange_library.core.scheduling.greedy_lane_scheduler:_run_batch_analysis:470 -   [imbalance] 碱基不均衡文库数据量充足，可包专用Lane避免混排占比限制 - 约4条Lane, 8490.6GB, 置信度: high
2026-06-05 17:54:25.445 | INFO     | arrange_library.core.scheduling.greedy_lane_scheduler:_run_batch_analysis:470 -   [special_combo_a] 10X 5端/VDJ文库可独占Lane（与3端互斥） - 约1条Lane, 3431.0GB, 置信度: high
2026-06-05 17:54:25.445 | INFO     | arrange_library.core.scheduling.greedy_lane_scheduler:_run_batch_analysis:470 -   [special_combo_b] 10X 3端/Visium文库可独占Lane（与5端互斥） - 约1条Lane, 3070.5GB, 置信度: high
2026-06-05 17:54:25.445 | INFO     | arrange_library.core.scheduling.greedy_lane_scheduler:_run_batch_analysis:470 - --- 混排约束 ---
2026-06-05 17:54:25.445 | INFO     | arrange_library.core.scheduling.greedy_lane_scheduler:_run_batch_analysis:470 -   [tj_1595_special_combo_groups_not_mixed] special_combo_a vs special_combo_b: 10X 5端/VDJ 与 10X 3端/Visium 文库不可混排，必须分开
2026-06-05 17:54:25.445 | INFO     | arrange_library.core.scheduling.greedy_lane_scheduler:_run_batch_analysis:470 -   [imbalance_max_30pct] imbalance vs all: 碱基不均衡文库全局占比49.4%，超过30%上限，必须拆分为专用Lane
2026-06-05 17:54:25.445 | INFO     | arrange_library.core.scheduling.greedy_lane_scheduler:_run_batch_analysis:470 - --- 尾部风险 ---
2026-06-05 17:54:25.445 | INFO     | arrange_library.core.scheduling.greedy_lane_scheduler:_run_batch_analysis:470 -   [imbalance] 碱基不均衡文库排完整Lane后剩余510.6GB，不足半Lane(998GB)，需要大文库骨架携带或混入散样Lane - 510.6GB, 309个, 严重程度: medium
2026-06-05 17:54:25.445 | INFO     | arrange_library.core.scheduling.greedy_lane_scheduler:_run_batch_analysis:470 -   [non_10bp] 非10碱基文库排完整Lane后剩余326.0GB，不足半Lane(1048GB)，需要大文库骨架携带或混入散样Lane - 326.0GB, 38个, 严重程度: high
2026-06-05 17:54:25.445 | INFO     | arrange_library.core.scheduling.greedy_lane_scheduler:_run_batch_analysis:470 - --- 策略建议 ---
2026-06-05 17:54:25.445 | INFO     | arrange_library.core.scheduling.greedy_lane_scheduler:_run_batch_analysis:470 -   - 碱基不均衡文库数据量充足，优先形成专用Lane
2026-06-05 17:54:25.445 | INFO     | arrange_library.core.scheduling.greedy_lane_scheduler:_run_batch_analysis:470 -   - 特殊10X组合文库应分别走专用Lane（互斥规则）
2026-06-05 17:54:25.445 | INFO     | arrange_library.core.scheduling.greedy_lane_scheduler:_run_batch_analysis:470 -   - 存在1个高风险尾部分组，建议启用骨架预留(大带小)
2026-06-05 17:54:25.445 | INFO     | arrange_library.core.scheduling.greedy_lane_scheduler:_run_batch_analysis:470 - ===== 报告结束 =====
2026-06-05 17:54:25.445 | INFO     | arrange_library.core.scheduling.greedy_lane_scheduler:_run_batch_analysis:476 - 保留外部传入的策略执行计划，仅使用批次分析报告
2026-06-05 17:54:25.451 | INFO     | arrange_library.core.scheduling.greedy_lane_scheduler:schedule:1110 - 处理机器类型 Nova X-25B - 文库数: 2402 - Lane容量: 1050.0GB, 利用率区间: [100%, 100%], 特殊文库上限: 350GB
2026-06-05 17:54:25.453 | INFO     | arrange_library.core.scheduling.greedy_lane_scheduler:schedule:1138 - 碱基不均衡专用Lane策略: 309个碱基不均衡文库
2026-06-05 17:54:25.453 | INFO     | arrange_library.core.scheduling.greedy_lane_scheduler:_get_dedicated_lane_profile:963 - 专用Lane分组G33剩余合同量30.0G无法满足1.1或3.6T-NEW有效容量下限
2026-06-05 17:54:25.454 | INFO     | arrange_library.core.scheduling.greedy_lane_scheduler:_get_dedicated_lane_profile:963 - 专用Lane分组G29剩余合同量4.0G无法满足1.1或3.6T-NEW有效容量下限
2026-06-05 17:54:25.454 | INFO     | arrange_library.core.scheduling.greedy_lane_scheduler:_get_dedicated_lane_profile:963 - 专用Lane分组G36剩余合同量3.6G无法满足1.1或3.6T-NEW有效容量下限
2026-06-05 17:54:25.454 | INFO     | arrange_library.core.scheduling.greedy_lane_scheduler:_get_dedicated_lane_profile:963 - 专用Lane分组G43剩余合同量121.5G无法满足1.1或3.6T-NEW有效容量下限
2026-06-05 17:54:25.455 | INFO     | arrange_library.core.scheduling.greedy_lane_scheduler:_get_dedicated_lane_profile:963 - 专用Lane分组G5剩余合同量162.7G无法满足1.1或3.6T-NEW有效容量下限
2026-06-05 17:54:25.455 | INFO     | arrange_library.core.scheduling.greedy_lane_scheduler:_get_dedicated_lane_profile:963 - 专用Lane分组G58剩余合同量357.7G无法满足1.1或3.6T-NEW有效容量下限
2026-06-05 17:54:25.455 | INFO     | arrange_library.core.scheduling.greedy_lane_scheduler:_get_dedicated_lane_profile:963 - 专用Lane分组G4剩余合同量785.8G无法满足1.1或3.6T-NEW有效容量下限
2026-06-05 17:54:25.456 | INFO     | arrange_library.core.scheduling.greedy_lane_scheduler:_get_dedicated_lane_profile:963 - 专用Lane分组G19剩余合同量732.5G无法满足1.1或3.6T-NEW有效容量下限
2026-06-05 17:54:25.457 | INFO     | arrange_library.core.scheduling.greedy_lane_scheduler:_get_dedicated_lane_profile:963 - 专用Lane分组G35剩余合同量674.2G无法满足1.1或3.6T-NEW有效容量下限
2026-06-05 17:54:25.457 | INFO     | arrange_library.core.scheduling.greedy_lane_scheduler:_get_dedicated_lane_profile:963 - 专用Lane分组G6剩余合同量312.3G无法满足1.1或3.6T-NEW有效容量下限
2026-06-05 17:54:25.458 | INFO     | arrange_library.core.scheduling.greedy_lane_scheduler:_get_dedicated_lane_profile:963 - 专用Lane分组G16剩余合同量64.1G无法满足1.1或3.6T-NEW有效容量下限
2026-06-05 17:54:25.458 | INFO     | arrange_library.core.scheduling.greedy_lane_scheduler:_get_dedicated_lane_profile:963 - 专用Lane分组G7剩余合同量85.2G无法满足1.1或3.6T-NEW有效容量下限
2026-06-05 17:54:25.458 | INFO     | arrange_library.core.scheduling.greedy_lane_scheduler:schedule:1144 - 形成0条专用Lane，剩余309个碱基不均衡文库
2026-06-05 17:54:27.616 | INFO     | arrange_library.core.scheduling.greedy_lane_scheduler:schedule:1216 - 第二轮排机: 2087 个未分配文库（随机顺序）
2026-06-05 17:54:28.543 | INFO     | arrange_library.core.scheduling.greedy_lane_scheduler:schedule:1232 - 第三轮排机: 2087 个未分配文库（小文库优先）
2026-06-05 17:54:34.013 | INFO     | arrange_library.core.scheduling.greedy_lane_scheduler:schedule:1275 - 连续5轮无新Lane且未分配池不变，提前结束无效重试
2026-06-05 17:54:34.016 | INFO     | arrange_library.core.scheduling.greedy_lane_scheduler:_get_dedicated_lane_profile:963 - 专用Lane分组G33剩余合同量30.0G无法满足1.1或3.6T-NEW有效容量下限
2026-06-05 17:54:34.016 | INFO     | arrange_library.core.scheduling.greedy_lane_scheduler:_get_dedicated_lane_profile:963 - 专用Lane分组G36剩余合同量3.6G无法满足1.1或3.6T-NEW有效容量下限
2026-06-05 17:54:34.016 | INFO     | arrange_library.core.scheduling.greedy_lane_scheduler:_get_dedicated_lane_profile:963 - 专用Lane分组G29剩余合同量4.0G无法满足1.1或3.6T-NEW有效容量下限
2026-06-05 17:54:34.017 | INFO     | arrange_library.core.scheduling.greedy_lane_scheduler:_get_dedicated_lane_profile:963 - 专用Lane分组G43剩余合同量121.5G无法满足1.1或3.6T-NEW有效容量下限
2026-06-05 17:54:34.017 | INFO     | arrange_library.core.scheduling.greedy_lane_scheduler:_get_dedicated_lane_profile:963 - 专用Lane分组G5剩余合同量162.7G无法满足1.1或3.6T-NEW有效容量下限
2026-06-05 17:54:34.017 | INFO     | arrange_library.core.scheduling.greedy_lane_scheduler:_get_dedicated_lane_profile:963 - 专用Lane分组G58剩余合同量357.7G无法满足1.1或3.6T-NEW有效容量下限
2026-06-05 17:54:34.018 | INFO     | arrange_library.core.scheduling.greedy_lane_scheduler:_get_dedicated_lane_profile:963 - 专用Lane分组G4剩余合同量785.8G无法满足1.1或3.6T-NEW有效容量下限
2026-06-05 17:54:34.018 | INFO     | arrange_library.core.scheduling.greedy_lane_scheduler:_get_dedicated_lane_profile:963 - 专用Lane分组G19剩余合同量732.5G无法满足1.1或3.6T-NEW有效容量下限
2026-06-05 17:54:34.019 | INFO     | arrange_library.core.scheduling.greedy_lane_scheduler:_get_dedicated_lane_profile:963 - 专用Lane分组G35剩余合同量674.2G无法满足1.1或3.6T-NEW有效容量下限
2026-06-05 17:54:34.020 | INFO     | arrange_library.core.scheduling.greedy_lane_scheduler:_get_dedicated_lane_profile:963 - 专用Lane分组G6剩余合同量312.3G无法满足1.1或3.6T-NEW有效容量下限
2026-06-05 17:54:34.020 | INFO     | arrange_library.core.scheduling.greedy_lane_scheduler:_get_dedicated_lane_profile:963 - 专用Lane分组G16剩余合同量64.1G无法满足1.1或3.6T-NEW有效容量下限
2026-06-05 17:54:34.021 | INFO     | arrange_library.core.scheduling.greedy_lane_scheduler:_get_dedicated_lane_profile:963 - 专用Lane分组G7剩余合同量85.2G无法满足1.1或3.6T-NEW有效容量下限
2026-06-05 17:54:34.021 | INFO     | arrange_library.core.scheduling.greedy_lane_scheduler:_build_imbalance_dedicated_lanes:1029 - 专用Lane创建完成: 0条Lane, 308个碱基不均衡文库待分配, 1779个中性文库待分配
2026-06-05 17:54:34.021 | INFO     | arrange_library.core.scheduling.greedy_lane_scheduler:schedule:1366 - 最后填充策略: 尝试将2087个未分配文库塞入已有Lane
2026-06-05 17:54:37.009 | INFO     | arrange_library.core.scheduling.greedy_lane_scheduler:schedule:1737 - 最后填充策略: 成功塞入8个文库，踢出0个违反规则的文库，剩余2079个无法分配
2026-06-05 17:54:37.031 | INFO     | arrange_library.core.scheduling.greedy_lane_scheduler:_optimize_by_redistribution:6139 - 挪移优化: 未分配数据量14925GB已足够，尝试精选组建新Lane
2026-06-05 17:54:37.042 | INFO     | arrange_library.core.scheduling.greedy_lane_scheduler:_try_form_lane_from_unassigned:6410 - 残余精选: 内部1830个, 客户249个
2026-06-05 17:54:37.489 | INFO     | arrange_library.core.constraints.lane_validator:__init__:165 - 成Lane校验程序初始化完成 (严格模式: True, 碱基不均衡上限: 35%, 特殊文库关键词: 9个)
2026-06-05 17:54:37.491 | INFO     | arrange_library.core.scheduling.greedy_lane_scheduler:_try_form_lane_from_unassigned:6501 - 残余精选: 验证失败 - ValidationError(rule_type=<ValidationRuleType.CUSTOMER_PRODUCTION_MIX_RATIO: 'customer_production_mix_ratio'>, severity=<ValidationSeverity.ERROR: 'error'>, message='手工/客户侧与产线混合Lane少数侧占比0.0%不符合规则(应>=5%)', current_value=0.0004957875794124873, threshold_value=0.05, affected_libraries=[]), ValidationError(rule_type=<ValidationRuleType.BASE_IMBALANCE_RATIO: 'base_imbalance_ratio'>, severity=<ValidationSeverity.ERROR: 'error'>, message='碱基不均衡占比100.0%超过35%限制', current_value=0.9995042124205873, threshold_value=0.35, affected_libraries=[14367308, 14367341, 14367343, 14370000, 14370005, 14369999, 14367346, 14367327, 14367335, 14367325, 14367329, 14367330, 14367317, 14367331, 14367336, 14367334, 14370667, 14370866, 14370867, 14371099])
2026-06-05 17:54:37.491 | INFO     | arrange_library.core.scheduling.greedy_lane_scheduler:_optimize_by_redistribution:6143 - 挪移优化: 精选组建失败，继续尝试挪移策略
2026-06-05 17:54:37.491 | INFO     | arrange_library.core.scheduling.greedy_lane_scheduler:_optimize_by_redistribution:6146 - 挪移优化: 未分配2079个文库(14925GB)，需要从现有Lane挪出-12830GB
2026-06-05 17:54:37.510 | WARNING  | arrange_library.core.scheduling.greedy_lane_scheduler:_optimize_by_redistribution:6370 - 挪移优化: 新Lane GL_Nova X-25B_010 验证失败: 容量超限: 14925.5GB > 2255.0GB，放弃创建
2026-06-05 17:54:37.512 | INFO     | arrange_library.core.scheduling.greedy_lane_scheduler:schedule:1807 - 逐Lane贪心排机完成 - Lane数: 1, 已分配: 323/2402, 未分配: 2079, 平均利用率: 103.6%, 耗时: 12.08秒
2026-06-05 17:54:37.513 | INFO     | arrange_library.core.constraints.lane_validator:__init__:165 - 成Lane校验程序初始化完成 (严格模式: False, 碱基不均衡上限: 35%, 特殊文库关键词: 9个)
2026-06-05 17:54:37.605 | INFO     | arrange_library.core.scheduling.greedy_lane_scheduler:_validate_all_lanes:2169 - 最终验证结果: 1条Lane通过，2079个文库未分配
2026-06-05 17:54:38.059 | INFO     | __main__:_build_global_round_robin_lane:5049 - 全局轮转混排未成Lane: prefix=G1, pool_size=2079, best=0个/0.0G, min=2095.0G
2026-06-05 17:54:38.060 | INFO     | __main__:test_with_model:17159 - wkspecialsplits边排边检查完成: 无需调整
2026-06-05 17:54:38.241 | INFO     | __main__:test_with_model:17194 - 验证完成：1条Lane通过验证
2026-06-05 17:54:38.241 | INFO     | __main__:test_with_model:17215 - 57规则二次改排救援已关闭，失败Lane文库回收到未分配池
2026-06-05 17:54:38.246 | INFO     | __main__:_should_skip_expensive_rescue_stage:2521 - 高成本救援(EX/RB)跳过: 未分配池过大=2079个/14925.5G，优先保证主排机时效
2026-06-05 17:54:38.302 | INFO     | __main__:_build_global_round_robin_lane:5049 - 全局轮转混排未成Lane: prefix=G1, pool_size=2079, best=0个/0.0G, min=2095.0G
2026-06-05 17:54:38.302 | INFO     | __main__:test_with_model:17455 - 剩余库全局轮转混排未新增Lane: 剩余未分配=2079
2026-06-05 17:54:38.306 | INFO     | __main__:test_with_model:17485 - 脚本内置 Pooling 预测已停用，后续统一调用 prediction_delivery
2026-06-05 17:54:38.658 | INFO     | __main__:_enforce_mode_1_1_add_test_cap_per_lane:2030 - 1.1首轮Lane加测/混合封顶生效: lane=GL_Nova X-25B_001, 保留149.6G, 回退8个/53.2G到未分配池，补位后Lane=2201.1G (单Lane上限150.0G)
2026-06-05 17:54:38.658 | INFO     | __main__:arrange_library:18000 - 1.1首轮单Lane加测/混合封顶完成: 调整Lane=1, 回退文库=8个/53.2G，补位文库=0个，修复达标Lane=1
2026-06-05 17:54:38.979 | INFO     | __main__:arrange_library:18052 - 1.1首轮二次补排启动: 首轮剩余文库=2087个
2026-06-05 17:54:38.979 | INFO     | __main__:arrange_library:18053 - 1.1首轮二次补排策略: expensive_rescue=True, peak_window_mixed=True, post_fill_optimization=True
2026-06-05 17:54:39.286 | INFO     | __main__:test_with_model:17034 - 
================================================================================
2026-06-05 17:54:39.286 | INFO     | __main__:test_with_model:17035 - 排机流程：纯规则排机
2026-06-05 17:54:39.287 | INFO     | __main__:test_with_model:17036 - ================================================================================
2026-06-05 17:54:39.287 | INFO     | arrange_library.core.constraints.index_validator_verified:__init__:77 - Index校验器初始化完成（真实数据验证版本）
2026-06-05 17:54:39.287 | INFO     | arrange_library.core.constraints.lane_validator:__init__:165 - 成Lane校验程序初始化完成 (严格模式: True, 碱基不均衡上限: 35%, 特殊文库关键词: 9个)
2026-06-05 17:54:39.288 | WARNING  | arrange_library.core.ai.pooling_coefficient_optimizer:_load_config:40 - Pooling配置表不存在: /data/work/yuyongpeng/liblane_v2_deepseek/data/wktype_pooling_config.xlsx，将使用默认策略
2026-06-05 17:54:39.289 | INFO     | arrange_library.core.ai.pooling_coefficient_optimizer:_load_efficiency_corrections:185 - 产出效率修正表不存在: /data/work/yuyongpeng/liblane_v2_deepseek/data/production_efficiency_correction.csv，跳过后校准
2026-06-05 17:54:39.289 | WARNING  | arrange_library.core.ai.loutput_predictor_wrapper:_load_model:150 - 模型文件不存在: models/loutput_pre_lane_v5/lightgbm_model.pkl
2026-06-05 17:54:39.289 | WARNING  | arrange_library.core.ai.pooling_coefficient_optimizer:__init__:164 - loutput预测器不可用，将使用规则降级策略
2026-06-05 17:54:39.289 | INFO     | arrange_library.core.scheduling.greedy_lane_scheduler:__init__:266 - 逐Lane贪心排机器初始化完成 - 基础容量: 985.0GB, 利用率区间: [100%, 100%], 配置模式: 按机型自动
2026-06-05 17:54:39.289 | INFO     | arrange_library.core.scheduling.greedy_lane_scheduler:__init__:269 - 启用检查: Index=True, 碱基不均衡=True, 规则检查器=False
2026-06-05 17:54:39.289 | INFO     | __main__:test_with_model:17062 - 排机阶段：Pooling优化器已禁用（V6流程不需要）
2026-06-05 17:54:39.289 | INFO     | arrange_library.core.constraints.lane_validator:__init__:165 - 成Lane校验程序初始化完成 (严格模式: True, 碱基不均衡上限: 35%, 特殊文库关键词: 9个)
2026-06-05 17:54:39.289 | INFO     | __main__:test_with_model:17066 - 严格校验容量区间改为按统一配置表动态解析
2026-06-05 17:54:39.301 | INFO     | __main__:test_with_model:17088 - 主流程前置拆分完成: 无需拆分
2026-06-05 17:54:39.952 | INFO     | __main__:_extract_mixed_lanes_by_peak_window:7479 - 混排Peak窗口: 419-569bp, 1837个文库/13419G, 理论最多6条Lane
2026-06-05 17:54:40.446 | INFO     | __main__:_extract_mixed_lanes_by_peak_window:7515 - 混排Lane预抽取完成: 新增Lane=0，使用文库=0个/0.0G，剩余待排=2087个/14978.7G
2026-06-05 17:54:40.447 | INFO     | arrange_library.core.scheduling.greedy_lane_scheduler:schedule:1064 - 开始逐Lane贪心排机 - 文库数: 2087
2026-06-05 17:54:40.447 | INFO     | arrange_library.core.scheduling.greedy_lane_scheduler:schedule:1074 - 预拆分完成: 使用外层已拆分文库
2026-06-05 17:54:40.453 | INFO     | arrange_library.core.scheduling.greedy_lane_scheduler:_run_batch_analysis:470 - ===== 批次全局分析报告 =====
2026-06-05 17:54:40.453 | INFO     | arrange_library.core.scheduling.greedy_lane_scheduler:_run_batch_analysis:470 - 机器类型: NovaSeq X Plus
2026-06-05 17:54:40.453 | INFO     | arrange_library.core.scheduling.greedy_lane_scheduler:_run_batch_analysis:470 - 文库总数: 2087
2026-06-05 17:54:40.453 | INFO     | arrange_library.core.scheduling.greedy_lane_scheduler:_run_batch_analysis:470 - 总数据量: 14978.7 GB
2026-06-05 17:54:40.453 | INFO     | arrange_library.core.scheduling.greedy_lane_scheduler:_run_batch_analysis:470 - 预估Lane数: 8~8
2026-06-05 17:54:40.453 | INFO     | arrange_library.core.scheduling.greedy_lane_scheduler:_run_batch_analysis:470 - --- 特征标记 ---
2026-06-05 17:54:40.453 | INFO     | arrange_library.core.scheduling.greedy_lane_scheduler:_run_batch_analysis:470 -   包Lane文库: 无
2026-06-05 17:54:40.453 | INFO     | arrange_library.core.scheduling.greedy_lane_scheduler:_run_batch_analysis:470 -   碱基不均衡: 有
2026-06-05 17:54:40.453 | INFO     | arrange_library.core.scheduling.greedy_lane_scheduler:_run_batch_analysis:470 -   客户文库:   无
2026-06-05 17:54:40.453 | INFO     | arrange_library.core.scheduling.greedy_lane_scheduler:_run_batch_analysis:470 -   10bp文库:   有
2026-06-05 17:54:40.453 | INFO     | arrange_library.core.scheduling.greedy_lane_scheduler:_run_batch_analysis:470 -   非10bp文库: 有
2026-06-05 17:54:40.453 | INFO     | arrange_library.core.scheduling.greedy_lane_scheduler:_run_batch_analysis:470 -   特殊组合:   有
2026-06-05 17:54:40.453 | INFO     | arrange_library.core.scheduling.greedy_lane_scheduler:_run_batch_analysis:470 - --- 分组画像 ---
2026-06-05 17:54:40.453 | INFO     | arrange_library.core.scheduling.greedy_lane_scheduler:_run_batch_analysis:470 -   [imbalance] 碱基不均衡文库: 308个文库, 8290.6GB, 预估4~5条Lane
2026-06-05 17:54:40.453 | INFO     | arrange_library.core.scheduling.greedy_lane_scheduler:_run_batch_analysis:470 -   [10bp] 10碱基文库: 2050个文库, 14656.2GB, 预估7~8条Lane
2026-06-05 17:54:40.453 | INFO     | arrange_library.core.scheduling.greedy_lane_scheduler:_run_batch_analysis:470 -   [special_combo_b] 10X 3端/Visium组合: 48个文库, 3070.5GB, 预估2~2条Lane
2026-06-05 17:54:40.453 | INFO     | arrange_library.core.scheduling.greedy_lane_scheduler:_run_batch_analysis:470 -   [all] 全部文库: 2087个文库, 14978.7GB, 预估8~8条Lane
2026-06-05 17:54:40.453 | INFO     | arrange_library.core.scheduling.greedy_lane_scheduler:_run_batch_analysis:470 -   [special_combo_a] 10X 5端/VDJ组合: 93个文库, 3231.0GB, 预估2~2条Lane
2026-06-05 17:54:40.453 | INFO     | arrange_library.core.scheduling.greedy_lane_scheduler:_run_batch_analysis:470 -   [non_10bp] 非10碱基文库: 37个文库, 322.5GB, 预估1~1条Lane
2026-06-05 17:54:40.453 | INFO     | arrange_library.core.scheduling.greedy_lane_scheduler:_run_batch_analysis:470 - --- 专用Lane推荐 ---
2026-06-05 17:54:40.453 | INFO     | arrange_library.core.scheduling.greedy_lane_scheduler:_run_batch_analysis:470 -   [imbalance] 碱基不均衡文库数据量充足，可包专用Lane避免混排占比限制 - 约4条Lane, 8290.6GB, 置信度: high
2026-06-05 17:54:40.453 | INFO     | arrange_library.core.scheduling.greedy_lane_scheduler:_run_batch_analysis:470 -   [special_combo_a] 10X 5端/VDJ文库可独占Lane（与3端互斥） - 约1条Lane, 3231.0GB, 置信度: high
2026-06-05 17:54:40.453 | INFO     | arrange_library.core.scheduling.greedy_lane_scheduler:_run_batch_analysis:470 -   [special_combo_b] 10X 3端/Visium文库可独占Lane（与5端互斥） - 约1条Lane, 3070.5GB, 置信度: high
2026-06-05 17:54:40.453 | INFO     | arrange_library.core.scheduling.greedy_lane_scheduler:_run_batch_analysis:470 - --- 混排约束 ---
2026-06-05 17:54:40.453 | INFO     | arrange_library.core.scheduling.greedy_lane_scheduler:_run_batch_analysis:470 -   [tj_1595_special_combo_groups_not_mixed] special_combo_a vs special_combo_b: 10X 5端/VDJ 与 10X 3端/Visium 文库不可混排，必须分开
2026-06-05 17:54:40.453 | INFO     | arrange_library.core.scheduling.greedy_lane_scheduler:_run_batch_analysis:470 -   [imbalance_max_30pct] imbalance vs all: 碱基不均衡文库全局占比55.3%，超过30%上限，必须拆分为专用Lane
2026-06-05 17:54:40.453 | INFO     | arrange_library.core.scheduling.greedy_lane_scheduler:_run_batch_analysis:470 - --- 尾部风险 ---
2026-06-05 17:54:40.453 | INFO     | arrange_library.core.scheduling.greedy_lane_scheduler:_run_batch_analysis:470 -   [imbalance] 碱基不均衡文库排完整Lane后剩余310.6GB，不足半Lane(998GB)，需要大文库骨架携带或混入散样Lane - 310.6GB, 308个, 严重程度: high
2026-06-05 17:54:40.453 | INFO     | arrange_library.core.scheduling.greedy_lane_scheduler:_run_batch_analysis:470 -   [non_10bp] 非10碱基文库排完整Lane后剩余322.5GB，不足半Lane(1048GB)，需要大文库骨架携带或混入散样Lane - 322.5GB, 37个, 严重程度: high
2026-06-05 17:54:40.453 | INFO     | arrange_library.core.scheduling.greedy_lane_scheduler:_run_batch_analysis:470 - --- 策略建议 ---
2026-06-05 17:54:40.453 | INFO     | arrange_library.core.scheduling.greedy_lane_scheduler:_run_batch_analysis:470 -   - 碱基不均衡文库数据量充足，优先形成专用Lane
2026-06-05 17:54:40.453 | INFO     | arrange_library.core.scheduling.greedy_lane_scheduler:_run_batch_analysis:470 -   - 特殊10X组合文库应分别走专用Lane（互斥规则）
2026-06-05 17:54:40.453 | INFO     | arrange_library.core.scheduling.greedy_lane_scheduler:_run_batch_analysis:470 -   - 存在2个高风险尾部分组，建议启用骨架预留(大带小)
2026-06-05 17:54:40.453 | INFO     | arrange_library.core.scheduling.greedy_lane_scheduler:_run_batch_analysis:470 - ===== 报告结束 =====
2026-06-05 17:54:40.453 | INFO     | arrange_library.core.scheduling.greedy_lane_scheduler:_run_batch_analysis:476 - 保留外部传入的策略执行计划，仅使用批次分析报告
2026-06-05 17:54:40.457 | INFO     | arrange_library.core.scheduling.greedy_lane_scheduler:schedule:1110 - 处理机器类型 Nova X-25B - 文库数: 2087 - Lane容量: 1050.0GB, 利用率区间: [100%, 100%], 特殊文库上限: 350GB
2026-06-05 17:54:40.458 | INFO     | arrange_library.core.scheduling.greedy_lane_scheduler:schedule:1138 - 碱基不均衡专用Lane策略: 308个碱基不均衡文库
2026-06-05 17:54:40.458 | INFO     | arrange_library.core.scheduling.greedy_lane_scheduler:_get_dedicated_lane_profile:963 - 专用Lane分组G33剩余合同量30.0G无法满足1.1或3.6T-NEW有效容量下限
2026-06-05 17:54:40.459 | INFO     | arrange_library.core.scheduling.greedy_lane_scheduler:_get_dedicated_lane_profile:963 - 专用Lane分组G36剩余合同量3.6G无法满足1.1或3.6T-NEW有效容量下限
2026-06-05 17:54:40.459 | INFO     | arrange_library.core.scheduling.greedy_lane_scheduler:_get_dedicated_lane_profile:963 - 专用Lane分组G29剩余合同量4.0G无法满足1.1或3.6T-NEW有效容量下限
2026-06-05 17:54:40.459 | INFO     | arrange_library.core.scheduling.greedy_lane_scheduler:_get_dedicated_lane_profile:963 - 专用Lane分组G43剩余合同量121.5G无法满足1.1或3.6T-NEW有效容量下限
2026-06-05 17:54:40.459 | INFO     | arrange_library.core.scheduling.greedy_lane_scheduler:_get_dedicated_lane_profile:963 - 专用Lane分组G5剩余合同量162.7G无法满足1.1或3.6T-NEW有效容量下限
2026-06-05 17:54:40.460 | INFO     | arrange_library.core.scheduling.greedy_lane_scheduler:_get_dedicated_lane_profile:963 - 专用Lane分组G58剩余合同量357.7G无法满足1.1或3.6T-NEW有效容量下限
2026-06-05 17:54:40.460 | INFO     | arrange_library.core.scheduling.greedy_lane_scheduler:_get_dedicated_lane_profile:963 - 专用Lane分组G4剩余合同量785.8G无法满足1.1或3.6T-NEW有效容量下限
2026-06-05 17:54:40.461 | INFO     | arrange_library.core.scheduling.greedy_lane_scheduler:_get_dedicated_lane_profile:963 - 专用Lane分组G19剩余合同量732.5G无法满足1.1或3.6T-NEW有效容量下限
2026-06-05 17:54:40.462 | INFO     | arrange_library.core.scheduling.greedy_lane_scheduler:_get_dedicated_lane_profile:963 - 专用Lane分组G35剩余合同量674.2G无法满足1.1或3.6T-NEW有效容量下限
2026-06-05 17:54:40.462 | INFO     | arrange_library.core.scheduling.greedy_lane_scheduler:_get_dedicated_lane_profile:963 - 专用Lane分组G6剩余合同量312.3G无法满足1.1或3.6T-NEW有效容量下限
2026-06-05 17:54:40.462 | INFO     | arrange_library.core.scheduling.greedy_lane_scheduler:_get_dedicated_lane_profile:963 - 专用Lane分组G16剩余合同量64.1G无法满足1.1或3.6T-NEW有效容量下限
2026-06-05 17:54:40.463 | INFO     | arrange_library.core.scheduling.greedy_lane_scheduler:_get_dedicated_lane_profile:963 - 专用Lane分组G7剩余合同量85.2G无法满足1.1或3.6T-NEW有效容量下限
2026-06-05 17:54:40.463 | INFO     | arrange_library.core.scheduling.greedy_lane_scheduler:schedule:1144 - 形成0条专用Lane，剩余308个碱基不均衡文库
2026-06-05 17:54:41.401 | INFO     | arrange_library.core.scheduling.greedy_lane_scheduler:schedule:1216 - 第二轮排机: 2087 个未分配文库（随机顺序）
2026-06-05 17:54:42.329 | INFO     | arrange_library.core.scheduling.greedy_lane_scheduler:schedule:1232 - 第三轮排机: 2087 个未分配文库（小文库优先）
2026-06-05 17:54:47.823 | INFO     | arrange_library.core.scheduling.greedy_lane_scheduler:schedule:1275 - 连续5轮无新Lane且未分配池不变，提前结束无效重试
2026-06-05 17:54:47.825 | INFO     | arrange_library.core.scheduling.greedy_lane_scheduler:_get_dedicated_lane_profile:963 - 专用Lane分组G33剩余合同量30.0G无法满足1.1或3.6T-NEW有效容量下限
2026-06-05 17:54:47.826 | INFO     | arrange_library.core.scheduling.greedy_lane_scheduler:_get_dedicated_lane_profile:963 - 专用Lane分组G29剩余合同量4.0G无法满足1.1或3.6T-NEW有效容量下限
2026-06-05 17:54:47.826 | INFO     | arrange_library.core.scheduling.greedy_lane_scheduler:_get_dedicated_lane_profile:963 - 专用Lane分组G36剩余合同量3.6G无法满足1.1或3.6T-NEW有效容量下限
2026-06-05 17:54:47.826 | INFO     | arrange_library.core.scheduling.greedy_lane_scheduler:_get_dedicated_lane_profile:963 - 专用Lane分组G43剩余合同量121.5G无法满足1.1或3.6T-NEW有效容量下限
2026-06-05 17:54:47.827 | INFO     | arrange_library.core.scheduling.greedy_lane_scheduler:_get_dedicated_lane_profile:963 - 专用Lane分组G5剩余合同量162.7G无法满足1.1或3.6T-NEW有效容量下限
2026-06-05 17:54:47.827 | INFO     | arrange_library.core.scheduling.greedy_lane_scheduler:_get_dedicated_lane_profile:963 - 专用Lane分组G58剩余合同量357.7G无法满足1.1或3.6T-NEW有效容量下限
2026-06-05 17:54:47.827 | INFO     | arrange_library.core.scheduling.greedy_lane_scheduler:_get_dedicated_lane_profile:963 - 专用Lane分组G4剩余合同量785.8G无法满足1.1或3.6T-NEW有效容量下限
2026-06-05 17:54:47.828 | INFO     | arrange_library.core.scheduling.greedy_lane_scheduler:_get_dedicated_lane_profile:963 - 专用Lane分组G19剩余合同量732.5G无法满足1.1或3.6T-NEW有效容量下限
2026-06-05 17:54:47.829 | INFO     | arrange_library.core.scheduling.greedy_lane_scheduler:_get_dedicated_lane_profile:963 - 专用Lane分组G35剩余合同量674.2G无法满足1.1或3.6T-NEW有效容量下限
2026-06-05 17:54:47.829 | INFO     | arrange_library.core.scheduling.greedy_lane_scheduler:_get_dedicated_lane_profile:963 - 专用Lane分组G6剩余合同量312.3G无法满足1.1或3.6T-NEW有效容量下限
2026-06-05 17:54:47.830 | INFO     | arrange_library.core.scheduling.greedy_lane_scheduler:_get_dedicated_lane_profile:963 - 专用Lane分组G16剩余合同量64.1G无法满足1.1或3.6T-NEW有效容量下限
2026-06-05 17:54:47.830 | INFO     | arrange_library.core.scheduling.greedy_lane_scheduler:_get_dedicated_lane_profile:963 - 专用Lane分组G7剩余合同量85.2G无法满足1.1或3.6T-NEW有效容量下限
2026-06-05 17:54:47.830 | INFO     | arrange_library.core.scheduling.greedy_lane_scheduler:_build_imbalance_dedicated_lanes:1029 - 专用Lane创建完成: 0条Lane, 308个碱基不均衡文库待分配, 1779个中性文库待分配
2026-06-05 17:54:47.830 | INFO     | arrange_library.core.scheduling.greedy_lane_scheduler:schedule:1807 - 逐Lane贪心排机完成 - Lane数: 0, 已分配: 0/2087, 未分配: 2087, 平均利用率: 0.0%, 耗时: 7.38秒
2026-06-05 17:54:47.831 | INFO     | arrange_library.core.constraints.lane_validator:__init__:165 - 成Lane校验程序初始化完成 (严格模式: False, 碱基不均衡上限: 35%, 特殊文库关键词: 9个)
2026-06-05 17:54:47.831 | INFO     | arrange_library.core.scheduling.greedy_lane_scheduler:_validate_all_lanes:2169 - 最终验证结果: 0条Lane通过，2087个文库未分配
2026-06-05 17:54:47.890 | INFO     | __main__:_build_global_round_robin_lane:5049 - 全局轮转混排未成Lane: prefix=G1, pool_size=2087, best=0个/0.0G, min=2095.0G
2026-06-05 17:54:47.890 | INFO     | __main__:test_with_model:17159 - wkspecialsplits边排边检查完成: 无需调整
2026-06-05 17:54:47.891 | INFO     | __main__:test_with_model:17194 - 验证完成：0条Lane通过验证
2026-06-05 17:54:47.891 | INFO     | __main__:test_with_model:17215 - 57规则二次改排救援已关闭，失败Lane文库回收到未分配池
2026-06-05 17:54:47.894 | INFO     | __main__:_should_skip_expensive_rescue_stage:2508 - 高成本救援(EX/RB)跳过: 当前0条Lane通过验证，未分配池=2087个/14978.7G，继续做高成本救援收益过低
2026-06-05 17:54:47.946 | INFO     | __main__:_build_global_round_robin_lane:5049 - 全局轮转混排未成Lane: prefix=G1, pool_size=2087, best=0个/0.0G, min=2095.0G
2026-06-05 17:54:47.946 | INFO     | __main__:test_with_model:17455 - 剩余库全局轮转混排未新增Lane: 剩余未分配=2087
2026-06-05 17:54:47.950 | INFO     | __main__:test_with_model:17485 - 脚本内置 Pooling 预测已停用，后续统一调用 prediction_delivery
2026-06-05 17:54:47.955 | INFO     | __main__:arrange_library:18123 - 1.1首轮二次补排完成: 新增Lane=0, 剩余文库=2087
2026-06-05 17:54:47.966 | INFO     | __main__:arrange_library:18136 - 1.1首轮剩余中3个<=500G未拆分原始文库继续保留给1.1尾货抽取，不进入普通3.6T候选池
2026-06-05 17:54:47.967 | INFO     | __main__:arrange_library:18142 - 步骤1.5-3候选池接收1.1剩余可进3.6T文库2084个，继续进入3.6T-NEW
2026-06-05 17:54:47.967 | INFO     | __main__:arrange_library:18146 - 1.1首轮排机完成: 生成6条Lane
2026-06-05 17:54:47.967 | INFO     | __main__:arrange_library:18166 - 步骤1.5后追加<=500G未拆分原始文库到尾货1.1池: 3个
2026-06-05 17:54:47.967 | INFO     | __main__:arrange_library:18171 - 1.1首轮排机阶段完成: 3.6T-NEW后续候选池=2087个文库, 1.1 Lane=6条
2026-06-05 17:54:47.978 | INFO     | __main__:arrange_library:18205 - 
================================================================================
2026-06-05 17:54:47.978 | INFO     | __main__:arrange_library:18206 - 步骤1.6: 尾货1.1专Lane、纯不均混排与普通Lane二次抽取
2026-06-05 17:54:47.978 | INFO     | __main__:arrange_library:18207 - ================================================================================
2026-06-05 17:54:47.979 | INFO     | arrange_library.core.constraints.index_validator_verified:__init__:77 - Index校验器初始化完成（真实数据验证版本）
2026-06-05 17:54:47.979 | INFO     | arrange_library.core.constraints.lane_validator:__init__:165 - 成Lane校验程序初始化完成 (严格模式: True, 碱基不均衡上限: 35%, 特殊文库关键词: 9个)
2026-06-05 17:54:47.981 | WARNING  | arrange_library.core.ai.pooling_coefficient_optimizer:_load_config:40 - Pooling配置表不存在: /data/work/yuyongpeng/liblane_v2_deepseek/data/wktype_pooling_config.xlsx，将使用默认策略
2026-06-05 17:54:47.981 | INFO     | arrange_library.core.ai.pooling_coefficient_optimizer:_load_efficiency_corrections:185 - 产出效率修正表不存在: /data/work/yuyongpeng/liblane_v2_deepseek/data/production_efficiency_correction.csv，跳过后校准
2026-06-05 17:54:47.981 | WARNING  | arrange_library.core.ai.loutput_predictor_wrapper:_load_model:150 - 模型文件不存在: models/loutput_pre_lane_v5/lightgbm_model.pkl
2026-06-05 17:54:47.981 | WARNING  | arrange_library.core.ai.pooling_coefficient_optimizer:__init__:164 - loutput预测器不可用，将使用规则降级策略
2026-06-05 17:54:47.981 | INFO     | arrange_library.core.scheduling.greedy_lane_scheduler:__init__:266 - 逐Lane贪心排机器初始化完成 - 基础容量: 985.0GB, 利用率区间: [100%, 100%], 配置模式: 按机型自动
2026-06-05 17:54:47.981 | INFO     | arrange_library.core.scheduling.greedy_lane_scheduler:__init__:269 - 启用检查: Index=True, 碱基不均衡=True, 规则检查器=False
2026-06-05 17:54:47.982 | INFO     | arrange_library.core.scheduling.greedy_lane_scheduler:_get_dedicated_lane_profile:963 - 专用Lane分组G33剩余合同量30.0G无法满足1.1或3.6T-NEW有效容量下限
2026-06-05 17:54:47.982 | INFO     | arrange_library.core.scheduling.greedy_lane_scheduler:_get_dedicated_lane_profile:963 - 专用Lane分组G29剩余合同量4.0G无法满足1.1或3.6T-NEW有效容量下限
2026-06-05 17:54:47.982 | INFO     | arrange_library.core.scheduling.greedy_lane_scheduler:_get_dedicated_lane_profile:963 - 专用Lane分组G36剩余合同量3.6G无法满足1.1或3.6T-NEW有效容量下限
2026-06-05 17:54:47.982 | INFO     | arrange_library.core.scheduling.greedy_lane_scheduler:_get_dedicated_lane_profile:963 - 专用Lane分组G43剩余合同量121.5G无法满足1.1或3.6T-NEW有效容量下限
2026-06-05 17:54:47.983 | INFO     | arrange_library.core.scheduling.greedy_lane_scheduler:_get_dedicated_lane_profile:963 - 专用Lane分组G5剩余合同量162.7G无法满足1.1或3.6T-NEW有效容量下限
2026-06-05 17:54:47.983 | INFO     | arrange_library.core.scheduling.greedy_lane_scheduler:_get_dedicated_lane_profile:963 - 专用Lane分组G58剩余合同量357.7G无法满足1.1或3.6T-NEW有效容量下限
2026-06-05 17:54:47.983 | INFO     | arrange_library.core.scheduling.greedy_lane_scheduler:_get_dedicated_lane_profile:963 - 专用Lane分组G4剩余合同量785.8G无法满足1.1或3.6T-NEW有效容量下限
2026-06-05 17:54:47.983 | INFO     | arrange_library.core.scheduling.greedy_lane_scheduler:_get_dedicated_lane_profile:963 - 专用Lane分组G19剩余合同量732.5G无法满足1.1或3.6T-NEW有效容量下限
2026-06-05 17:54:47.984 | INFO     | arrange_library.core.scheduling.greedy_lane_scheduler:_get_dedicated_lane_profile:963 - 专用Lane分组G35剩余合同量674.2G无法满足1.1或3.6T-NEW有效容量下限
2026-06-05 17:54:47.984 | INFO     | arrange_library.core.scheduling.greedy_lane_scheduler:_get_dedicated_lane_profile:963 - 专用Lane分组G6剩余合同量312.3G无法满足1.1或3.6T-NEW有效容量下限
2026-06-05 17:54:47.984 | INFO     | arrange_library.core.scheduling.greedy_lane_scheduler:_get_dedicated_lane_profile:963 - 专用Lane分组G16剩余合同量64.1G无法满足1.1或3.6T-NEW有效容量下限
2026-06-05 17:54:47.984 | INFO     | arrange_library.core.scheduling.greedy_lane_scheduler:_get_dedicated_lane_profile:963 - 专用Lane分组G7剩余合同量85.2G无法满足1.1或3.6T-NEW有效容量下限
2026-06-05 17:54:47.984 | INFO     | __main__:arrange_library:18226 - 尾货1.1碱基不均衡专Lane二次抽取未形成新Lane
2026-06-05 17:54:51.774 | INFO     | __main__:_consume_g55_imbalance_as_mode_lanes:14540 - 步骤1.6 G55跨基础组碱基不均1.1专Lane未成Lane: 候选233个/3333.6G, 1.1真实量窗口=[1990.2,2142.2]G, validation_attempts=0, top_failures=[]
2026-06-05 17:54:51.775 | INFO     | __main__:arrange_library:18250 - 尾货G55跨基础组碱基不均1.1专Lane未形成新Lane
2026-06-05 17:54:53.028 | INFO     | __main__:_try_build_near_min_global_mode_1_1_lane_from_pool:8360 - 全局1.1近下限构Lane成功: group=normal, variant=large_first, lane=GL_Nova X-25B_001, 使用310个/2097.0G
2026-06-05 17:55:10.679 | INFO     | __main__:_try_build_near_min_global_mode_1_1_lane_from_pool:8387 - 全局1.1近下限构Lane早停: 连续3次构造变体未新增Lane，pool_size=1777, pool_data=12881.7G
2026-06-05 17:55:10.682 | INFO     | __main__:_try_build_near_min_global_mode_1_1_lane_from_pool:8397 - 全局1.1近下限构Lane未成Lane: pool_size=1777, pool_data=12881.7G, best=336个/1583.0G/336对index, rejects={'mode_1_1_add_test_cap': 10233, 'imbalance_ratio': 1641, 'incremental_index': 15}, validation_top=[]
2026-06-05 17:55:10.688 | INFO     | __main__:_try_build_global_mode_1_1_lane_from_pool:8552 - 全局1.1构Lane尝试: attempt=global_budgeted_ratio, lane_prefix=GL, pool_size=1777, pool_data=12881.7G, prioritize_scattered_mix=False
2026-06-05 17:55:36.631 | INFO     | __main__:_attempt_build_lane_from_pool:4870 - 全局1.1构Lane失败诊断: prefix=GL, machine=Nova X-25B, pool_size=1777, pool_data=12881.7G, attempts=20, index_retries=0, other_retries=20, best=324个/2253.0G/525对index, counters={'skip_mode_1_1_add_test_cap': 18473, 'skip_over_max': 71, 'skip_incremental_index': 20, 'full_validation_failed': 20}, validation_top=[('rule_matrix_constraint: 组合1与组合2文库类型不可混排', 20), ('special_library_limit: 特殊文库总量734.3G超过350.0G限制', 13), ('special_library_limit: 特殊文库总量754.3G超过350.0G限制', 4), ('special_library_limit: 特殊文库总量764.3G超过350.0G限制', 2), ('special_library_limit: 特殊文库总量634.3G超过350.0G限制', 1)]
2026-06-05 17:55:36.635 | INFO     | __main__:_try_build_global_mode_1_1_lane_from_pool:8584 - 全局1.1构Lane未成Lane: lane_prefix=GL, pool_size=1777, pool_data=12881.7G
2026-06-05 17:55:36.636 | INFO     | arrange_library.core.constraints.lane_validator:__init__:165 - 成Lane校验程序初始化完成 (严格模式: True, 碱基不均衡上限: 35%, 特殊文库关键词: 9个)
2026-06-05 17:55:36.638 | INFO     | __main__:arrange_library:18264 - 尾货1.1普通Lane二次抽取完成: 新增Lane=1, 消耗文库=310, 剩余进入普通3.6T排机文库=1777
2026-06-05 17:55:37.029 | INFO     | __main__:arrange_library:18319 - 步骤2前置分流: 3个<=500G未拆分原始文库已完成1.1多轮尝试但未成Lane；其中3个允许强制拆分后进3.6T，0个因拆分后过小保留未分配输出
2026-06-05 17:55:37.029 | INFO     | __main__:arrange_library:18327 - 
================================================================================
2026-06-05 17:55:37.029 | INFO     | __main__:arrange_library:18328 - 步骤2: 处理普通文库（使用GreedyLaneScheduler）
2026-06-05 17:55:37.029 | INFO     | __main__:arrange_library:18329 - ================================================================================
2026-06-05 17:55:37.087 | INFO     | __main__:_proactively_build_split_family_lanes_from_pool:15319 - 步骤2前置拆分家族构建未构建出完整拆分Lane
2026-06-05 17:55:37.088 | INFO     | __main__:arrange_library:18365 - 排机超时保护已启动，最大允许时间: 10 分钟
2026-06-05 17:55:37.293 | INFO     | __main__:test_with_model:17034 - 
================================================================================
2026-06-05 17:55:37.293 | INFO     | __main__:test_with_model:17035 - 排机流程：纯规则排机
2026-06-05 17:55:37.293 | INFO     | __main__:test_with_model:17036 - ================================================================================
2026-06-05 17:55:37.293 | INFO     | arrange_library.core.constraints.index_validator_verified:__init__:77 - Index校验器初始化完成（真实数据验证版本）
2026-06-05 17:55:37.294 | INFO     | arrange_library.core.constraints.lane_validator:__init__:165 - 成Lane校验程序初始化完成 (严格模式: True, 碱基不均衡上限: 35%, 特殊文库关键词: 9个)
2026-06-05 17:55:37.296 | WARNING  | arrange_library.core.ai.pooling_coefficient_optimizer:_load_config:40 - Pooling配置表不存在: /data/work/yuyongpeng/liblane_v2_deepseek/data/wktype_pooling_config.xlsx，将使用默认策略
2026-06-05 17:55:37.296 | INFO     | arrange_library.core.ai.pooling_coefficient_optimizer:_load_efficiency_corrections:185 - 产出效率修正表不存在: /data/work/yuyongpeng/liblane_v2_deepseek/data/production_efficiency_correction.csv，跳过后校准
2026-06-05 17:55:37.296 | WARNING  | arrange_library.core.ai.loutput_predictor_wrapper:_load_model:150 - 模型文件不存在: models/loutput_pre_lane_v5/lightgbm_model.pkl
2026-06-05 17:55:37.296 | WARNING  | arrange_library.core.ai.pooling_coefficient_optimizer:__init__:164 - loutput预测器不可用，将使用规则降级策略
2026-06-05 17:55:37.296 | INFO     | arrange_library.core.scheduling.greedy_lane_scheduler:__init__:266 - 逐Lane贪心排机器初始化完成 - 基础容量: 985.0GB, 利用率区间: [100%, 100%], 配置模式: 按机型自动
2026-06-05 17:55:37.296 | INFO     | arrange_library.core.scheduling.greedy_lane_scheduler:__init__:269 - 启用检查: Index=True, 碱基不均衡=True, 规则检查器=False
2026-06-05 17:55:37.296 | INFO     | __main__:test_with_model:17062 - 排机阶段：Pooling优化器已禁用（V6流程不需要）
2026-06-05 17:55:37.296 | INFO     | arrange_library.core.constraints.lane_validator:__init__:165 - 成Lane校验程序初始化完成 (严格模式: True, 碱基不均衡上限: 35%, 特殊文库关键词: 9个)
2026-06-05 17:55:37.296 | INFO     | __main__:test_with_model:17066 - 严格校验容量区间改为按统一配置表动态解析
2026-06-05 17:55:37.306 | INFO     | arrange_library.core.preprocessing.library_splitter:split_libraries:45 - ============================================================
2026-06-05 17:55:37.306 | INFO     | arrange_library.core.preprocessing.library_splitter:split_libraries:46 - [拆分] 开始文库拆分预处理
2026-06-05 17:55:37.306 | INFO     | arrange_library.core.preprocessing.library_splitter:split_libraries:47 -   拆分规则: 1.1模式文库（兼容旧名1.0）不拆分；3.6T-NEW单对index >130.0G 拆分，多对index >300.0G 拆分
2026-06-05 17:55:37.306 | INFO     | arrange_library.core.preprocessing.library_splitter:split_libraries:53 -   最小保留数据量: >2.0G
2026-06-05 17:55:37.307 | INFO     | arrange_library.core.preprocessing.library_splitter:split_libraries:85 - ------------------------------------------------------------
2026-06-05 17:55:37.307 | INFO     | arrange_library.core.preprocessing.library_splitter:split_libraries:86 -  拆分完成
2026-06-05 17:55:37.307 | INFO     | arrange_library.core.preprocessing.library_splitter:split_libraries:87 -   原始文库数: 3
2026-06-05 17:55:37.307 | INFO     | arrange_library.core.preprocessing.library_splitter:split_libraries:88 -   拆分文库数: 3
2026-06-05 17:55:37.307 | INFO     | arrange_library.core.preprocessing.library_splitter:split_libraries:89 -   最终文库数: 6
2026-06-05 17:55:37.307 | INFO     | arrange_library.core.preprocessing.library_splitter:split_libraries:90 - ============================================================
2026-06-05 17:55:37.307 | INFO     | __main__:test_with_model:17081 - 主流程前置拆分完成: 原始文库1777个，触发拆分3个，拆分后文库1780个
2026-06-05 17:55:37.762 | INFO     | __main__:_extract_mixed_lanes_by_peak_window:7479 - 混排Peak窗口: 419-569bp, 1541个文库/11366G, 理论最多11条Lane
2026-06-05 17:55:37.909 | INFO     | __main__:_extract_mixed_lanes_by_peak_window:7515 - 混排Lane预抽取完成: 新增Lane=0，使用文库=0个/0.0G，剩余待排=1780个/12881.7G
2026-06-05 17:55:37.910 | INFO     | arrange_library.core.scheduling.greedy_lane_scheduler:schedule:1064 - 开始逐Lane贪心排机 - 文库数: 1780
2026-06-05 17:55:37.910 | INFO     | arrange_library.core.scheduling.greedy_lane_scheduler:schedule:1074 - 预拆分完成: 使用外层已拆分文库
2026-06-05 17:55:37.915 | INFO     | arrange_library.core.scheduling.greedy_lane_scheduler:_run_batch_analysis:470 - ===== 批次全局分析报告 =====
2026-06-05 17:55:37.915 | INFO     | arrange_library.core.scheduling.greedy_lane_scheduler:_run_batch_analysis:470 - 机器类型: NovaSeq X Plus
2026-06-05 17:55:37.915 | INFO     | arrange_library.core.scheduling.greedy_lane_scheduler:_run_batch_analysis:470 - 文库总数: 1780
2026-06-05 17:55:37.915 | INFO     | arrange_library.core.scheduling.greedy_lane_scheduler:_run_batch_analysis:470 - 总数据量: 12881.7 GB
2026-06-05 17:55:37.915 | INFO     | arrange_library.core.scheduling.greedy_lane_scheduler:_run_batch_analysis:470 - 预估Lane数: 12~14
2026-06-05 17:55:37.915 | INFO     | arrange_library.core.scheduling.greedy_lane_scheduler:_run_batch_analysis:470 - --- 特征标记 ---
2026-06-05 17:55:37.915 | INFO     | arrange_library.core.scheduling.greedy_lane_scheduler:_run_batch_analysis:470 -   包Lane文库: 无
2026-06-05 17:55:37.915 | INFO     | arrange_library.core.scheduling.greedy_lane_scheduler:_run_batch_analysis:470 -   碱基不均衡: 有
2026-06-05 17:55:37.915 | INFO     | arrange_library.core.scheduling.greedy_lane_scheduler:_run_batch_analysis:470 -   客户文库:   无
2026-06-05 17:55:37.915 | INFO     | arrange_library.core.scheduling.greedy_lane_scheduler:_run_batch_analysis:470 -   10bp文库:   有
2026-06-05 17:55:37.915 | INFO     | arrange_library.core.scheduling.greedy_lane_scheduler:_run_batch_analysis:470 -   非10bp文库: 有
2026-06-05 17:55:37.915 | INFO     | arrange_library.core.scheduling.greedy_lane_scheduler:_run_batch_analysis:470 -   特殊组合:   有
2026-06-05 17:55:37.915 | INFO     | arrange_library.core.scheduling.greedy_lane_scheduler:_run_batch_analysis:470 - --- 分组画像 ---
2026-06-05 17:55:37.915 | INFO     | arrange_library.core.scheduling.greedy_lane_scheduler:_run_batch_analysis:470 -   [imbalance] 碱基不均衡文库: 301个文库, 8213.0GB, 预估8~9条Lane
2026-06-05 17:55:37.915 | INFO     | arrange_library.core.scheduling.greedy_lane_scheduler:_run_batch_analysis:470 -   [10bp] 10碱基文库: 1747个文库, 12604.2GB, 预估12~13条Lane
2026-06-05 17:55:37.915 | INFO     | arrange_library.core.scheduling.greedy_lane_scheduler:_run_batch_analysis:470 -   [special_combo_b] 10X 3端/Visium组合: 48个文库, 3070.5GB, 预估3~4条Lane
2026-06-05 17:55:37.915 | INFO     | arrange_library.core.scheduling.greedy_lane_scheduler:_run_batch_analysis:470 -   [all] 全部文库: 1780个文库, 12881.7GB, 预估12~14条Lane
2026-06-05 17:55:37.915 | INFO     | arrange_library.core.scheduling.greedy_lane_scheduler:_run_batch_analysis:470 -   [special_combo_a] 10X 5端/VDJ组合: 96个文库, 3231.0GB, 预估3~4条Lane
2026-06-05 17:55:37.915 | INFO     | arrange_library.core.scheduling.greedy_lane_scheduler:_run_batch_analysis:470 -   [non_10bp] 非10碱基文库: 33个文库, 277.5GB, 预估1~1条Lane
2026-06-05 17:55:37.915 | INFO     | arrange_library.core.scheduling.greedy_lane_scheduler:_run_batch_analysis:470 - --- 专用Lane推荐 ---
2026-06-05 17:55:37.915 | INFO     | arrange_library.core.scheduling.greedy_lane_scheduler:_run_batch_analysis:470 -   [imbalance] 碱基不均衡文库数据量充足，可包专用Lane避免混排占比限制 - 约8条Lane, 8213.0GB, 置信度: high
2026-06-05 17:55:37.915 | INFO     | arrange_library.core.scheduling.greedy_lane_scheduler:_run_batch_analysis:470 -   [special_combo_a] 10X 5端/VDJ文库可独占Lane（与3端互斥） - 约3条Lane, 3231.0GB, 置信度: high
2026-06-05 17:55:37.915 | INFO     | arrange_library.core.scheduling.greedy_lane_scheduler:_run_batch_analysis:470 -   [special_combo_b] 10X 3端/Visium文库可独占Lane（与5端互斥） - 约3条Lane, 3070.5GB, 置信度: high
2026-06-05 17:55:37.915 | INFO     | arrange_library.core.scheduling.greedy_lane_scheduler:_run_batch_analysis:470 - --- 混排约束 ---
2026-06-05 17:55:37.915 | INFO     | arrange_library.core.scheduling.greedy_lane_scheduler:_run_batch_analysis:470 -   [tj_1595_special_combo_groups_not_mixed] special_combo_a vs special_combo_b: 10X 5端/VDJ 与 10X 3端/Visium 文库不可混排，必须分开
2026-06-05 17:55:37.915 | INFO     | arrange_library.core.scheduling.greedy_lane_scheduler:_run_batch_analysis:470 -   [imbalance_max_30pct] imbalance vs all: 碱基不均衡文库全局占比63.8%，超过30%上限，必须拆分为专用Lane
2026-06-05 17:55:37.915 | INFO     | arrange_library.core.scheduling.greedy_lane_scheduler:_run_batch_analysis:470 - --- 尾部风险 ---
2026-06-05 17:55:37.915 | INFO     | arrange_library.core.scheduling.greedy_lane_scheduler:_run_batch_analysis:470 -   [imbalance] 碱基不均衡文库排完整Lane后剩余453.0GB，不足半Lane(485GB)，需要大文库骨架携带或混入散样Lane - 453.0GB, 301个, 严重程度: medium
2026-06-05 17:55:37.915 | INFO     | arrange_library.core.scheduling.greedy_lane_scheduler:_run_batch_analysis:470 -   [non_10bp] 非10碱基文库排完整Lane后剩余277.5GB，不足半Lane(498GB)，需要大文库骨架携带或混入散样Lane - 277.5GB, 33个, 严重程度: medium
2026-06-05 17:55:37.915 | INFO     | arrange_library.core.scheduling.greedy_lane_scheduler:_run_batch_analysis:470 -   [special_combo_a] 10X 5端/VDJ组合排完整Lane后剩余321.0GB，不足半Lane(485GB)，需要大文库骨架携带或混入散样Lane - 321.0GB, 96个, 严重程度: medium
2026-06-05 17:55:37.915 | INFO     | arrange_library.core.scheduling.greedy_lane_scheduler:_run_batch_analysis:470 -   [special_combo_b] 10X 3端/Visium组合排完整Lane后剩余160.5GB，不足半Lane(485GB)，需要大文库骨架携带或混入散样Lane - 160.5GB, 48个, 严重程度: high
2026-06-05 17:55:37.915 | INFO     | arrange_library.core.scheduling.greedy_lane_scheduler:_run_batch_analysis:470 - --- 策略建议 ---
2026-06-05 17:55:37.915 | INFO     | arrange_library.core.scheduling.greedy_lane_scheduler:_run_batch_analysis:470 -   - 碱基不均衡文库数据量充足，优先形成专用Lane
2026-06-05 17:55:37.915 | INFO     | arrange_library.core.scheduling.greedy_lane_scheduler:_run_batch_analysis:470 -   - 特殊10X组合文库应分别走专用Lane（互斥规则）
2026-06-05 17:55:37.915 | INFO     | arrange_library.core.scheduling.greedy_lane_scheduler:_run_batch_analysis:470 -   - 存在1个高风险尾部分组，建议启用骨架预留(大带小)
2026-06-05 17:55:37.915 | INFO     | arrange_library.core.scheduling.greedy_lane_scheduler:_run_batch_analysis:470 - ===== 报告结束 =====
2026-06-05 17:55:37.916 | INFO     | arrange_library.core.scheduling.greedy_lane_scheduler:_run_batch_analysis:476 - 保留外部传入的策略执行计划，仅使用批次分析报告
2026-06-05 17:55:37.918 | INFO     | arrange_library.core.scheduling.greedy_lane_scheduler:schedule:1110 - 处理机器类型 Nova X-25B - 文库数: 1780 - Lane容量: 1050.0GB, 利用率区间: [100%, 100%], 特殊文库上限: 350GB
2026-06-05 17:55:37.919 | INFO     | arrange_library.core.scheduling.greedy_lane_scheduler:schedule:1138 - 碱基不均衡专用Lane策略: 301个碱基不均衡文库
2026-06-05 17:55:37.919 | INFO     | arrange_library.core.scheduling.greedy_lane_scheduler:_get_dedicated_lane_profile:963 - 专用Lane分组G33剩余合同量30.0G无法满足1.1或3.6T-NEW有效容量下限
2026-06-05 17:55:37.919 | INFO     | arrange_library.core.scheduling.greedy_lane_scheduler:_get_dedicated_lane_profile:963 - 专用Lane分组G29剩余合同量4.0G无法满足1.1或3.6T-NEW有效容量下限
2026-06-05 17:55:37.920 | INFO     | arrange_library.core.scheduling.greedy_lane_scheduler:_get_dedicated_lane_profile:963 - 专用Lane分组G36剩余合同量3.6G无法满足1.1或3.6T-NEW有效容量下限
2026-06-05 17:55:37.920 | INFO     | arrange_library.core.scheduling.greedy_lane_scheduler:_get_dedicated_lane_profile:963 - 专用Lane分组G43剩余合同量121.5G无法满足1.1或3.6T-NEW有效容量下限
2026-06-05 17:55:37.920 | INFO     | arrange_library.core.scheduling.greedy_lane_scheduler:_get_dedicated_lane_profile:963 - 专用Lane分组G5剩余合同量162.7G无法满足1.1或3.6T-NEW有效容量下限
2026-06-05 17:55:37.920 | INFO     | arrange_library.core.scheduling.greedy_lane_scheduler:_get_dedicated_lane_profile:963 - 专用Lane分组G58剩余合同量357.7G无法满足1.1或3.6T-NEW有效容量下限
2026-06-05 17:55:37.920 | INFO     | arrange_library.core.scheduling.greedy_lane_scheduler:_get_dedicated_lane_profile:963 - 专用Lane分组G4剩余合同量785.8G无法满足1.1或3.6T-NEW有效容量下限
2026-06-05 17:55:37.921 | INFO     | arrange_library.core.scheduling.greedy_lane_scheduler:_get_dedicated_lane_profile:963 - 专用Lane分组G19剩余合同量729.9G无法满足1.1或3.6T-NEW有效容量下限
2026-06-05 17:55:37.922 | INFO     | arrange_library.core.scheduling.greedy_lane_scheduler:_get_dedicated_lane_profile:963 - 专用Lane分组G35剩余合同量644.2G无法满足1.1或3.6T-NEW有效容量下限
2026-06-05 17:55:37.922 | INFO     | arrange_library.core.scheduling.greedy_lane_scheduler:_get_dedicated_lane_profile:963 - 专用Lane分组G6剩余合同量312.3G无法满足1.1或3.6T-NEW有效容量下限
2026-06-05 17:55:37.922 | INFO     | arrange_library.core.scheduling.greedy_lane_scheduler:_get_dedicated_lane_profile:963 - 专用Lane分组G7剩余合同量85.2G无法满足1.1或3.6T-NEW有效容量下限
2026-06-05 17:55:37.922 | INFO     | arrange_library.core.scheduling.greedy_lane_scheduler:_get_dedicated_lane_profile:963 - 专用Lane分组G16剩余合同量19.1G无法满足1.1或3.6T-NEW有效容量下限
2026-06-05 17:55:37.922 | INFO     | arrange_library.core.scheduling.greedy_lane_scheduler:schedule:1144 - 形成0条专用Lane，剩余301个碱基不均衡文库
2026-06-05 17:55:37.925 | INFO     | arrange_library.core.scheduling.greedy_lane_scheduler:_schedule_3_6t_split_families_atomically:5186 - 3.6T-NEW拆分片段分散成功: 拆分家族0个，生成0条Lane，每个家族每Lane最多1片
2026-06-05 17:55:37.925 | INFO     | arrange_library.core.scheduling.greedy_lane_scheduler:schedule:1196 - 3.6T-NEW拆分家族原子分散失败: 3个原始文库回滚为未分配并禁止继续成Lane
2026-06-05 17:55:39.296 | INFO     | arrange_library.core.scheduling.greedy_lane_scheduler:schedule:1216 - 第二轮排机: 1529 个未分配文库（随机顺序）
2026-06-05 17:55:40.860 | INFO     | arrange_library.core.scheduling.greedy_lane_scheduler:schedule:1232 - 第三轮排机: 1206 个未分配文库（小文库优先）
2026-06-05 17:55:44.043 | INFO     | arrange_library.core.scheduling.greedy_lane_scheduler:schedule:1275 - 连续5轮无新Lane且未分配池不变，提前结束无效重试
2026-06-05 17:55:44.044 | INFO     | arrange_library.core.scheduling.greedy_lane_scheduler:_get_dedicated_lane_profile:963 - 专用Lane分组G33剩余合同量30.0G无法满足1.1或3.6T-NEW有效容量下限
2026-06-05 17:55:44.045 | INFO     | arrange_library.core.scheduling.greedy_lane_scheduler:_get_dedicated_lane_profile:963 - 专用Lane分组G29剩余合同量4.0G无法满足1.1或3.6T-NEW有效容量下限
2026-06-05 17:55:44.045 | INFO     | arrange_library.core.scheduling.greedy_lane_scheduler:_get_dedicated_lane_profile:963 - 专用Lane分组G36剩余合同量3.6G无法满足1.1或3.6T-NEW有效容量下限
2026-06-05 17:55:44.045 | INFO     | arrange_library.core.scheduling.greedy_lane_scheduler:_get_dedicated_lane_profile:963 - 专用Lane分组G43剩余合同量121.5G无法满足1.1或3.6T-NEW有效容量下限
2026-06-05 17:55:44.045 | INFO     | arrange_library.core.scheduling.greedy_lane_scheduler:_get_dedicated_lane_profile:963 - 专用Lane分组G5剩余合同量162.7G无法满足1.1或3.6T-NEW有效容量下限
2026-06-05 17:55:44.046 | INFO     | arrange_library.core.scheduling.greedy_lane_scheduler:_get_dedicated_lane_profile:963 - 专用Lane分组G58剩余合同量357.7G无法满足1.1或3.6T-NEW有效容量下限
2026-06-05 17:55:44.046 | INFO     | arrange_library.core.scheduling.greedy_lane_scheduler:_get_dedicated_lane_profile:963 - 专用Lane分组G4剩余合同量785.8G无法满足1.1或3.6T-NEW有效容量下限
2026-06-05 17:55:44.046 | INFO     | arrange_library.core.scheduling.greedy_lane_scheduler:_get_dedicated_lane_profile:963 - 专用Lane分组G19剩余合同量729.9G无法满足1.1或3.6T-NEW有效容量下限
2026-06-05 17:55:44.047 | INFO     | arrange_library.core.scheduling.greedy_lane_scheduler:_get_dedicated_lane_profile:963 - 专用Lane分组G35剩余合同量644.2G无法满足1.1或3.6T-NEW有效容量下限
2026-06-05 17:55:44.047 | INFO     | arrange_library.core.scheduling.greedy_lane_scheduler:_get_dedicated_lane_profile:963 - 专用Lane分组G6剩余合同量312.3G无法满足1.1或3.6T-NEW有效容量下限
2026-06-05 17:55:44.047 | INFO     | arrange_library.core.scheduling.greedy_lane_scheduler:_get_dedicated_lane_profile:963 - 专用Lane分组G7剩余合同量85.2G无法满足1.1或3.6T-NEW有效容量下限
2026-06-05 17:55:44.048 | INFO     | arrange_library.core.scheduling.greedy_lane_scheduler:_get_dedicated_lane_profile:963 - 专用Lane分组G16剩余合同量19.1G无法满足1.1或3.6T-NEW有效容量下限
2026-06-05 17:55:44.048 | INFO     | arrange_library.core.scheduling.greedy_lane_scheduler:_build_imbalance_dedicated_lanes:1029 - 专用Lane创建完成: 0条Lane, 292个碱基不均衡文库待分配, 914个中性文库待分配
2026-06-05 17:55:44.048 | INFO     | arrange_library.core.scheduling.greedy_lane_scheduler:schedule:1366 - 最后填充策略: 尝试将1209个未分配文库塞入已有Lane
2026-06-05 17:55:47.421 | INFO     | arrange_library.core.scheduling.greedy_lane_scheduler:schedule:1737 - 最后填充策略: 成功塞入5个文库，踢出0个违反规则的文库，剩余1203个无法分配
2026-06-05 17:55:47.435 | INFO     | arrange_library.core.scheduling.greedy_lane_scheduler:_optimize_by_redistribution:6139 - 挪移优化: 未分配数据量10472GB已足够，尝试精选组建新Lane
2026-06-05 17:55:47.441 | INFO     | arrange_library.core.scheduling.greedy_lane_scheduler:_try_form_lane_from_unassigned:6410 - 残余精选: 内部986个, 客户217个
2026-06-05 17:55:47.629 | INFO     | arrange_library.core.constraints.lane_validator:__init__:165 - 成Lane校验程序初始化完成 (严格模式: True, 碱基不均衡上限: 35%, 特殊文库关键词: 9个)
2026-06-05 17:55:47.629 | INFO     | arrange_library.core.scheduling.greedy_lane_scheduler:_try_form_lane_from_unassigned:6501 - 残余精选: 验证失败 - ValidationError(rule_type=<ValidationRuleType.RULE_MATRIX_CONSTRAINT: 'rule_matrix_constraint'>, severity=<ValidationSeverity.ERROR: 'error'>, message='组合1与组合2文库类型不可混排', current_value=None, threshold_value=None, affected_libraries=[])
2026-06-05 17:55:47.630 | INFO     | arrange_library.core.scheduling.greedy_lane_scheduler:_optimize_by_redistribution:6143 - 挪移优化: 精选组建失败，继续尝试挪移策略
2026-06-05 17:55:47.630 | INFO     | arrange_library.core.scheduling.greedy_lane_scheduler:_optimize_by_redistribution:6146 - 挪移优化: 未分配1203个文库(10472GB)，需要从现有Lane挪出-9477GB
2026-06-05 17:55:47.636 | WARNING  | arrange_library.core.scheduling.greedy_lane_scheduler:_optimize_by_redistribution:6370 - 挪移优化: 新Lane GL_Nova X-25B_013 验证失败: 容量超限: 10472.2GB > 1105.0GB，放弃创建
2026-06-05 17:55:47.638 | INFO     | arrange_library.core.scheduling.greedy_lane_scheduler:schedule:1807 - 逐Lane贪心排机完成 - Lane数: 2, 已分配: 574/1780, 未分配: 1203, 平均利用率: 116.1%, 耗时: 9.73秒
2026-06-05 17:55:47.638 | INFO     | arrange_library.core.constraints.lane_validator:__init__:165 - 成Lane校验程序初始化完成 (严格模式: False, 碱基不均衡上限: 35%, 特殊文库关键词: 9个)
2026-06-05 17:55:47.692 | WARNING  | arrange_library.core.scheduling.greedy_lane_scheduler:_validate_all_lanes:2116 - Lane GL_Nova X-25B_003 验证失败: ['Lane有效数据量1304.6G(原始1304.6G+平衡0.0G)超过上限1105G，规则=tj_1595_standard_pe150_25b，需剔除约199.6G的文库']
2026-06-05 17:55:47.784 | INFO     | arrange_library.core.scheduling.greedy_lane_scheduler:_validate_all_lanes:2120 - 有1条Lane验证失败，尝试挪移优化...
2026-06-05 17:55:47.784 | INFO     | arrange_library.core.scheduling.greedy_lane_scheduler:_validate_all_lanes:2124 - keep_failed_lanes=True，保留1条验证失败的Lane供外层矫正（未分配池不变）
2026-06-05 17:55:47.784 | INFO     | arrange_library.core.scheduling.greedy_lane_scheduler:_validate_all_lanes:2129 - 最终验证结果（含待矫正Lane）: 2条Lane，1203个文库未分配
2026-06-05 17:55:48.171 | INFO     | __main__:_build_global_round_robin_lane:5049 - 全局轮转混排未成Lane: prefix=G3, pool_size=1203, best=0个/0.0G, min=995.0G
2026-06-05 17:55:48.172 | INFO     | __main__:test_with_model:17159 - wkspecialsplits边排边检查完成: 无需调整
2026-06-05 17:55:48.570 | WARNING  | __main__:test_with_model:17189 - Lane GL_Nova X-25B_003 验证失败 - 错误: ['capacity_exceeded'], 警告: []
2026-06-05 17:55:48.570 | INFO     | __main__:test_with_model:17194 - 验证完成：1条Lane通过验证
2026-06-05 17:55:48.570 | INFO     | __main__:test_with_model:17215 - 57规则二次改排救援已关闭，失败Lane文库回收到未分配池
2026-06-05 17:55:48.691 | INFO     | __main__:_trim_large_rescue_pool:5195 - 补Lane大池候选裁剪: lane_prefix=EX, 原始1450个/11776.7G, 裁剪后120个/7020.5G
2026-06-05 17:55:48.692 | INFO     | __main__:_attempt_build_rescue_lane_from_pool:5387 - 补Lane尝试: variant=non_clinical_relaxed, lane_prefix=EX, pool_size=120, pool_data=7020.535G, prioritize_scattered_mix=False
2026-06-05 17:55:48.732 | INFO     | __main__:_attempt_build_rescue_lane_from_pool:5432 - 补Lane跳过汇总: lane_prefix=EX, machine=Nova X-25B, reason_top=[大池跳过散样优先补Lanex1]
2026-06-05 17:55:48.732 | INFO     | __main__:_try_increase_lane_count:7577 - Lane数量提升停止: machine_type=Nova X-25B, 当前池首次构Lane失败，跳过同池重复尝试
2026-06-05 17:55:48.732 | INFO     | __main__:test_with_model:17234 - Lane数量提升未新增Lane
2026-06-05 17:55:48.737 | INFO     | __main__:try_multi_lib_swap_rebalance:7661 - 跨Lane多文库交换跳过: 未分配池1450个/11776.7G，已由EX同池救援尝试失败，跳过RB重复大池救援
2026-06-05 17:55:48.737 | INFO     | __main__:test_with_model:17266 - 跨Lane多文库交换未新增Lane，剩余未分配1450个
2026-06-05 17:55:48.738 | INFO     | arrange_library.core.constraints.lane_validator:__init__:165 - 成Lane校验程序初始化完成 (严格模式: True, 碱基不均衡上限: 35%, 特殊文库关键词: 9个)
2026-06-05 17:55:49.119 | INFO     | __main__:test_with_model:17319 - 
合并9条预构建Lane到最终结果（过滤掉0条未通过严格校验的预构建Lane）
2026-06-05 17:55:49.119 | INFO     | __main__:test_with_model:17332 - 最终Lane总数: 10 (预构建Lane: 9, 普通Lane: 1)
2026-06-05 17:55:49.120 | INFO     | __main__:test_with_model:17347 - 全局预拆分回滚完成: 3个原始文库因拆分子文库未全部成Lane而回滚
2026-06-05 17:55:49.121 | INFO     | __main__:test_with_model:17375 - 拆分失败回滚原始文库处理完成: 可回1.1候选=3个(合同量<=500.0G)，继续隔离=0个
2026-06-05 17:55:49.240 | INFO     | __main__:_build_global_round_robin_lane:5049 - 全局轮转混排未成Lane: prefix=G3, pool_size=1447, best=0个/0.0G, min=995.0G
2026-06-05 17:55:49.240 | INFO     | __main__:test_with_model:17455 - 剩余库全局轮转混排未新增Lane: 剩余未分配=1447
2026-06-05 17:55:49.248 | WARNING  | __main__:_ensure_unique_lane_ids:324 - 检测到重复Lane ID，已自动重命名: GL_Nova X-25B_001 -> GL_Nova X-25B_002
2026-06-05 17:55:49.248 | WARNING  | __main__:test_with_model:17483 - 最终收口发现重复Lane ID并已重命名: 1条
2026-06-05 17:55:49.248 | INFO     | __main__:test_with_model:17485 - 脚本内置 Pooling 预测已停用，后续统一调用 prediction_delivery
2026-06-05 17:55:49.248 | WARNING  | __main__:analyze_solution:16989 - Lane DLG_Nova X-25B_001 利用率异常: 215.86% (数据量=2104.66GB, 容量=975.00GB)
2026-06-05 17:55:49.248 | WARNING  | __main__:analyze_solution:16989 - Lane DLG_Nova X-25B_002 利用率异常: 215.32% (数据量=2099.40GB, 容量=975.00GB)
2026-06-05 17:55:49.248 | WARNING  | __main__:analyze_solution:16989 - Lane M11R2_001 利用率异常: 225.16% (数据量=562.89GB, 容量=250.00GB)
2026-06-05 17:55:49.248 | WARNING  | __main__:analyze_solution:16989 - Lane M11R2_002 利用率异常: 153.78% (数据量=384.44GB, 容量=250.00GB)
2026-06-05 17:55:49.248 | WARNING  | __main__:analyze_solution:16989 - Lane M11R2_003 利用率异常: 209.98% (数据量=524.96GB, 容量=250.00GB)
2026-06-05 17:55:49.248 | WARNING  | __main__:analyze_solution:16989 - Lane M11R2_004 利用率异常: 217.79% (数据量=544.47GB, 容量=250.00GB)
2026-06-05 17:55:49.248 | WARNING  | __main__:analyze_solution:16989 - Lane GL_Nova X-25B_002 利用率异常: 215.07% (数据量=2096.97GB, 容量=975.00GB)
2026-06-05 17:55:49.270 | INFO     | __main__:_schedule_rollback_libraries_in_mode_1_1:17517 - 拆分回滚原始文库回流1.1启动: 候选3个，合同量阈值<=500.0G
2026-06-05 17:55:49.270 | INFO     | __main__:test_with_model:17034 - 
================================================================================
2026-06-05 17:55:49.270 | INFO     | __main__:test_with_model:17035 - 排机流程：纯规则排机
2026-06-05 17:55:49.270 | INFO     | __main__:test_with_model:17036 - ================================================================================
2026-06-05 17:55:49.270 | INFO     | arrange_library.core.constraints.index_validator_verified:__init__:77 - Index校验器初始化完成（真实数据验证版本）
2026-06-05 17:55:49.271 | INFO     | arrange_library.core.constraints.lane_validator:__init__:165 - 成Lane校验程序初始化完成 (严格模式: True, 碱基不均衡上限: 35%, 特殊文库关键词: 9个)
2026-06-05 17:55:49.272 | WARNING  | arrange_library.core.ai.pooling_coefficient_optimizer:_load_config:40 - Pooling配置表不存在: /data/work/yuyongpeng/liblane_v2_deepseek/data/wktype_pooling_config.xlsx，将使用默认策略
2026-06-05 17:55:49.272 | INFO     | arrange_library.core.ai.pooling_coefficient_optimizer:_load_efficiency_corrections:185 - 产出效率修正表不存在: /data/work/yuyongpeng/liblane_v2_deepseek/data/production_efficiency_correction.csv，跳过后校准
2026-06-05 17:55:49.272 | WARNING  | arrange_library.core.ai.loutput_predictor_wrapper:_load_model:150 - 模型文件不存在: models/loutput_pre_lane_v5/lightgbm_model.pkl
2026-06-05 17:55:49.272 | WARNING  | arrange_library.core.ai.pooling_coefficient_optimizer:__init__:164 - loutput预测器不可用，将使用规则降级策略
2026-06-05 17:55:49.272 | INFO     | arrange_library.core.scheduling.greedy_lane_scheduler:__init__:266 - 逐Lane贪心排机器初始化完成 - 基础容量: 985.0GB, 利用率区间: [100%, 100%], 配置模式: 按机型自动
2026-06-05 17:55:49.273 | INFO     | arrange_library.core.scheduling.greedy_lane_scheduler:__init__:269 - 启用检查: Index=True, 碱基不均衡=True, 规则检查器=False
2026-06-05 17:55:49.273 | INFO     | __main__:test_with_model:17062 - 排机阶段：Pooling优化器已禁用（V6流程不需要）
2026-06-05 17:55:49.273 | INFO     | arrange_library.core.constraints.lane_validator:__init__:165 - 成Lane校验程序初始化完成 (严格模式: True, 碱基不均衡上限: 35%, 特殊文库关键词: 9个)
2026-06-05 17:55:49.273 | INFO     | __main__:test_with_model:17066 - 严格校验容量区间改为按统一配置表动态解析
2026-06-05 17:55:49.273 | INFO     | arrange_library.core.preprocessing.library_splitter:split_libraries:45 - ============================================================
2026-06-05 17:55:49.273 | INFO     | arrange_library.core.preprocessing.library_splitter:split_libraries:46 - [拆分] 开始文库拆分预处理
2026-06-05 17:55:49.273 | INFO     | arrange_library.core.preprocessing.library_splitter:split_libraries:47 -   拆分规则: 1.1模式文库（兼容旧名1.0）不拆分；3.6T-NEW单对index >130.0G 拆分，多对index >300.0G 拆分
2026-06-05 17:55:49.273 | INFO     | arrange_library.core.preprocessing.library_splitter:split_libraries:53 -   最小保留数据量: >2.0G
2026-06-05 17:55:49.273 | INFO     | arrange_library.core.preprocessing.library_splitter:split_libraries:85 - ------------------------------------------------------------
2026-06-05 17:55:49.273 | INFO     | arrange_library.core.preprocessing.library_splitter:split_libraries:86 -  拆分完成
2026-06-05 17:55:49.273 | INFO     | arrange_library.core.preprocessing.library_splitter:split_libraries:87 -   原始文库数: 3
2026-06-05 17:55:49.273 | INFO     | arrange_library.core.preprocessing.library_splitter:split_libraries:88 -   拆分文库数: 0
2026-06-05 17:55:49.273 | INFO     | arrange_library.core.preprocessing.library_splitter:split_libraries:89 -   最终文库数: 3
2026-06-05 17:55:49.273 | INFO     | arrange_library.core.preprocessing.library_splitter:split_libraries:90 - ============================================================
2026-06-05 17:55:49.273 | INFO     | __main__:test_with_model:17088 - 主流程前置拆分完成: 无需拆分
2026-06-05 17:55:49.273 | INFO     | __main__:test_with_model:17103 - Peak窗口混排预构Lane已按调用方要求关闭
2026-06-05 17:55:49.273 | INFO     | arrange_library.core.scheduling.greedy_lane_scheduler:schedule:1064 - 开始逐Lane贪心排机 - 文库数: 3
2026-06-05 17:55:49.273 | INFO     | arrange_library.core.scheduling.greedy_lane_scheduler:schedule:1074 - 预拆分完成: 使用外层已拆分文库
2026-06-05 17:55:49.274 | INFO     | arrange_library.core.scheduling.greedy_lane_scheduler:_run_batch_analysis:470 - ===== 批次全局分析报告 =====
2026-06-05 17:55:49.274 | INFO     | arrange_library.core.scheduling.greedy_lane_scheduler:_run_batch_analysis:470 - 机器类型: Nova X-25B
2026-06-05 17:55:49.274 | INFO     | arrange_library.core.scheduling.greedy_lane_scheduler:_run_batch_analysis:470 - 文库总数: 3
2026-06-05 17:55:49.274 | INFO     | arrange_library.core.scheduling.greedy_lane_scheduler:_run_batch_analysis:470 - 总数据量: 600.0 GB
2026-06-05 17:55:49.274 | INFO     | arrange_library.core.scheduling.greedy_lane_scheduler:_run_batch_analysis:470 - 预估Lane数: 1~1
2026-06-05 17:55:49.274 | INFO     | arrange_library.core.scheduling.greedy_lane_scheduler:_run_batch_analysis:470 - --- 特征标记 ---
2026-06-05 17:55:49.274 | INFO     | arrange_library.core.scheduling.greedy_lane_scheduler:_run_batch_analysis:470 -   包Lane文库: 无
2026-06-05 17:55:49.274 | INFO     | arrange_library.core.scheduling.greedy_lane_scheduler:_run_batch_analysis:470 -   碱基不均衡: 有
2026-06-05 17:55:49.274 | INFO     | arrange_library.core.scheduling.greedy_lane_scheduler:_run_batch_analysis:470 -   客户文库:   无
2026-06-05 17:55:49.274 | INFO     | arrange_library.core.scheduling.greedy_lane_scheduler:_run_batch_analysis:470 -   10bp文库:   有
2026-06-05 17:55:49.274 | INFO     | arrange_library.core.scheduling.greedy_lane_scheduler:_run_batch_analysis:470 -   非10bp文库: 无
2026-06-05 17:55:49.274 | INFO     | arrange_library.core.scheduling.greedy_lane_scheduler:_run_batch_analysis:470 -   特殊组合:   有
2026-06-05 17:55:49.274 | INFO     | arrange_library.core.scheduling.greedy_lane_scheduler:_run_batch_analysis:470 - --- 分组画像 ---
2026-06-05 17:55:49.274 | INFO     | arrange_library.core.scheduling.greedy_lane_scheduler:_run_batch_analysis:470 -   [imbalance] 碱基不均衡文库: 3个文库, 600.0GB, 预估1~1条Lane
2026-06-05 17:55:49.274 | INFO     | arrange_library.core.scheduling.greedy_lane_scheduler:_run_batch_analysis:470 -   [10bp] 10碱基文库: 3个文库, 600.0GB, 预估1~1条Lane
2026-06-05 17:55:49.274 | INFO     | arrange_library.core.scheduling.greedy_lane_scheduler:_run_batch_analysis:470 -   [special_combo_a] 10X 5端/VDJ组合: 3个文库, 600.0GB, 预估1~1条Lane
2026-06-05 17:55:49.274 | INFO     | arrange_library.core.scheduling.greedy_lane_scheduler:_run_batch_analysis:470 -   [all] 全部文库: 3个文库, 600.0GB, 预估1~1条Lane
2026-06-05 17:55:49.274 | INFO     | arrange_library.core.scheduling.greedy_lane_scheduler:_run_batch_analysis:470 - --- 混排约束 ---
2026-06-05 17:55:49.274 | INFO     | arrange_library.core.scheduling.greedy_lane_scheduler:_run_batch_analysis:470 -   [imbalance_max_30pct] imbalance vs all: 碱基不均衡文库全局占比100.0%，超过30%上限，必须拆分为专用Lane
2026-06-05 17:55:49.274 | INFO     | arrange_library.core.scheduling.greedy_lane_scheduler:_run_batch_analysis:470 - --- 尾部风险 ---
2026-06-05 17:55:49.274 | INFO     | arrange_library.core.scheduling.greedy_lane_scheduler:_run_batch_analysis:470 -   [imbalance] 碱基不均衡文库排完整Lane后剩余600.0GB，不足半Lane(998GB)，需要大文库骨架携带或混入散样Lane - 600.0GB, 3个, 严重程度: medium
2026-06-05 17:55:49.274 | INFO     | arrange_library.core.scheduling.greedy_lane_scheduler:_run_batch_analysis:470 -   [special_combo_a] 10X 5端/VDJ组合排完整Lane后剩余600.0GB，不足半Lane(998GB)，需要大文库骨架携带或混入散样Lane - 600.0GB, 3个, 严重程度: medium
2026-06-05 17:55:49.275 | INFO     | arrange_library.core.scheduling.greedy_lane_scheduler:_run_batch_analysis:470 - --- 策略建议 ---
2026-06-05 17:55:49.275 | INFO     | arrange_library.core.scheduling.greedy_lane_scheduler:_run_batch_analysis:470 -   - 数据分布较均匀，可按常规贪心排机流程处理
2026-06-05 17:55:49.275 | INFO     | arrange_library.core.scheduling.greedy_lane_scheduler:_run_batch_analysis:470 - ===== 报告结束 =====
2026-06-05 17:55:49.275 | INFO     | arrange_library.core.scheduling.greedy_lane_scheduler:_run_batch_analysis:476 - 保留外部传入的策略执行计划，仅使用批次分析报告
2026-06-05 17:55:49.275 | INFO     | arrange_library.core.scheduling.greedy_lane_scheduler:schedule:1110 - 处理机器类型 Nova X-25B - 文库数: 3 - Lane容量: 1050.0GB, 利用率区间: [100%, 100%], 特殊文库上限: 350GB
2026-06-05 17:55:49.275 | INFO     | arrange_library.core.scheduling.greedy_lane_scheduler:schedule:1138 - 碱基不均衡专用Lane策略: 3个碱基不均衡文库
2026-06-05 17:55:49.275 | INFO     | arrange_library.core.scheduling.greedy_lane_scheduler:schedule:1144 - 形成0条专用Lane，剩余3个碱基不均衡文库
2026-06-05 17:55:49.275 | WARNING  | arrange_library.core.scheduling.greedy_lane_scheduler:_schedule_machine_group:5382 - 剩余 3 个文库无法分配（全部有约束冲突）
2026-06-05 17:55:49.276 | INFO     | arrange_library.core.scheduling.greedy_lane_scheduler:schedule:1209 - 剩余池总量600.0GB不足最小成Lane门槛1995.0GB，跳过后续随机重试
2026-06-05 17:55:49.276 | INFO     | arrange_library.core.scheduling.greedy_lane_scheduler:_build_imbalance_dedicated_lanes:1029 - 专用Lane创建完成: 0条Lane, 3个碱基不均衡文库待分配, 0个中性文库待分配
2026-06-05 17:55:49.276 | INFO     | arrange_library.core.scheduling.greedy_lane_scheduler:schedule:1807 - 逐Lane贪心排机完成 - Lane数: 0, 已分配: 0/3, 未分配: 3, 平均利用率: 0.0%, 耗时: 0.00秒
2026-06-05 17:55:49.276 | INFO     | arrange_library.core.constraints.lane_validator:__init__:165 - 成Lane校验程序初始化完成 (严格模式: False, 碱基不均衡上限: 35%, 特殊文库关键词: 9个)
2026-06-05 17:55:49.276 | INFO     | arrange_library.core.scheduling.greedy_lane_scheduler:_validate_all_lanes:2169 - 最终验证结果: 0条Lane通过，3个文库未分配
2026-06-05 17:55:49.277 | INFO     | __main__:test_with_model:17159 - wkspecialsplits边排边检查完成: 无需调整
2026-06-05 17:55:49.277 | INFO     | __main__:test_with_model:17194 - 验证完成：0条Lane通过验证
2026-06-05 17:55:49.277 | INFO     | __main__:test_with_model:17215 - 57规则二次改排救援已关闭，失败Lane文库回收到未分配池
2026-06-05 17:55:49.277 | INFO     | __main__:_attempt_build_rescue_lane_from_pool:5246 - 补Lane尝试跳过: lane_prefix=EX, pool_size=3, pool_data=600.000G不足最小门槛1995.000G
2026-06-05 17:55:49.277 | INFO     | __main__:_try_increase_lane_count:7577 - Lane数量提升停止: machine_type=Nova X-25B, 当前池首次构Lane失败，跳过同池重复尝试
2026-06-05 17:55:49.277 | INFO     | __main__:test_with_model:17234 - Lane数量提升未新增Lane
2026-06-05 17:55:49.278 | INFO     | __main__:_attempt_build_rescue_lane_from_pool:5246 - 补Lane尝试跳过: lane_prefix=RB, pool_size=3, pool_data=600.000G不足最小门槛1995.000G
2026-06-05 17:55:49.278 | INFO     | __main__:try_multi_lib_swap_rebalance:7708 - 跨Lane多文库交换停止: machine_type=Nova X-25B, 当前池首次构Lane失败，跳过同池重复尝试
2026-06-05 17:55:49.278 | INFO     | __main__:test_with_model:17266 - 跨Lane多文库交换未新增Lane，剩余未分配3个
2026-06-05 17:55:49.278 | INFO     | __main__:test_with_model:17455 - 剩余库全局轮转混排未新增Lane: 剩余未分配=3
2026-06-05 17:55:49.278 | INFO     | __main__:test_with_model:17485 - 脚本内置 Pooling 预测已停用，后续统一调用 prediction_delivery
2026-06-05 17:55:49.278 | INFO     | __main__:_schedule_rollback_libraries_in_mode_1_1:17554 - 拆分回滚原始文库回流1.1完成: 新增Lane=0，剩余未分配=3
2026-06-05 17:55:49.280 | INFO     | __main__:_validate_final_package_lanes:3015 - 排后包Lane校验通过
2026-06-05 17:55:49.282 | INFO     | __main__:_validate_no_split_for_package_lane_libraries:3109 - 排后校验通过：包Lane编号文库拆分规则满足约束
2026-06-05 17:55:49.282 | INFO     | arrange_library.core.constraints.lane_validator:__init__:165 - 成Lane校验程序初始化完成 (严格模式: True, 碱基不均衡上限: 35%, 特殊文库关键词: 9个)
2026-06-05 17:55:49.288 | INFO     | __main__:_validate_final_package_lanes:3015 - 排后包Lane校验通过
2026-06-05 17:55:49.289 | INFO     | arrange_library.core.constraints.lane_validator:__init__:165 - 成Lane校验程序初始化完成 (严格模式: True, 碱基不均衡上限: 35%, 特殊文库关键词: 9个)
2026-06-05 17:55:49.304 | INFO     | __main__:_validate_final_package_lanes:3015 - 排后包Lane校验通过
2026-06-05 17:55:49.306 | INFO     | __main__:_validate_no_split_for_package_lane_libraries:3109 - 排后校验通过：包Lane编号文库拆分规则满足约束
2026-06-05 17:55:50.003 | INFO     | __main__:_consume_g53_g54_imbalance_as_mode_lanes:1494 - 终态3.6 G53/G54组合碱基不均专Lane成Lane成功: lane=DG_NovaSeq X Plus_001, group=G53, 候选89个/3095.5G, 使用9个/1104.3G
2026-06-05 17:55:50.056 | INFO     | __main__:_consume_g53_g54_imbalance_as_mode_lanes:1494 - 终态3.6 G53/G54组合碱基不均专Lane成Lane成功: lane=DG_NovaSeq X Plus_002, group=G53, 候选80个/1991.2G, 使用19个/1104.7G
2026-06-05 17:55:50.168 | INFO     | __main__:_consume_g53_g54_imbalance_as_mode_lanes:1494 - 终态3.6 G53/G54组合碱基不均专Lane成Lane成功: lane=DG_NovaSeq X Plus_003, group=G54, 候选48个/3070.5G, 使用12个/1080.8G
2026-06-05 17:55:50.269 | INFO     | __main__:_consume_g53_g54_imbalance_as_mode_lanes:1494 - 终态3.6 G53/G54组合碱基不均专Lane成Lane成功: lane=DG_NovaSeq X Plus_004, group=G54, 候选36个/1989.7G, 使用17个/1102.8G
2026-06-05 17:55:50.362 | INFO     | __main__:_consume_g53_g54_imbalance_as_mode_lanes:1482 - 终态3.6 G53/G54组合碱基不均专Lane未成Lane: group=G54, 候选19个/886.9G, 贪心选择19个/886.9G, 下限970.0G, top_failures=[('capacity_out_of_rule_range', 2)]
2026-06-05 17:55:50.362 | INFO     | __main__:_try_add_terminal_global_36t_mixed_lanes:14905 - 终态全局3.6 G53/G54组合碱基不均补Lane成功: 承载机型=NovaSeq X Plus, 新增Lane=4, 使用文库=57, 剩余候选=235
2026-06-05 17:55:50.470 | INFO     | __main__:_consume_g53_g54_imbalance_as_mode_lanes:1482 - 终态3.6 G53/G54组合碱基不均专Lane未成Lane: group=G54, 候选19个/886.9G, 贪心选择19个/886.9G, 下限970.0G, top_failures=[('capacity_out_of_rule_range', 2)]
2026-06-05 17:55:53.818 | INFO     | __main__:_consume_g55_imbalance_as_mode_lanes:14540 - 终态3.6 G55跨基础组碱基不均专Lane未成Lane: 候选213个/2711.9G, 3.6T-NEW真实量窗口=[945.2,1049.8]G, validation_attempts=0, top_failures=[]
2026-06-05 17:55:53.885 | INFO     | __main__:arrange_library:18655 - 终态全局3.6混排增量完成: 新增Lane=4，使用拆分原始文库=57，使用普通补料文库=0，剩余未分配=1393
2026-06-05 17:55:53.984 | INFO     | __main__:_try_convert_mergeable_36t_tail_lanes_to_mode_1_1:8731 - 终态可合并3.6T Lane两两回收候选: 候选3.6T Lane=5，有效1.1配对=0
2026-06-05 17:55:53.984 | INFO     | arrange_library.core.constraints.lane_validator:__init__:165 - 成Lane校验程序初始化完成 (严格模式: True, 碱基不均衡上限: 35%, 特殊文库关键词: 9个)
2026-06-05 17:55:53.985 | INFO     | arrange_library.core.constraints.lane_validator:__init__:165 - 成Lane校验程序初始化完成 (严格模式: True, 碱基不均衡上限: 35%, 特殊文库关键词: 9个)
2026-06-05 17:55:54.015 | INFO     | __main__:_collect_prediction_rows:16019 - arrange 收集排机结果，用于后续 prediction_delivery 预测
2026-06-05 17:55:54.016 | WARNING  | __main__:_load_lane_index_rule_mapping:10704 - 排机规则映射文件不存在，跳过显式排机规则解析: /data/work/yuyongpeng/liblane_v2_deepseek/paiji_complete2/merge_deal/config
2026-06-05 17:55:54.016 | INFO     | __main__:_collect_prediction_rows:16041 - arrange Lane DLG_Nova X-25B_001 排机浓度规则命中: special_10x_combo_group_b_non_customer_1_78, lsjnd=1.780
2026-06-05 17:55:54.017 | INFO     | __main__:_collect_prediction_rows:16045 - arrange Lane DLG_Nova X-25B_001 输出规则命中: tj_1595_mode_1_1_special_combo, lsjfs=25B, lcxms=1.1
2026-06-05 17:55:54.017 | INFO     | __main__:_collect_prediction_rows:16049 - arrange Lane DLG_Nova X-25B_001 显式排机规则: P7P5
2026-06-05 17:55:54.017 | INFO     | __main__:_collect_prediction_rows:16041 - arrange Lane DLG_Nova X-25B_002 排机浓度规则命中: special_10x_combo_group_b_non_customer_1_78, lsjnd=1.780
2026-06-05 17:55:54.017 | INFO     | __main__:_collect_prediction_rows:16045 - arrange Lane DLG_Nova X-25B_002 输出规则命中: tj_1595_mode_1_1_special_combo, lsjfs=25B, lcxms=1.1
2026-06-05 17:55:54.017 | INFO     | __main__:_collect_prediction_rows:16049 - arrange Lane DLG_Nova X-25B_002 显式排机规则: P7P5
2026-06-05 17:55:54.021 | INFO     | __main__:_collect_prediction_rows:16041 - arrange Lane M11R2_001 排机浓度规则命中: no_loading_concentration_rule_matched, lsjnd=
2026-06-05 17:55:54.021 | INFO     | __main__:_collect_prediction_rows:16045 - arrange Lane M11R2_001 输出规则命中: tj_1595_mode_1_1, lsjfs=25B, lcxms=1.1
2026-06-05 17:55:54.021 | INFO     | __main__:_collect_prediction_rows:16049 - arrange Lane M11R2_001 显式排机规则: P7P5
2026-06-05 17:55:54.026 | INFO     | __main__:_collect_prediction_rows:16041 - arrange Lane M11R2_002 排机浓度规则命中: no_loading_concentration_rule_matched, lsjnd=
2026-06-05 17:55:54.026 | INFO     | __main__:_collect_prediction_rows:16045 - arrange Lane M11R2_002 输出规则命中: tj_1595_mode_1_1, lsjfs=25B, lcxms=1.1
2026-06-05 17:55:54.026 | INFO     | __main__:_collect_prediction_rows:16049 - arrange Lane M11R2_002 显式排机规则: P7P5
2026-06-05 17:55:54.030 | INFO     | __main__:_collect_prediction_rows:16041 - arrange Lane M11R2_003 排机浓度规则命中: no_loading_concentration_rule_matched, lsjnd=
2026-06-05 17:55:54.030 | INFO     | __main__:_collect_prediction_rows:16045 - arrange Lane M11R2_003 输出规则命中: tj_1595_mode_1_1, lsjfs=25B, lcxms=1.1
2026-06-05 17:55:54.030 | INFO     | __main__:_collect_prediction_rows:16049 - arrange Lane M11R2_003 显式排机规则: P7P5
2026-06-05 17:55:54.033 | INFO     | __main__:_collect_prediction_rows:16041 - arrange Lane M11R2_004 排机浓度规则命中: no_loading_concentration_rule_matched, lsjnd=
2026-06-05 17:55:54.033 | INFO     | __main__:_collect_prediction_rows:16045 - arrange Lane M11R2_004 输出规则命中: tj_1595_mode_1_1, lsjfs=25B, lcxms=1.1
2026-06-05 17:55:54.033 | INFO     | __main__:_collect_prediction_rows:16049 - arrange Lane M11R2_004 显式排机规则: P7P5
2026-06-05 17:55:54.036 | INFO     | __main__:_collect_prediction_rows:16041 - arrange Lane M11R2_005 排机浓度规则命中: no_loading_concentration_rule_matched, lsjnd=
2026-06-05 17:55:54.036 | INFO     | __main__:_collect_prediction_rows:16045 - arrange Lane M11R2_005 输出规则命中: tj_1595_mode_1_1, lsjfs=25B, lcxms=1.1
2026-06-05 17:55:54.036 | INFO     | __main__:_collect_prediction_rows:16049 - arrange Lane M11R2_005 显式排机规则: P7P5
2026-06-05 17:55:54.039 | INFO     | __main__:_collect_prediction_rows:16041 - arrange Lane GL_Nova X-25B_001 排机浓度规则命中: no_loading_concentration_rule_matched, lsjnd=
2026-06-05 17:55:54.039 | INFO     | __main__:_collect_prediction_rows:16045 - arrange Lane GL_Nova X-25B_001 输出规则命中: tj_1595_mode_1_1, lsjfs=25B, lcxms=1.1
2026-06-05 17:55:54.039 | INFO     | __main__:_collect_prediction_rows:16049 - arrange Lane GL_Nova X-25B_001 显式排机规则: P7P5
2026-06-05 17:55:54.045 | INFO     | __main__:_collect_prediction_rows:16041 - arrange Lane GL_Nova X-25B_002 排机浓度规则命中: no_loading_concentration_rule_matched, lsjnd=
2026-06-05 17:55:54.045 | INFO     | __main__:_collect_prediction_rows:16045 - arrange Lane GL_Nova X-25B_002 输出规则命中: tj_1595_mode_1_1, lsjfs=25B, lcxms=1.1
2026-06-05 17:55:54.045 | INFO     | __main__:_collect_prediction_rows:16049 - arrange Lane GL_Nova X-25B_002 显式排机规则: P7P5
2026-06-05 17:55:54.052 | INFO     | __main__:_collect_prediction_rows:16041 - arrange Lane GL_Nova X-25B_005 排机浓度规则命中: no_loading_concentration_rule_matched, lsjnd=
2026-06-05 17:55:54.052 | INFO     | __main__:_collect_prediction_rows:16045 - arrange Lane GL_Nova X-25B_005 输出规则命中: tj_1595_standard_pe150_25b, lsjfs=25B, lcxms=3.6T-NEW
2026-06-05 17:55:54.052 | INFO     | __main__:_collect_prediction_rows:16049 - arrange Lane GL_Nova X-25B_005 显式排机规则: P7P5
2026-06-05 17:55:54.055 | INFO     | __main__:_collect_prediction_rows:16041 - arrange Lane DG_NovaSeq X Plus_001 排机浓度规则命中: no_loading_concentration_rule_matched, lsjnd=
2026-06-05 17:55:54.055 | INFO     | __main__:_collect_prediction_rows:16045 - arrange Lane DG_NovaSeq X Plus_001 输出规则命中: tj_1595_special_combo_36t, lsjfs=25B, lcxms=3.6T-NEW
2026-06-05 17:55:54.055 | INFO     | __main__:_collect_prediction_rows:16049 - arrange Lane DG_NovaSeq X Plus_001 显式排机规则: P7P5
2026-06-05 17:55:54.056 | INFO     | __main__:_collect_prediction_rows:16041 - arrange Lane DG_NovaSeq X Plus_002 排机浓度规则命中: no_loading_concentration_rule_matched, lsjnd=
2026-06-05 17:55:54.056 | INFO     | __main__:_collect_prediction_rows:16045 - arrange Lane DG_NovaSeq X Plus_002 输出规则命中: tj_1595_special_combo_36t, lsjfs=25B, lcxms=3.6T-NEW
2026-06-05 17:55:54.056 | INFO     | __main__:_collect_prediction_rows:16049 - arrange Lane DG_NovaSeq X Plus_002 显式排机规则: P7P5
2026-06-05 17:55:54.056 | INFO     | __main__:_collect_prediction_rows:16041 - arrange Lane DG_NovaSeq X Plus_003 排机浓度规则命中: special_10x_combo_group_b_non_customer_1_78, lsjnd=1.780
2026-06-05 17:55:54.056 | INFO     | __main__:_collect_prediction_rows:16045 - arrange Lane DG_NovaSeq X Plus_003 输出规则命中: tj_1595_special_combo_36t, lsjfs=25B, lcxms=3.6T-NEW
2026-06-05 17:55:54.056 | INFO     | __main__:_collect_prediction_rows:16049 - arrange Lane DG_NovaSeq X Plus_003 显式排机规则: P7P5
2026-06-05 17:55:54.057 | INFO     | __main__:_collect_prediction_rows:16041 - arrange Lane DG_NovaSeq X Plus_004 排机浓度规则命中: special_10x_combo_group_b_customer_2_5, lsjnd=2.500
2026-06-05 17:55:54.057 | INFO     | __main__:_collect_prediction_rows:16045 - arrange Lane DG_NovaSeq X Plus_004 输出规则命中: tj_1595_special_combo_36t, lsjfs=25B, lcxms=3.6T-NEW
2026-06-05 17:55:54.057 | INFO     | __main__:_collect_prediction_rows:16049 - arrange Lane DG_NovaSeq X Plus_004 显式排机规则: P7P5
/data/work/yuyongpeng/liblane_v2_deepseek/paiji_complete2/paiji_complete/arrange_library/arrange_library_model6.py:16337: FutureWarning: Downcasting object dtype arrays on .fillna, .ffill, .bfill is deprecated and will change in a future version. Call result.infer_objects(copy=False) instead. To opt-in to the future behavior, set `pd.set_option('future.no_silent_downcasting', True)`
  balance_mask = df[BALANCE_LIBRARY_MARKER_COLUMN].fillna(False).astype(bool)
/data/work/yuyongpeng/liblane_v2_deepseek/paiji_complete2/paiji_complete/arrange_library/arrange_library_model6.py:16755: FutureWarning: Downcasting object dtype arrays on .fillna, .ffill, .bfill is deprecated and will change in a future version. Call result.infer_objects(copy=False) instead. To opt-in to the future behavior, set `pd.set_option('future.no_silent_downcasting', True)`
  non_balance_mask = ~merged[BALANCE_LIBRARY_MARKER_COLUMN].fillna(False).astype(bool)
2026-06-05 17:55:54.432 | INFO     | __main__:_build_detail_output:16800 - 明细输出完成: arrange_library/203_dataDeal_arrange.csv
2026-06-05 17:55:54.433 | INFO     | __main__:arrange_library:18844 - 
================================================================================
2026-06-05 17:55:54.433 | INFO     | __main__:arrange_library:18845 - 步骤3: 跳过 prediction_delivery，保留下单量/预测产出空字段
2026-06-05 17:55:54.433 | INFO     | __main__:arrange_library:18846 - ================================================================================
2026-06-05 17:55:54.563 | INFO     | __main__:_run_prediction_delivery:17597 - 已跳过 prediction_delivery 模型预测，输出保留下单量/预测产出字段空值: arrange_library/203_dataDeal_arrange.csv
2026-06-05 17:55:54.564 | INFO     | __main__:arrange_library:18848 - 输出后处理完成: 记录数=3009, 平均下单量=nanG, 平均产出量=nanG
2026-06-05 17:55:54.564 | INFO     | __main__:arrange_library:18855 - 
端到端排机完成！
2026-06-05 17:55:54.564 | INFO     | __main__:arrange_library:18856 - 最终输出文件: arrange_library/203_dataDeal_arrange.csv
2026-06-05 17:55:54.564 | INFO     | __main__:arrange_library:18857 - ================================================================================
