2026-06-05 17:13:43.739 | INFO     | arrange_library.core.constraints.index_validator_verified:__init__:77 - Index校验器初始化完成（真实数据验证版本）
2026-06-05 17:13:43.763 | INFO     | arrange_library.core.config.scheduling_config:_load_rule_matrix_config:806 - 统一排机规则配置已加载: profiles=55, constraints=2, loading_rules=4, lab_mappings=9
2026-06-05 17:13:43.763 | INFO     | arrange_library.core.config.scheduling_config:_load_mode_1_1_rules:1777 - 1.1模式规则配置加载完成: /data/work/yuyongpeng/liblane_v2_deepseek/paiji_complete2/paiji_complete/arrange_library/config/mode_1_1_rules.json
2026-06-05 17:13:43.850 | INFO     | arrange_library.core.config.scheduling_config:__init__:434 - 排机配置管理器初始化完成
2026-06-05 17:13:44.331 | INFO     | arrange_library.core.constraints.index_validator_verified:__init__:77 - Index校验器初始化完成（真实数据验证版本）
2026-06-05 17:13:44.338 | INFO     | __main__:arrange_library:17411 - ================================================================================
2026-06-05 17:13:44.338 | INFO     | __main__:arrange_library:17412 - arrange_library: 端到端排机流程 - 排机与 Pooling 预测
2026-06-05 17:13:44.338 | INFO     | __main__:arrange_library:17413 - ================================================================================
2026-06-05 17:13:44.338 | INFO     | __main__:arrange_library:17414 - 调用时间: 2026-06-05 17:13:44
2026-06-05 17:13:44.338 | INFO     | __main__:arrange_library:17415 - 随机种子: 42 (固定，确保可复现)
2026-06-05 17:13:44.338 | INFO     | __main__:arrange_library:17416 - 运行模式: arrange
2026-06-05 17:13:44.338 | INFO     | __main__:arrange_library:17422 - 
使用数据文件: arrange_library/203_dataDeal.csv
2026-06-05 17:13:44.545 | INFO     | __main__:load_standardized_csv:16621 - 从标准化CSV文件加载数据: arrange_library/203_dataDeal.csv
2026-06-05 17:13:44.576 | INFO     | __main__:load_standardized_csv:16623 - 读取 3009 行数据
2026-06-05 17:13:45.011 | INFO     | __main__:load_standardized_csv:16717 - 成功创建 3009 个文库对象
2026-06-05 17:13:45.012 | INFO     | __main__:arrange_library:17455 - 成功转换 3009 个测试文库
2026-06-05 17:13:45.017 | INFO     | __main__:arrange_library:17484 - AI可排文库筛选完成: 可排=2996，不可排=13，机型排除=0
2026-06-05 17:13:45.017 | INFO     | __main__:arrange_library:17507 - 
================================================================================
2026-06-05 17:13:45.017 | INFO     | __main__:arrange_library:17508 - 步骤0.9: 提前处理1.1第二轮历史固定组合文库
2026-06-05 17:13:45.017 | INFO     | __main__:arrange_library:17509 - ================================================================================
2026-06-05 17:13:45.022 | INFO     | arrange_library.core.scheduling.mode_1_1_round2:identify_round2_candidates:115 - 1.1第二轮候选识别: 候选文库=565, 分组数=5, 非候选文库=2431
2026-06-05 17:13:45.022 | INFO     | arrange_library.core.scheduling.mode_1_1_round2:schedule_round2:148 - 1.1第二轮直出Lane: 候选分组=5
2026-06-05 17:13:45.024 | INFO     | arrange_library.core.scheduling.mode_1_1_round2:schedule_round2:167 - 1.1第二轮直出完成: 生成Lane=5, 调度分组=5, 回流3.6T文库=0
2026-06-05 17:13:45.024 | INFO     | __main__:arrange_library:17519 - 1.1第二轮历史Lane前置直出完成: 候选文库=565, 生成Lane=5, 剩余进入后续排机文库=2431, 回流未成Lane池=0
2026-06-05 17:13:45.024 | INFO     | __main__:arrange_library:17532 - 
================================================================================
2026-06-05 17:13:45.024 | INFO     | __main__:arrange_library:17533 - 步骤1: 处理包Lane文库（wkbaleno字段有值的文库）
2026-06-05 17:13:45.024 | INFO     | __main__:arrange_library:17534 - ================================================================================
2026-06-05 17:13:45.026 | INFO     | __main__:arrange_library:17552 - 包Lane文库数: 0
2026-06-05 17:13:45.026 | INFO     | __main__:arrange_library:17553 - 普通文库数: 2431
2026-06-05 17:13:45.029 | INFO     | arrange_library.core.constraints.index_validator_verified:__init__:77 - Index校验器初始化完成（真实数据验证版本）
2026-06-05 17:13:45.030 | INFO     | arrange_library.core.constraints.lane_validator:__init__:165 - 成Lane校验程序初始化完成 (严格模式: True, 碱基不均衡上限: 35%, 特殊文库关键词: 9个)
2026-06-05 17:13:45.030 | INFO     | __main__:arrange_library:17638 - 
================================================================================
2026-06-05 17:13:45.030 | INFO     | __main__:arrange_library:17639 - 步骤1.3: 1.1前碱基不均衡专Lane预抽取
2026-06-05 17:13:45.030 | INFO     | __main__:arrange_library:17640 - ================================================================================
2026-06-05 17:13:45.127 | INFO     | __main__:_consume_g53_g54_imbalance_as_mode_lanes:1471 - 步骤1.3 G53/G54组合碱基不均1.1专Lane成Lane成功: lane=DLG_Nova X-25B_001, group=G54, 候选77个/7274.6G, 使用11个/2104.7G
2026-06-05 17:13:45.191 | INFO     | __main__:_consume_g53_g54_imbalance_as_mode_lanes:1471 - 步骤1.3 G53/G54组合碱基不均1.1专Lane成Lane成功: lane=DLG_Nova X-25B_002, group=G54, 候选66个/5169.9G, 使用19个/2104.8G
2026-06-05 17:13:45.257 | INFO     | __main__:_consume_g53_g54_imbalance_as_mode_lanes:1471 - 步骤1.3 G53/G54组合碱基不均1.1专Lane成Lane成功: lane=DLG_Nova X-25B_003, group=G53, 候选94个/3431.0G, 使用23个/2104.1G
2026-06-05 17:13:45.415 | INFO     | __main__:_consume_g53_g54_imbalance_as_mode_lanes:1471 - 步骤1.3 G53/G54组合碱基不均1.1专Lane成Lane成功: lane=DLG_Nova X-25B_004, group=G54, 候选47个/3065.1G, 使用26个/2102.8G
2026-06-05 17:13:45.539 | INFO     | __main__:_consume_g53_g54_imbalance_as_mode_lanes:1459 - 步骤1.3 G53/G54组合碱基不均1.1专Lane未成Lane: group=G54, 候选21个/962.4G, 贪心选择20个/948.2G, 下限1995.0G, top_failures=[('capacity_out_of_rule_range', 2)]
2026-06-05 17:13:45.540 | INFO     | __main__:_enforce_mode_1_1_add_test_cap_per_lane:1886 - 1.1首轮Lane加测/混合封顶生效: lane=DLG_Nova X-25B_002, 保留106.6G, 回退1个/48.2G到未分配池 (单Lane上限150.0G)
2026-06-05 17:13:45.540 | INFO     | __main__:_enforce_mode_1_1_add_test_cap_per_lane:1886 - 1.1首轮Lane加测/混合封顶生效: lane=DLG_Nova X-25B_003, 保留121.2G, 回退14个/982.9G到未分配池 (单Lane上限150.0G)
2026-06-05 17:13:45.540 | INFO     | __main__:_enforce_mode_1_1_add_test_cap_per_lane:1886 - 1.1首轮Lane加测/混合封顶生效: lane=DLG_Nova X-25B_004, 保留142.5G, 回退16个/1160.3G到未分配池 (单Lane上限150.0G)
2026-06-05 17:13:45.540 | INFO     | __main__:_apply_mode_1_1_add_test_cap_to_prebuilt_lanes:1977 - 步骤1.3 G53/G54组合碱基不均1.1专Lane单Lane加测/混合封顶完成: 调整Lane=3, 回退文库=31个/2191.3G
2026-06-05 17:13:45.542 | INFO     | arrange_library.core.constraints.index_validator_verified:__init__:77 - Index校验器初始化完成（真实数据验证版本）
2026-06-05 17:13:45.543 | INFO     | arrange_library.core.constraints.lane_validator:__init__:165 - 成Lane校验程序初始化完成 (严格模式: True, 碱基不均衡上限: 35%, 特殊文库关键词: 9个)
2026-06-05 17:13:45.544 | WARNING  | arrange_library.core.ai.pooling_coefficient_optimizer:_load_config:40 - Pooling配置表不存在: /data/work/yuyongpeng/liblane_v2_deepseek/data/wktype_pooling_config.xlsx，将使用默认策略
2026-06-05 17:13:45.545 | INFO     | arrange_library.core.ai.pooling_coefficient_optimizer:_load_efficiency_corrections:185 - 产出效率修正表不存在: /data/work/yuyongpeng/liblane_v2_deepseek/data/production_efficiency_correction.csv，跳过后校准
2026-06-05 17:13:45.545 | WARNING  | arrange_library.core.ai.loutput_predictor_wrapper:_load_model:150 - 模型文件不存在: models/loutput_pre_lane_v5/lightgbm_model.pkl
2026-06-05 17:13:45.545 | WARNING  | arrange_library.core.ai.pooling_coefficient_optimizer:__init__:164 - loutput预测器不可用，将使用规则降级策略
2026-06-05 17:13:45.545 | INFO     | arrange_library.core.scheduling.greedy_lane_scheduler:__init__:266 - 逐Lane贪心排机器初始化完成 - 基础容量: 985.0GB, 利用率区间: [100%, 100%], 配置模式: 按机型自动
2026-06-05 17:13:45.545 | INFO     | arrange_library.core.scheduling.greedy_lane_scheduler:__init__:269 - 启用检查: Index=True, 碱基不均衡=True, 规则检查器=False
2026-06-05 17:13:45.546 | INFO     | arrange_library.core.scheduling.greedy_lane_scheduler:_get_dedicated_lane_profile:963 - 专用Lane分组G36剩余合同量3.6G无法满足1.1或3.6T-NEW有效容量下限
2026-06-05 17:13:45.546 | INFO     | arrange_library.core.scheduling.greedy_lane_scheduler:_get_dedicated_lane_profile:963 - 专用Lane分组G33剩余合同量30.0G无法满足1.1或3.6T-NEW有效容量下限
2026-06-05 17:13:45.547 | INFO     | arrange_library.core.scheduling.greedy_lane_scheduler:_get_dedicated_lane_profile:963 - 专用Lane分组G43剩余合同量121.5G无法满足1.1或3.6T-NEW有效容量下限
2026-06-05 17:13:45.547 | INFO     | arrange_library.core.scheduling.greedy_lane_scheduler:_get_dedicated_lane_profile:963 - 专用Lane分组G29剩余合同量4.0G无法满足1.1或3.6T-NEW有效容量下限
2026-06-05 17:13:45.548 | INFO     | arrange_library.core.scheduling.greedy_lane_scheduler:_get_dedicated_lane_profile:963 - 专用Lane分组G6剩余合同量312.3G无法满足1.1或3.6T-NEW有效容量下限
2026-06-05 17:13:45.549 | INFO     | arrange_library.core.scheduling.greedy_lane_scheduler:_get_dedicated_lane_profile:963 - 专用Lane分组G35剩余合同量674.2G无法满足1.1或3.6T-NEW有效容量下限
2026-06-05 17:13:45.550 | INFO     | arrange_library.core.scheduling.greedy_lane_scheduler:_get_dedicated_lane_profile:963 - 专用Lane分组G16剩余合同量64.1G无法满足1.1或3.6T-NEW有效容量下限
2026-06-05 17:13:45.551 | INFO     | arrange_library.core.scheduling.greedy_lane_scheduler:_get_dedicated_lane_profile:963 - 专用Lane分组G19剩余合同量732.5G无法满足1.1或3.6T-NEW有效容量下限
2026-06-05 17:13:45.552 | INFO     | arrange_library.core.scheduling.greedy_lane_scheduler:_get_dedicated_lane_profile:963 - 专用Lane分组G4剩余合同量781.7G无法满足1.1或3.6T-NEW有效容量下限
2026-06-05 17:13:45.552 | INFO     | arrange_library.core.scheduling.greedy_lane_scheduler:_get_dedicated_lane_profile:963 - 专用Lane分组G58剩余合同量357.7G无法满足1.1或3.6T-NEW有效容量下限
2026-06-05 17:13:45.553 | INFO     | arrange_library.core.scheduling.greedy_lane_scheduler:_get_dedicated_lane_profile:963 - 专用Lane分组G7剩余合同量84.4G无法满足1.1或3.6T-NEW有效容量下限
2026-06-05 17:13:45.553 | INFO     | arrange_library.core.scheduling.greedy_lane_scheduler:_get_dedicated_lane_profile:963 - 专用Lane分组G5剩余合同量62.7G无法满足1.1或3.6T-NEW有效容量下限
2026-06-05 17:13:45.553 | INFO     | __main__:arrange_library:17666 - 1.1前碱基不均衡专Lane预抽取完成: 生成Lane=4, 剩余进入1.1普通尝试文库=2383
2026-06-05 17:13:45.553 | INFO     | __main__:arrange_library:17675 - 
================================================================================
2026-06-05 17:13:45.554 | INFO     | __main__:arrange_library:17676 - 步骤1.4: 1.1前客户文库纯Lane预抽取
2026-06-05 17:13:45.554 | INFO     | __main__:arrange_library:17677 - ================================================================================
2026-06-05 17:13:45.568 | INFO     | __main__:_consume_customer_libraries_as_mode_1_1_lanes:8855 - 客户文库1.1优先Lane跳过: FKDL候选248个/1381.2G，按加测/混合150.0G封顶后可用9个/189.5G，不足1.1容量
2026-06-05 17:13:45.568 | INFO     | __main__:arrange_library:17692 - 1.1前客户文库纯Lane预抽取完成: 生成Lane=0, 消耗文库=0, 剩余进入1.1普通尝试文库=2383
2026-06-05 17:13:45.568 | INFO     | __main__:arrange_library:17703 - 
================================================================================
2026-06-05 17:13:45.568 | INFO     | __main__:arrange_library:17704 - 步骤1.5: 1.1首轮排机
2026-06-05 17:13:45.568 | INFO     | __main__:arrange_library:17705 - ================================================================================
2026-06-05 17:13:45.667 | INFO     | __main__:arrange_library:17727 - 步骤1.5-1: 1.1首轮使用剩余未成Lane全集，候选2383个文库
2026-06-05 17:13:45.739 | INFO     | __main__:arrange_library:17756 - 1.1首轮策略: expensive_rescue=True, peak_window_mixed=False, post_fill_optimization=True
2026-06-05 17:13:45.937 | INFO     | __main__:test_with_model:16820 - 
================================================================================
2026-06-05 17:13:45.937 | INFO     | __main__:test_with_model:16821 - 排机流程：纯规则排机
2026-06-05 17:13:45.937 | INFO     | __main__:test_with_model:16822 - ================================================================================
2026-06-05 17:13:45.937 | INFO     | arrange_library.core.constraints.index_validator_verified:__init__:77 - Index校验器初始化完成（真实数据验证版本）
2026-06-05 17:13:45.937 | INFO     | arrange_library.core.constraints.lane_validator:__init__:165 - 成Lane校验程序初始化完成 (严格模式: True, 碱基不均衡上限: 35%, 特殊文库关键词: 9个)
2026-06-05 17:13:45.939 | WARNING  | arrange_library.core.ai.pooling_coefficient_optimizer:_load_config:40 - Pooling配置表不存在: /data/work/yuyongpeng/liblane_v2_deepseek/data/wktype_pooling_config.xlsx，将使用默认策略
2026-06-05 17:13:45.939 | INFO     | arrange_library.core.ai.pooling_coefficient_optimizer:_load_efficiency_corrections:185 - 产出效率修正表不存在: /data/work/yuyongpeng/liblane_v2_deepseek/data/production_efficiency_correction.csv，跳过后校准
2026-06-05 17:13:45.939 | WARNING  | arrange_library.core.ai.loutput_predictor_wrapper:_load_model:150 - 模型文件不存在: models/loutput_pre_lane_v5/lightgbm_model.pkl
2026-06-05 17:13:45.939 | WARNING  | arrange_library.core.ai.pooling_coefficient_optimizer:__init__:164 - loutput预测器不可用，将使用规则降级策略
2026-06-05 17:13:45.939 | INFO     | arrange_library.core.scheduling.greedy_lane_scheduler:__init__:266 - 逐Lane贪心排机器初始化完成 - 基础容量: 985.0GB, 利用率区间: [100%, 100%], 配置模式: 按机型自动
2026-06-05 17:13:45.939 | INFO     | arrange_library.core.scheduling.greedy_lane_scheduler:__init__:269 - 启用检查: Index=True, 碱基不均衡=True, 规则检查器=False
2026-06-05 17:13:45.939 | INFO     | __main__:test_with_model:16848 - 排机阶段：Pooling优化器已禁用（V6流程不需要）
2026-06-05 17:13:45.940 | INFO     | arrange_library.core.constraints.lane_validator:__init__:165 - 成Lane校验程序初始化完成 (严格模式: True, 碱基不均衡上限: 35%, 特殊文库关键词: 9个)
2026-06-05 17:13:45.940 | INFO     | __main__:test_with_model:16852 - 严格校验容量区间改为按统一配置表动态解析
2026-06-05 17:13:45.954 | INFO     | __main__:test_with_model:16874 - 主流程前置拆分完成: 无需拆分
2026-06-05 17:13:45.955 | INFO     | __main__:test_with_model:16889 - Peak窗口混排预构Lane已按调用方要求关闭
2026-06-05 17:13:45.955 | INFO     | arrange_library.core.scheduling.greedy_lane_scheduler:schedule:1064 - 开始逐Lane贪心排机 - 文库数: 2383
2026-06-05 17:13:45.955 | INFO     | arrange_library.core.scheduling.greedy_lane_scheduler:schedule:1074 - 预拆分完成: 使用外层已拆分文库
2026-06-05 17:13:45.962 | INFO     | arrange_library.core.scheduling.greedy_lane_scheduler:_run_batch_analysis:470 - ===== 批次全局分析报告 =====
2026-06-05 17:13:45.962 | INFO     | arrange_library.core.scheduling.greedy_lane_scheduler:_run_batch_analysis:470 - 机器类型: Nova X-25B
2026-06-05 17:13:45.962 | INFO     | arrange_library.core.scheduling.greedy_lane_scheduler:_run_batch_analysis:470 - 文库总数: 2383
2026-06-05 17:13:45.962 | INFO     | arrange_library.core.scheduling.greedy_lane_scheduler:_run_batch_analysis:470 - 总数据量: 15158.9 GB
2026-06-05 17:13:45.962 | INFO     | arrange_library.core.scheduling.greedy_lane_scheduler:_run_batch_analysis:470 - 预估Lane数: 8~8
2026-06-05 17:13:45.962 | INFO     | arrange_library.core.scheduling.greedy_lane_scheduler:_run_batch_analysis:470 - --- 特征标记 ---
2026-06-05 17:13:45.962 | INFO     | arrange_library.core.scheduling.greedy_lane_scheduler:_run_batch_analysis:470 -   包Lane文库: 无
2026-06-05 17:13:45.962 | INFO     | arrange_library.core.scheduling.greedy_lane_scheduler:_run_batch_analysis:470 -   碱基不均衡: 有
2026-06-05 17:13:45.962 | INFO     | arrange_library.core.scheduling.greedy_lane_scheduler:_run_batch_analysis:470 -   客户文库:   无
2026-06-05 17:13:45.962 | INFO     | arrange_library.core.scheduling.greedy_lane_scheduler:_run_batch_analysis:470 -   10bp文库:   有
2026-06-05 17:13:45.962 | INFO     | arrange_library.core.scheduling.greedy_lane_scheduler:_run_batch_analysis:470 -   非10bp文库: 有
2026-06-05 17:13:45.962 | INFO     | arrange_library.core.scheduling.greedy_lane_scheduler:_run_batch_analysis:470 -   特殊组合:   有
2026-06-05 17:13:45.962 | INFO     | arrange_library.core.scheduling.greedy_lane_scheduler:_run_batch_analysis:470 - --- 分组画像 ---
2026-06-05 17:13:45.962 | INFO     | arrange_library.core.scheduling.greedy_lane_scheduler:_run_batch_analysis:470 -   [imbalance] 碱基不均衡文库: 290个文库, 6469.8GB, 预估4~4条Lane
2026-06-05 17:13:45.962 | INFO     | arrange_library.core.scheduling.greedy_lane_scheduler:_run_batch_analysis:470 -   [10bp] 10碱基文库: 2345个文库, 14832.9GB, 预估8~8条Lane
2026-06-05 17:13:45.962 | INFO     | arrange_library.core.scheduling.greedy_lane_scheduler:_run_batch_analysis:470 -   [special_combo_a] 10X 5端/VDJ组合: 85个文库, 2309.8GB, 预估2~2条Lane
2026-06-05 17:13:45.962 | INFO     | arrange_library.core.scheduling.greedy_lane_scheduler:_run_batch_analysis:470 -   [all] 全部文库: 2383个文库, 15158.9GB, 预估8~8条Lane
2026-06-05 17:13:45.962 | INFO     | arrange_library.core.scheduling.greedy_lane_scheduler:_run_batch_analysis:470 -   [non_10bp] 非10碱基文库: 38个文库, 326.0GB, 预估1~1条Lane
2026-06-05 17:13:45.962 | INFO     | arrange_library.core.scheduling.greedy_lane_scheduler:_run_batch_analysis:470 -   [special_combo_b] 10X 3端/Visium组合: 38个文库, 2170.9GB, 预估2~2条Lane
2026-06-05 17:13:45.962 | INFO     | arrange_library.core.scheduling.greedy_lane_scheduler:_run_batch_analysis:470 - --- 专用Lane推荐 ---
2026-06-05 17:13:45.962 | INFO     | arrange_library.core.scheduling.greedy_lane_scheduler:_run_batch_analysis:470 -   [imbalance] 碱基不均衡文库数据量充足，可包专用Lane避免混排占比限制 - 约3条Lane, 6469.8GB, 置信度: high
2026-06-05 17:13:45.963 | INFO     | arrange_library.core.scheduling.greedy_lane_scheduler:_run_batch_analysis:470 -   [special_combo_a] 10X 5端/VDJ文库可独占Lane（与3端互斥） - 约1条Lane, 2309.8GB, 置信度: medium
2026-06-05 17:13:45.963 | INFO     | arrange_library.core.scheduling.greedy_lane_scheduler:_run_batch_analysis:470 -   [special_combo_b] 10X 3端/Visium文库可独占Lane（与5端互斥） - 约1条Lane, 2170.9GB, 置信度: medium
2026-06-05 17:13:45.963 | INFO     | arrange_library.core.scheduling.greedy_lane_scheduler:_run_batch_analysis:470 - --- 混排约束 ---
2026-06-05 17:13:45.963 | INFO     | arrange_library.core.scheduling.greedy_lane_scheduler:_run_batch_analysis:470 -   [tj_1595_special_combo_groups_not_mixed] special_combo_a vs special_combo_b: 10X 5端/VDJ 与 10X 3端/Visium 文库不可混排，必须分开
2026-06-05 17:13:45.963 | INFO     | arrange_library.core.scheduling.greedy_lane_scheduler:_run_batch_analysis:470 -   [imbalance_max_30pct] imbalance vs all: 碱基不均衡文库全局占比42.7%，超过30%上限，必须拆分为专用Lane
2026-06-05 17:13:45.963 | INFO     | arrange_library.core.scheduling.greedy_lane_scheduler:_run_batch_analysis:470 - --- 尾部风险 ---
2026-06-05 17:13:45.963 | INFO     | arrange_library.core.scheduling.greedy_lane_scheduler:_run_batch_analysis:470 -   [imbalance] 碱基不均衡文库排完整Lane后剩余484.8GB，不足半Lane(998GB)，需要大文库骨架携带或混入散样Lane - 484.8GB, 290个, 严重程度: medium
2026-06-05 17:13:45.963 | INFO     | arrange_library.core.scheduling.greedy_lane_scheduler:_run_batch_analysis:470 -   [non_10bp] 非10碱基文库排完整Lane后剩余326.0GB，不足半Lane(1048GB)，需要大文库骨架携带或混入散样Lane - 326.0GB, 38个, 严重程度: high
2026-06-05 17:13:45.963 | INFO     | arrange_library.core.scheduling.greedy_lane_scheduler:_run_batch_analysis:470 -   [special_combo_a] 10X 5端/VDJ组合排完整Lane后剩余314.8GB，不足半Lane(998GB)，需要大文库骨架携带或混入散样Lane - 314.8GB, 85个, 严重程度: high
2026-06-05 17:13:45.963 | INFO     | arrange_library.core.scheduling.greedy_lane_scheduler:_run_batch_analysis:470 -   [special_combo_b] 10X 3端/Visium组合排完整Lane后剩余175.9GB，不足半Lane(998GB)，需要大文库骨架携带或混入散样Lane - 175.9GB, 38个, 严重程度: high
2026-06-05 17:13:45.963 | INFO     | arrange_library.core.scheduling.greedy_lane_scheduler:_run_batch_analysis:470 - --- 策略建议 ---
2026-06-05 17:13:45.963 | INFO     | arrange_library.core.scheduling.greedy_lane_scheduler:_run_batch_analysis:470 -   - 碱基不均衡文库数据量充足，优先形成专用Lane
2026-06-05 17:13:45.963 | INFO     | arrange_library.core.scheduling.greedy_lane_scheduler:_run_batch_analysis:470 -   - 特殊10X组合文库应分别走专用Lane（互斥规则）
2026-06-05 17:13:45.963 | INFO     | arrange_library.core.scheduling.greedy_lane_scheduler:_run_batch_analysis:470 -   - 存在3个高风险尾部分组，建议启用骨架预留(大带小)
2026-06-05 17:13:45.963 | INFO     | arrange_library.core.scheduling.greedy_lane_scheduler:_run_batch_analysis:470 - ===== 报告结束 =====
2026-06-05 17:13:45.963 | INFO     | arrange_library.core.scheduling.greedy_lane_scheduler:_run_batch_analysis:476 - 保留外部传入的策略执行计划，仅使用批次分析报告
2026-06-05 17:13:45.970 | INFO     | arrange_library.core.scheduling.greedy_lane_scheduler:schedule:1110 - 处理机器类型 Nova X-25B - 文库数: 2383 - Lane容量: 1050.0GB, 利用率区间: [100%, 100%], 特殊文库上限: 350GB
2026-06-05 17:13:45.971 | INFO     | arrange_library.core.scheduling.greedy_lane_scheduler:schedule:1138 - 碱基不均衡专用Lane策略: 290个碱基不均衡文库
2026-06-05 17:13:45.971 | INFO     | arrange_library.core.scheduling.greedy_lane_scheduler:_get_dedicated_lane_profile:963 - 专用Lane分组G33剩余合同量30.0G无法满足1.1或3.6T-NEW有效容量下限
2026-06-05 17:13:45.972 | INFO     | arrange_library.core.scheduling.greedy_lane_scheduler:_get_dedicated_lane_profile:963 - 专用Lane分组G29剩余合同量4.0G无法满足1.1或3.6T-NEW有效容量下限
2026-06-05 17:13:45.972 | INFO     | arrange_library.core.scheduling.greedy_lane_scheduler:_get_dedicated_lane_profile:963 - 专用Lane分组G36剩余合同量3.6G无法满足1.1或3.6T-NEW有效容量下限
2026-06-05 17:13:45.972 | INFO     | arrange_library.core.scheduling.greedy_lane_scheduler:_get_dedicated_lane_profile:963 - 专用Lane分组G43剩余合同量121.5G无法满足1.1或3.6T-NEW有效容量下限
2026-06-05 17:13:45.973 | INFO     | arrange_library.core.scheduling.greedy_lane_scheduler:_get_dedicated_lane_profile:963 - 专用Lane分组G58剩余合同量357.7G无法满足1.1或3.6T-NEW有效容量下限
2026-06-05 17:13:45.973 | INFO     | arrange_library.core.scheduling.greedy_lane_scheduler:_get_dedicated_lane_profile:963 - 专用Lane分组G4剩余合同量781.7G无法满足1.1或3.6T-NEW有效容量下限
2026-06-05 17:13:45.973 | INFO     | arrange_library.core.scheduling.greedy_lane_scheduler:_get_dedicated_lane_profile:963 - 专用Lane分组G5剩余合同量62.7G无法满足1.1或3.6T-NEW有效容量下限
2026-06-05 17:13:45.974 | INFO     | arrange_library.core.scheduling.greedy_lane_scheduler:_get_dedicated_lane_profile:963 - 专用Lane分组G19剩余合同量732.5G无法满足1.1或3.6T-NEW有效容量下限
2026-06-05 17:13:45.975 | INFO     | arrange_library.core.scheduling.greedy_lane_scheduler:_get_dedicated_lane_profile:963 - 专用Lane分组G35剩余合同量674.2G无法满足1.1或3.6T-NEW有效容量下限
2026-06-05 17:13:45.975 | INFO     | arrange_library.core.scheduling.greedy_lane_scheduler:_get_dedicated_lane_profile:963 - 专用Lane分组G6剩余合同量312.3G无法满足1.1或3.6T-NEW有效容量下限
2026-06-05 17:13:45.976 | INFO     | arrange_library.core.scheduling.greedy_lane_scheduler:_get_dedicated_lane_profile:963 - 专用Lane分组G16剩余合同量64.1G无法满足1.1或3.6T-NEW有效容量下限
2026-06-05 17:13:45.976 | INFO     | arrange_library.core.scheduling.greedy_lane_scheduler:_get_dedicated_lane_profile:963 - 专用Lane分组G7剩余合同量84.4G无法满足1.1或3.6T-NEW有效容量下限
2026-06-05 17:13:45.976 | INFO     | arrange_library.core.scheduling.greedy_lane_scheduler:schedule:1144 - 形成0条专用Lane，剩余290个碱基不均衡文库
2026-06-05 17:13:48.330 | INFO     | arrange_library.core.scheduling.greedy_lane_scheduler:schedule:1216 - 第二轮排机: 2036 个未分配文库（随机顺序）
2026-06-05 17:13:49.293 | INFO     | arrange_library.core.scheduling.greedy_lane_scheduler:schedule:1232 - 第三轮排机: 2036 个未分配文库（小文库优先）
2026-06-05 17:13:54.970 | INFO     | arrange_library.core.scheduling.greedy_lane_scheduler:schedule:1275 - 连续5轮无新Lane且未分配池不变，提前结束无效重试
2026-06-05 17:13:54.974 | INFO     | arrange_library.core.scheduling.greedy_lane_scheduler:_get_dedicated_lane_profile:963 - 专用Lane分组G33剩余合同量30.0G无法满足1.1或3.6T-NEW有效容量下限
2026-06-05 17:13:54.974 | INFO     | arrange_library.core.scheduling.greedy_lane_scheduler:_get_dedicated_lane_profile:963 - 专用Lane分组G29剩余合同量4.0G无法满足1.1或3.6T-NEW有效容量下限
2026-06-05 17:13:54.975 | INFO     | arrange_library.core.scheduling.greedy_lane_scheduler:_get_dedicated_lane_profile:963 - 专用Lane分组G36剩余合同量3.6G无法满足1.1或3.6T-NEW有效容量下限
2026-06-05 17:13:54.975 | INFO     | arrange_library.core.scheduling.greedy_lane_scheduler:_get_dedicated_lane_profile:963 - 专用Lane分组G43剩余合同量121.5G无法满足1.1或3.6T-NEW有效容量下限
2026-06-05 17:13:54.975 | INFO     | arrange_library.core.scheduling.greedy_lane_scheduler:_get_dedicated_lane_profile:963 - 专用Lane分组G58剩余合同量357.7G无法满足1.1或3.6T-NEW有效容量下限
2026-06-05 17:13:54.976 | INFO     | arrange_library.core.scheduling.greedy_lane_scheduler:_get_dedicated_lane_profile:963 - 专用Lane分组G4剩余合同量781.7G无法满足1.1或3.6T-NEW有效容量下限
2026-06-05 17:13:54.976 | INFO     | arrange_library.core.scheduling.greedy_lane_scheduler:_get_dedicated_lane_profile:963 - 专用Lane分组G5剩余合同量62.7G无法满足1.1或3.6T-NEW有效容量下限
2026-06-05 17:13:54.977 | INFO     | arrange_library.core.scheduling.greedy_lane_scheduler:_get_dedicated_lane_profile:963 - 专用Lane分组G19剩余合同量732.5G无法满足1.1或3.6T-NEW有效容量下限
2026-06-05 17:13:54.978 | INFO     | arrange_library.core.scheduling.greedy_lane_scheduler:_get_dedicated_lane_profile:963 - 专用Lane分组G35剩余合同量674.2G无法满足1.1或3.6T-NEW有效容量下限
2026-06-05 17:13:54.978 | INFO     | arrange_library.core.scheduling.greedy_lane_scheduler:_get_dedicated_lane_profile:963 - 专用Lane分组G6剩余合同量312.3G无法满足1.1或3.6T-NEW有效容量下限
2026-06-05 17:13:54.979 | INFO     | arrange_library.core.scheduling.greedy_lane_scheduler:_get_dedicated_lane_profile:963 - 专用Lane分组G16剩余合同量64.1G无法满足1.1或3.6T-NEW有效容量下限
2026-06-05 17:13:54.979 | INFO     | arrange_library.core.scheduling.greedy_lane_scheduler:_get_dedicated_lane_profile:963 - 专用Lane分组G7剩余合同量84.4G无法满足1.1或3.6T-NEW有效容量下限
2026-06-05 17:13:54.979 | INFO     | arrange_library.core.scheduling.greedy_lane_scheduler:_build_imbalance_dedicated_lanes:1029 - 专用Lane创建完成: 0条Lane, 290个碱基不均衡文库待分配, 1746个中性文库待分配
2026-06-05 17:13:54.979 | INFO     | arrange_library.core.scheduling.greedy_lane_scheduler:schedule:1366 - 最后填充策略: 尝试将2036个未分配文库塞入已有Lane
2026-06-05 17:13:58.297 | INFO     | arrange_library.core.scheduling.greedy_lane_scheduler:schedule:1737 - 最后填充策略: 成功塞入8个文库，踢出1个违反规则的文库，剩余2026个无法分配
2026-06-05 17:13:58.318 | INFO     | arrange_library.core.scheduling.greedy_lane_scheduler:_optimize_by_redistribution:6139 - 挪移优化: 未分配数据量12706GB已足够，尝试精选组建新Lane
2026-06-05 17:13:58.330 | INFO     | arrange_library.core.scheduling.greedy_lane_scheduler:_try_form_lane_from_unassigned:6410 - 残余精选: 内部1779个, 客户248个
2026-06-05 17:13:58.914 | INFO     | arrange_library.core.constraints.lane_validator:__init__:165 - 成Lane校验程序初始化完成 (严格模式: True, 碱基不均衡上限: 35%, 特殊文库关键词: 9个)
2026-06-05 17:13:58.916 | INFO     | arrange_library.core.scheduling.greedy_lane_scheduler:_try_form_lane_from_unassigned:6501 - 残余精选: 验证失败 - ValidationError(rule_type=<ValidationRuleType.RULE_MATRIX_CONSTRAINT: 'rule_matrix_constraint'>, severity=<ValidationSeverity.ERROR: 'error'>, message='组合1与组合2文库类型不可混排', current_value=None, threshold_value=None, affected_libraries=[])
2026-06-05 17:13:58.916 | INFO     | arrange_library.core.scheduling.greedy_lane_scheduler:_optimize_by_redistribution:6143 - 挪移优化: 精选组建失败，继续尝试挪移策略
2026-06-05 17:13:58.916 | INFO     | arrange_library.core.scheduling.greedy_lane_scheduler:_optimize_by_redistribution:6146 - 挪移优化: 未分配2027个文库(12706GB)，需要从现有Lane挪出-10611GB
2026-06-05 17:13:58.933 | WARNING  | arrange_library.core.scheduling.greedy_lane_scheduler:_optimize_by_redistribution:6370 - 挪移优化: 新Lane GL_Nova X-25B_010 验证失败: 容量超限: 12706.1GB > 2255.0GB，放弃创建
2026-06-05 17:13:58.936 | INFO     | arrange_library.core.scheduling.greedy_lane_scheduler:schedule:1807 - 逐Lane贪心排机完成 - Lane数: 1, 已分配: 356/2383, 未分配: 2027, 平均利用率: 112.8%, 耗时: 12.98秒
2026-06-05 17:13:58.936 | INFO     | arrange_library.core.constraints.lane_validator:__init__:165 - 成Lane校验程序初始化完成 (严格模式: False, 碱基不均衡上限: 35%, 特殊文库关键词: 9个)
2026-06-05 17:13:59.048 | WARNING  | arrange_library.core.scheduling.greedy_lane_scheduler:_validate_all_lanes:2116 - Lane GL_Nova X-25B_001 验证失败: ['Lane有效数据量2452.8G(原始2452.8G+平衡0.0G)超过上限2255G，规则=tj_1595_mode_1_1，需剔除约197.8G的文库']
2026-06-05 17:13:59.048 | INFO     | arrange_library.core.scheduling.greedy_lane_scheduler:_validate_all_lanes:2120 - 有1条Lane验证失败，尝试挪移优化...
2026-06-05 17:13:59.048 | INFO     | arrange_library.core.scheduling.greedy_lane_scheduler:_validate_all_lanes:2124 - keep_failed_lanes=True，保留1条验证失败的Lane供外层矫正（未分配池不变）
2026-06-05 17:13:59.048 | INFO     | arrange_library.core.scheduling.greedy_lane_scheduler:_validate_all_lanes:2129 - 最终验证结果（含待矫正Lane）: 1条Lane，2027个文库未分配
2026-06-05 17:13:59.560 | INFO     | __main__:_build_global_round_robin_lane:4887 - 全局轮转混排未成Lane: prefix=G1, pool_size=2027, best=0个/0.0G, min=2095.0G
2026-06-05 17:13:59.561 | INFO     | __main__:test_with_model:16945 - wkspecialsplits边排边检查完成: 无需调整
2026-06-05 17:14:00.002 | WARNING  | __main__:test_with_model:16975 - Lane GL_Nova X-25B_001 验证失败 - 错误: ['capacity_exceeded'], 警告: []
2026-06-05 17:14:00.002 | INFO     | __main__:test_with_model:16980 - 验证完成：0条Lane通过验证
2026-06-05 17:14:00.002 | INFO     | __main__:test_with_model:17001 - 57规则二次改排救援已关闭，失败Lane文库回收到未分配池
2026-06-05 17:14:00.009 | INFO     | __main__:_should_skip_expensive_rescue_stage:2357 - 高成本救援(EX/RB)跳过: 当前0条Lane通过验证，未分配池=2383个/15158.9G，继续做高成本救援收益过低
2026-06-05 17:14:00.158 | INFO     | __main__:_build_global_round_robin_lane:4887 - 全局轮转混排未成Lane: prefix=G1, pool_size=2383, best=0个/0.0G, min=2095.0G
2026-06-05 17:14:00.158 | INFO     | __main__:test_with_model:17241 - 剩余库全局轮转混排未新增Lane: 剩余未分配=2383
2026-06-05 17:14:00.165 | INFO     | __main__:test_with_model:17271 - 脚本内置 Pooling 预测已停用，后续统一调用 prediction_delivery
2026-06-05 17:14:00.303 | INFO     | __main__:arrange_library:17834 - 1.1首轮二次补排启动: 首轮剩余文库=2383个
2026-06-05 17:14:00.303 | INFO     | __main__:arrange_library:17835 - 1.1首轮二次补排策略: expensive_rescue=True, peak_window_mixed=True, post_fill_optimization=True
2026-06-05 17:14:00.574 | INFO     | __main__:test_with_model:16820 - 
================================================================================
2026-06-05 17:14:00.574 | INFO     | __main__:test_with_model:16821 - 排机流程：纯规则排机
2026-06-05 17:14:00.574 | INFO     | __main__:test_with_model:16822 - ================================================================================
2026-06-05 17:14:00.574 | INFO     | arrange_library.core.constraints.index_validator_verified:__init__:77 - Index校验器初始化完成（真实数据验证版本）
2026-06-05 17:14:00.575 | INFO     | arrange_library.core.constraints.lane_validator:__init__:165 - 成Lane校验程序初始化完成 (严格模式: True, 碱基不均衡上限: 35%, 特殊文库关键词: 9个)
2026-06-05 17:14:00.576 | WARNING  | arrange_library.core.ai.pooling_coefficient_optimizer:_load_config:40 - Pooling配置表不存在: /data/work/yuyongpeng/liblane_v2_deepseek/data/wktype_pooling_config.xlsx，将使用默认策略
2026-06-05 17:14:00.576 | INFO     | arrange_library.core.ai.pooling_coefficient_optimizer:_load_efficiency_corrections:185 - 产出效率修正表不存在: /data/work/yuyongpeng/liblane_v2_deepseek/data/production_efficiency_correction.csv，跳过后校准
2026-06-05 17:14:00.577 | WARNING  | arrange_library.core.ai.loutput_predictor_wrapper:_load_model:150 - 模型文件不存在: models/loutput_pre_lane_v5/lightgbm_model.pkl
2026-06-05 17:14:00.577 | WARNING  | arrange_library.core.ai.pooling_coefficient_optimizer:__init__:164 - loutput预测器不可用，将使用规则降级策略
2026-06-05 17:14:00.577 | INFO     | arrange_library.core.scheduling.greedy_lane_scheduler:__init__:266 - 逐Lane贪心排机器初始化完成 - 基础容量: 985.0GB, 利用率区间: [100%, 100%], 配置模式: 按机型自动
2026-06-05 17:14:00.577 | INFO     | arrange_library.core.scheduling.greedy_lane_scheduler:__init__:269 - 启用检查: Index=True, 碱基不均衡=True, 规则检查器=False
2026-06-05 17:14:00.577 | INFO     | __main__:test_with_model:16848 - 排机阶段：Pooling优化器已禁用（V6流程不需要）
2026-06-05 17:14:00.577 | INFO     | arrange_library.core.constraints.lane_validator:__init__:165 - 成Lane校验程序初始化完成 (严格模式: True, 碱基不均衡上限: 35%, 特殊文库关键词: 9个)
2026-06-05 17:14:00.577 | INFO     | __main__:test_with_model:16852 - 严格校验容量区间改为按统一配置表动态解析
2026-06-05 17:14:00.591 | INFO     | __main__:test_with_model:16874 - 主流程前置拆分完成: 无需拆分
2026-06-05 17:14:01.499 | INFO     | __main__:_extract_mixed_lanes_by_peak_window:7317 - 混排Peak窗口: 365-515bp, 2258个文库/13808G, 理论最多6条Lane
2026-06-05 17:14:02.128 | INFO     | __main__:_extract_mixed_lanes_by_peak_window:7353 - 混排Lane预抽取完成: 新增Lane=0，使用文库=0个/0.0G，剩余待排=2383个/15158.9G
2026-06-05 17:14:02.129 | INFO     | arrange_library.core.scheduling.greedy_lane_scheduler:schedule:1064 - 开始逐Lane贪心排机 - 文库数: 2383
2026-06-05 17:14:02.129 | INFO     | arrange_library.core.scheduling.greedy_lane_scheduler:schedule:1074 - 预拆分完成: 使用外层已拆分文库
2026-06-05 17:14:02.136 | INFO     | arrange_library.core.scheduling.greedy_lane_scheduler:_run_batch_analysis:470 - ===== 批次全局分析报告 =====
2026-06-05 17:14:02.136 | INFO     | arrange_library.core.scheduling.greedy_lane_scheduler:_run_batch_analysis:470 - 机器类型: NovaSeq X Plus
2026-06-05 17:14:02.136 | INFO     | arrange_library.core.scheduling.greedy_lane_scheduler:_run_batch_analysis:470 - 文库总数: 2383
2026-06-05 17:14:02.136 | INFO     | arrange_library.core.scheduling.greedy_lane_scheduler:_run_batch_analysis:470 - 总数据量: 15158.9 GB
2026-06-05 17:14:02.136 | INFO     | arrange_library.core.scheduling.greedy_lane_scheduler:_run_batch_analysis:470 - 预估Lane数: 8~8
2026-06-05 17:14:02.136 | INFO     | arrange_library.core.scheduling.greedy_lane_scheduler:_run_batch_analysis:470 - --- 特征标记 ---
2026-06-05 17:14:02.136 | INFO     | arrange_library.core.scheduling.greedy_lane_scheduler:_run_batch_analysis:470 -   包Lane文库: 无
2026-06-05 17:14:02.137 | INFO     | arrange_library.core.scheduling.greedy_lane_scheduler:_run_batch_analysis:470 -   碱基不均衡: 有
2026-06-05 17:14:02.137 | INFO     | arrange_library.core.scheduling.greedy_lane_scheduler:_run_batch_analysis:470 -   客户文库:   无
2026-06-05 17:14:02.137 | INFO     | arrange_library.core.scheduling.greedy_lane_scheduler:_run_batch_analysis:470 -   10bp文库:   有
2026-06-05 17:14:02.137 | INFO     | arrange_library.core.scheduling.greedy_lane_scheduler:_run_batch_analysis:470 -   非10bp文库: 有
2026-06-05 17:14:02.137 | INFO     | arrange_library.core.scheduling.greedy_lane_scheduler:_run_batch_analysis:470 -   特殊组合:   有
2026-06-05 17:14:02.137 | INFO     | arrange_library.core.scheduling.greedy_lane_scheduler:_run_batch_analysis:470 - --- 分组画像 ---
2026-06-05 17:14:02.137 | INFO     | arrange_library.core.scheduling.greedy_lane_scheduler:_run_batch_analysis:470 -   [imbalance] 碱基不均衡文库: 290个文库, 6469.8GB, 预估4~4条Lane
2026-06-05 17:14:02.137 | INFO     | arrange_library.core.scheduling.greedy_lane_scheduler:_run_batch_analysis:470 -   [10bp] 10碱基文库: 2345个文库, 14832.9GB, 预估8~8条Lane
2026-06-05 17:14:02.137 | INFO     | arrange_library.core.scheduling.greedy_lane_scheduler:_run_batch_analysis:470 -   [special_combo_b] 10X 3端/Visium组合: 38个文库, 2170.9GB, 预估2~2条Lane
2026-06-05 17:14:02.137 | INFO     | arrange_library.core.scheduling.greedy_lane_scheduler:_run_batch_analysis:470 -   [all] 全部文库: 2383个文库, 15158.9GB, 预估8~8条Lane
2026-06-05 17:14:02.137 | INFO     | arrange_library.core.scheduling.greedy_lane_scheduler:_run_batch_analysis:470 -   [special_combo_a] 10X 5端/VDJ组合: 85个文库, 2309.8GB, 预估2~2条Lane
2026-06-05 17:14:02.137 | INFO     | arrange_library.core.scheduling.greedy_lane_scheduler:_run_batch_analysis:470 -   [non_10bp] 非10碱基文库: 38个文库, 326.0GB, 预估1~1条Lane
2026-06-05 17:14:02.137 | INFO     | arrange_library.core.scheduling.greedy_lane_scheduler:_run_batch_analysis:470 - --- 专用Lane推荐 ---
2026-06-05 17:14:02.137 | INFO     | arrange_library.core.scheduling.greedy_lane_scheduler:_run_batch_analysis:470 -   [imbalance] 碱基不均衡文库数据量充足，可包专用Lane避免混排占比限制 - 约3条Lane, 6469.8GB, 置信度: high
2026-06-05 17:14:02.137 | INFO     | arrange_library.core.scheduling.greedy_lane_scheduler:_run_batch_analysis:470 -   [special_combo_a] 10X 5端/VDJ文库可独占Lane（与3端互斥） - 约1条Lane, 2309.8GB, 置信度: medium
2026-06-05 17:14:02.137 | INFO     | arrange_library.core.scheduling.greedy_lane_scheduler:_run_batch_analysis:470 -   [special_combo_b] 10X 3端/Visium文库可独占Lane（与5端互斥） - 约1条Lane, 2170.9GB, 置信度: medium
2026-06-05 17:14:02.137 | INFO     | arrange_library.core.scheduling.greedy_lane_scheduler:_run_batch_analysis:470 - --- 混排约束 ---
2026-06-05 17:14:02.137 | INFO     | arrange_library.core.scheduling.greedy_lane_scheduler:_run_batch_analysis:470 -   [tj_1595_special_combo_groups_not_mixed] special_combo_a vs special_combo_b: 10X 5端/VDJ 与 10X 3端/Visium 文库不可混排，必须分开
2026-06-05 17:14:02.137 | INFO     | arrange_library.core.scheduling.greedy_lane_scheduler:_run_batch_analysis:470 -   [imbalance_max_30pct] imbalance vs all: 碱基不均衡文库全局占比42.7%，超过30%上限，必须拆分为专用Lane
2026-06-05 17:14:02.137 | INFO     | arrange_library.core.scheduling.greedy_lane_scheduler:_run_batch_analysis:470 - --- 尾部风险 ---
2026-06-05 17:14:02.137 | INFO     | arrange_library.core.scheduling.greedy_lane_scheduler:_run_batch_analysis:470 -   [imbalance] 碱基不均衡文库排完整Lane后剩余484.8GB，不足半Lane(998GB)，需要大文库骨架携带或混入散样Lane - 484.8GB, 290个, 严重程度: medium
2026-06-05 17:14:02.137 | INFO     | arrange_library.core.scheduling.greedy_lane_scheduler:_run_batch_analysis:470 -   [non_10bp] 非10碱基文库排完整Lane后剩余326.0GB，不足半Lane(1048GB)，需要大文库骨架携带或混入散样Lane - 326.0GB, 38个, 严重程度: high
2026-06-05 17:14:02.137 | INFO     | arrange_library.core.scheduling.greedy_lane_scheduler:_run_batch_analysis:470 -   [special_combo_a] 10X 5端/VDJ组合排完整Lane后剩余314.8GB，不足半Lane(998GB)，需要大文库骨架携带或混入散样Lane - 314.8GB, 85个, 严重程度: high
2026-06-05 17:14:02.137 | INFO     | arrange_library.core.scheduling.greedy_lane_scheduler:_run_batch_analysis:470 -   [special_combo_b] 10X 3端/Visium组合排完整Lane后剩余175.9GB，不足半Lane(998GB)，需要大文库骨架携带或混入散样Lane - 175.9GB, 38个, 严重程度: high
2026-06-05 17:14:02.137 | INFO     | arrange_library.core.scheduling.greedy_lane_scheduler:_run_batch_analysis:470 - --- 策略建议 ---
2026-06-05 17:14:02.137 | INFO     | arrange_library.core.scheduling.greedy_lane_scheduler:_run_batch_analysis:470 -   - 碱基不均衡文库数据量充足，优先形成专用Lane
2026-06-05 17:14:02.137 | INFO     | arrange_library.core.scheduling.greedy_lane_scheduler:_run_batch_analysis:470 -   - 特殊10X组合文库应分别走专用Lane（互斥规则）
2026-06-05 17:14:02.137 | INFO     | arrange_library.core.scheduling.greedy_lane_scheduler:_run_batch_analysis:470 -   - 存在3个高风险尾部分组，建议启用骨架预留(大带小)
2026-06-05 17:14:02.137 | INFO     | arrange_library.core.scheduling.greedy_lane_scheduler:_run_batch_analysis:470 - ===== 报告结束 =====
2026-06-05 17:14:02.137 | INFO     | arrange_library.core.scheduling.greedy_lane_scheduler:_run_batch_analysis:476 - 保留外部传入的策略执行计划，仅使用批次分析报告
2026-06-05 17:14:02.141 | INFO     | arrange_library.core.scheduling.greedy_lane_scheduler:schedule:1110 - 处理机器类型 Nova X-25B - 文库数: 2383 - Lane容量: 1050.0GB, 利用率区间: [100%, 100%], 特殊文库上限: 350GB
2026-06-05 17:14:02.142 | INFO     | arrange_library.core.scheduling.greedy_lane_scheduler:schedule:1138 - 碱基不均衡专用Lane策略: 290个碱基不均衡文库
2026-06-05 17:14:02.143 | INFO     | arrange_library.core.scheduling.greedy_lane_scheduler:_get_dedicated_lane_profile:963 - 专用Lane分组G33剩余合同量30.0G无法满足1.1或3.6T-NEW有效容量下限
2026-06-05 17:14:02.143 | INFO     | arrange_library.core.scheduling.greedy_lane_scheduler:_get_dedicated_lane_profile:963 - 专用Lane分组G29剩余合同量4.0G无法满足1.1或3.6T-NEW有效容量下限
2026-06-05 17:14:02.143 | INFO     | arrange_library.core.scheduling.greedy_lane_scheduler:_get_dedicated_lane_profile:963 - 专用Lane分组G36剩余合同量3.6G无法满足1.1或3.6T-NEW有效容量下限
2026-06-05 17:14:02.144 | INFO     | arrange_library.core.scheduling.greedy_lane_scheduler:_get_dedicated_lane_profile:963 - 专用Lane分组G43剩余合同量121.5G无法满足1.1或3.6T-NEW有效容量下限
2026-06-05 17:14:02.144 | INFO     | arrange_library.core.scheduling.greedy_lane_scheduler:_get_dedicated_lane_profile:963 - 专用Lane分组G58剩余合同量357.7G无法满足1.1或3.6T-NEW有效容量下限
2026-06-05 17:14:02.144 | INFO     | arrange_library.core.scheduling.greedy_lane_scheduler:_get_dedicated_lane_profile:963 - 专用Lane分组G4剩余合同量781.7G无法满足1.1或3.6T-NEW有效容量下限
2026-06-05 17:14:02.145 | INFO     | arrange_library.core.scheduling.greedy_lane_scheduler:_get_dedicated_lane_profile:963 - 专用Lane分组G5剩余合同量62.7G无法满足1.1或3.6T-NEW有效容量下限
2026-06-05 17:14:02.145 | INFO     | arrange_library.core.scheduling.greedy_lane_scheduler:_get_dedicated_lane_profile:963 - 专用Lane分组G19剩余合同量732.5G无法满足1.1或3.6T-NEW有效容量下限
2026-06-05 17:14:02.146 | INFO     | arrange_library.core.scheduling.greedy_lane_scheduler:_get_dedicated_lane_profile:963 - 专用Lane分组G35剩余合同量674.2G无法满足1.1或3.6T-NEW有效容量下限
2026-06-05 17:14:02.147 | INFO     | arrange_library.core.scheduling.greedy_lane_scheduler:_get_dedicated_lane_profile:963 - 专用Lane分组G6剩余合同量312.3G无法满足1.1或3.6T-NEW有效容量下限
2026-06-05 17:14:02.147 | INFO     | arrange_library.core.scheduling.greedy_lane_scheduler:_get_dedicated_lane_profile:963 - 专用Lane分组G16剩余合同量64.1G无法满足1.1或3.6T-NEW有效容量下限
2026-06-05 17:14:02.147 | INFO     | arrange_library.core.scheduling.greedy_lane_scheduler:_get_dedicated_lane_profile:963 - 专用Lane分组G7剩余合同量84.4G无法满足1.1或3.6T-NEW有效容量下限
2026-06-05 17:14:02.148 | INFO     | arrange_library.core.scheduling.greedy_lane_scheduler:schedule:1144 - 形成0条专用Lane，剩余290个碱基不均衡文库
2026-06-05 17:14:04.264 | INFO     | arrange_library.core.scheduling.greedy_lane_scheduler:schedule:1216 - 第二轮排机: 2052 个未分配文库（随机顺序）
2026-06-05 17:14:05.253 | INFO     | arrange_library.core.scheduling.greedy_lane_scheduler:schedule:1232 - 第三轮排机: 2052 个未分配文库（小文库优先）
2026-06-05 17:14:11.168 | INFO     | arrange_library.core.scheduling.greedy_lane_scheduler:schedule:1275 - 连续5轮无新Lane且未分配池不变，提前结束无效重试
2026-06-05 17:14:11.171 | INFO     | arrange_library.core.scheduling.greedy_lane_scheduler:_get_dedicated_lane_profile:963 - 专用Lane分组G33剩余合同量30.0G无法满足1.1或3.6T-NEW有效容量下限
2026-06-05 17:14:11.171 | INFO     | arrange_library.core.scheduling.greedy_lane_scheduler:_get_dedicated_lane_profile:963 - 专用Lane分组G36剩余合同量3.6G无法满足1.1或3.6T-NEW有效容量下限
2026-06-05 17:14:11.171 | INFO     | arrange_library.core.scheduling.greedy_lane_scheduler:_get_dedicated_lane_profile:963 - 专用Lane分组G29剩余合同量4.0G无法满足1.1或3.6T-NEW有效容量下限
2026-06-05 17:14:11.172 | INFO     | arrange_library.core.scheduling.greedy_lane_scheduler:_get_dedicated_lane_profile:963 - 专用Lane分组G43剩余合同量121.5G无法满足1.1或3.6T-NEW有效容量下限
2026-06-05 17:14:11.172 | INFO     | arrange_library.core.scheduling.greedy_lane_scheduler:_get_dedicated_lane_profile:963 - 专用Lane分组G58剩余合同量357.7G无法满足1.1或3.6T-NEW有效容量下限
2026-06-05 17:14:11.172 | INFO     | arrange_library.core.scheduling.greedy_lane_scheduler:_get_dedicated_lane_profile:963 - 专用Lane分组G4剩余合同量781.7G无法满足1.1或3.6T-NEW有效容量下限
2026-06-05 17:14:11.173 | INFO     | arrange_library.core.scheduling.greedy_lane_scheduler:_get_dedicated_lane_profile:963 - 专用Lane分组G5剩余合同量62.7G无法满足1.1或3.6T-NEW有效容量下限
2026-06-05 17:14:11.173 | INFO     | arrange_library.core.scheduling.greedy_lane_scheduler:_get_dedicated_lane_profile:963 - 专用Lane分组G19剩余合同量732.5G无法满足1.1或3.6T-NEW有效容量下限
2026-06-05 17:14:11.174 | INFO     | arrange_library.core.scheduling.greedy_lane_scheduler:_get_dedicated_lane_profile:963 - 专用Lane分组G35剩余合同量674.2G无法满足1.1或3.6T-NEW有效容量下限
2026-06-05 17:14:11.175 | INFO     | arrange_library.core.scheduling.greedy_lane_scheduler:_get_dedicated_lane_profile:963 - 专用Lane分组G6剩余合同量312.3G无法满足1.1或3.6T-NEW有效容量下限
2026-06-05 17:14:11.175 | INFO     | arrange_library.core.scheduling.greedy_lane_scheduler:_get_dedicated_lane_profile:963 - 专用Lane分组G16剩余合同量64.1G无法满足1.1或3.6T-NEW有效容量下限
2026-06-05 17:14:11.176 | INFO     | arrange_library.core.scheduling.greedy_lane_scheduler:_get_dedicated_lane_profile:963 - 专用Lane分组G7剩余合同量84.4G无法满足1.1或3.6T-NEW有效容量下限
2026-06-05 17:14:11.176 | INFO     | arrange_library.core.scheduling.greedy_lane_scheduler:_build_imbalance_dedicated_lanes:1029 - 专用Lane创建完成: 0条Lane, 290个碱基不均衡文库待分配, 1762个中性文库待分配
2026-06-05 17:14:11.176 | INFO     | arrange_library.core.scheduling.greedy_lane_scheduler:schedule:1366 - 最后填充策略: 尝试将2052个未分配文库塞入已有Lane
2026-06-05 17:14:14.412 | INFO     | arrange_library.core.scheduling.greedy_lane_scheduler:schedule:1737 - 最后填充策略: 成功塞入16个文库，踢出0个违反规则的文库，剩余2035个无法分配
2026-06-05 17:14:14.441 | INFO     | arrange_library.core.scheduling.greedy_lane_scheduler:_optimize_by_redistribution:6139 - 挪移优化: 未分配数据量12798GB已足够，尝试精选组建新Lane
2026-06-05 17:14:14.453 | INFO     | arrange_library.core.scheduling.greedy_lane_scheduler:_try_form_lane_from_unassigned:6410 - 残余精选: 内部1787个, 客户248个
2026-06-05 17:14:15.027 | INFO     | arrange_library.core.constraints.lane_validator:__init__:165 - 成Lane校验程序初始化完成 (严格模式: True, 碱基不均衡上限: 35%, 特殊文库关键词: 9个)
2026-06-05 17:14:15.029 | INFO     | arrange_library.core.scheduling.greedy_lane_scheduler:_try_form_lane_from_unassigned:6501 - 残余精选: 验证失败 - ValidationError(rule_type=<ValidationRuleType.CUSTOMER_PRODUCTION_MIX_RATIO: 'customer_production_mix_ratio'>, severity=<ValidationSeverity.ERROR: 'error'>, message='手工/客户侧与产线混合Lane少数侧占比0.1%不符合规则(应>=5%)', current_value=0.0006368127433502735, threshold_value=0.05, affected_libraries=[]), ValidationError(rule_type=<ValidationRuleType.BASE_IMBALANCE_RATIO: 'base_imbalance_ratio'>, severity=<ValidationSeverity.ERROR: 'error'>, message='碱基不均衡占比99.9%超过35%限制', current_value=0.9993631872566496, threshold_value=0.35, affected_libraries=[14369999, 14370866, 14370867, 14370661, 14370864, 14370662, 14370865, 14369653, 14370664, 14370021, 14370660, 14369986, 14370659, 14370658, 14370020, 14370138, 14370869, 14369994, 14369710, 14370760, 14370140, 14370190, 14370139, 14369979, 14369985, 14370646, 14369776, 14369993, 14370656, 14370006, 14370648, 14371039])
2026-06-05 17:14:15.030 | INFO     | arrange_library.core.scheduling.greedy_lane_scheduler:_optimize_by_redistribution:6143 - 挪移优化: 精选组建失败，继续尝试挪移策略
2026-06-05 17:14:15.030 | INFO     | arrange_library.core.scheduling.greedy_lane_scheduler:_optimize_by_redistribution:6146 - 挪移优化: 未分配2035个文库(12798GB)，需要从现有Lane挪出-10703GB
2026-06-05 17:14:15.042 | WARNING  | arrange_library.core.scheduling.greedy_lane_scheduler:_optimize_by_redistribution:6370 - 挪移优化: 新Lane GL_Nova X-25B_010 验证失败: 容量超限: 12798.4GB > 2255.0GB，放弃创建
2026-06-05 17:14:15.045 | INFO     | arrange_library.core.scheduling.greedy_lane_scheduler:schedule:1807 - 逐Lane贪心排机完成 - Lane数: 1, 已分配: 348/2383, 未分配: 2035, 平均利用率: 108.5%, 耗时: 12.92秒
2026-06-05 17:14:15.045 | INFO     | arrange_library.core.constraints.lane_validator:__init__:165 - 成Lane校验程序初始化完成 (严格模式: False, 碱基不均衡上限: 35%, 特殊文库关键词: 9个)
2026-06-05 17:14:15.155 | WARNING  | arrange_library.core.scheduling.greedy_lane_scheduler:_validate_all_lanes:2116 - Lane GL_Nova X-25B_001 验证失败: ['Lane有效数据量2360.5G(原始2360.5G+平衡0.0G)超过上限2255G，规则=tj_1595_mode_1_1，需剔除约105.5G的文库']
2026-06-05 17:14:15.155 | INFO     | arrange_library.core.scheduling.greedy_lane_scheduler:_validate_all_lanes:2120 - 有1条Lane验证失败，尝试挪移优化...
2026-06-05 17:14:15.155 | INFO     | arrange_library.core.scheduling.greedy_lane_scheduler:_validate_all_lanes:2124 - keep_failed_lanes=True，保留1条验证失败的Lane供外层矫正（未分配池不变）
2026-06-05 17:14:15.155 | INFO     | arrange_library.core.scheduling.greedy_lane_scheduler:_validate_all_lanes:2129 - 最终验证结果（含待矫正Lane）: 1条Lane，2035个文库未分配
2026-06-05 17:14:15.388 | INFO     | __main__:_build_global_round_robin_lane:4887 - 全局轮转混排未成Lane: prefix=G1, pool_size=2035, best=0个/0.0G, min=2095.0G
2026-06-05 17:14:15.389 | INFO     | __main__:test_with_model:16945 - wkspecialsplits边排边检查完成: 无需调整
2026-06-05 17:14:15.807 | WARNING  | __main__:test_with_model:16975 - Lane GL_Nova X-25B_001 验证失败 - 错误: ['capacity_exceeded'], 警告: []
2026-06-05 17:14:15.807 | INFO     | __main__:test_with_model:16980 - 验证完成：0条Lane通过验证
2026-06-05 17:14:15.807 | INFO     | __main__:test_with_model:17001 - 57规则二次改排救援已关闭，失败Lane文库回收到未分配池
2026-06-05 17:14:15.813 | INFO     | __main__:_should_skip_expensive_rescue_stage:2357 - 高成本救援(EX/RB)跳过: 当前0条Lane通过验证，未分配池=2383个/15158.9G，继续做高成本救援收益过低
2026-06-05 17:14:15.898 | INFO     | __main__:_build_global_round_robin_lane:4887 - 全局轮转混排未成Lane: prefix=G1, pool_size=2383, best=0个/0.0G, min=2095.0G
2026-06-05 17:14:15.899 | INFO     | __main__:test_with_model:17241 - 剩余库全局轮转混排未新增Lane: 剩余未分配=2383
2026-06-05 17:14:15.904 | INFO     | __main__:test_with_model:17271 - 脚本内置 Pooling 预测已停用，后续统一调用 prediction_delivery
2026-06-05 17:14:15.910 | INFO     | __main__:arrange_library:17902 - 1.1首轮二次补排完成: 新增Lane=0, 剩余文库=2383
2026-06-05 17:14:15.924 | INFO     | __main__:arrange_library:17921 - 步骤1.5-3候选池接收1.1剩余可进3.6T文库2383个，继续进入3.6T-NEW
2026-06-05 17:14:15.924 | INFO     | __main__:arrange_library:17925 - 1.1首轮排机完成: 生成5条Lane
2026-06-05 17:14:15.924 | INFO     | __main__:arrange_library:17950 - 1.1首轮排机阶段完成: 3.6T-NEW后续候选池=2383个文库, 1.1 Lane=5条
2026-06-05 17:14:15.935 | INFO     | __main__:arrange_library:17984 - 
================================================================================
2026-06-05 17:14:15.935 | INFO     | __main__:arrange_library:17985 - 步骤1.6: 尾货1.1专Lane、纯不均混排与普通Lane二次抽取
2026-06-05 17:14:15.935 | INFO     | __main__:arrange_library:17986 - ================================================================================
2026-06-05 17:14:15.937 | INFO     | arrange_library.core.constraints.index_validator_verified:__init__:77 - Index校验器初始化完成（真实数据验证版本）
2026-06-05 17:14:15.937 | INFO     | arrange_library.core.constraints.lane_validator:__init__:165 - 成Lane校验程序初始化完成 (严格模式: True, 碱基不均衡上限: 35%, 特殊文库关键词: 9个)
2026-06-05 17:14:15.939 | WARNING  | arrange_library.core.ai.pooling_coefficient_optimizer:_load_config:40 - Pooling配置表不存在: /data/work/yuyongpeng/liblane_v2_deepseek/data/wktype_pooling_config.xlsx，将使用默认策略
2026-06-05 17:14:15.939 | INFO     | arrange_library.core.ai.pooling_coefficient_optimizer:_load_efficiency_corrections:185 - 产出效率修正表不存在: /data/work/yuyongpeng/liblane_v2_deepseek/data/production_efficiency_correction.csv，跳过后校准
2026-06-05 17:14:15.939 | WARNING  | arrange_library.core.ai.loutput_predictor_wrapper:_load_model:150 - 模型文件不存在: models/loutput_pre_lane_v5/lightgbm_model.pkl
2026-06-05 17:14:15.939 | WARNING  | arrange_library.core.ai.pooling_coefficient_optimizer:__init__:164 - loutput预测器不可用，将使用规则降级策略
2026-06-05 17:14:15.939 | INFO     | arrange_library.core.scheduling.greedy_lane_scheduler:__init__:266 - 逐Lane贪心排机器初始化完成 - 基础容量: 985.0GB, 利用率区间: [100%, 100%], 配置模式: 按机型自动
2026-06-05 17:14:15.939 | INFO     | arrange_library.core.scheduling.greedy_lane_scheduler:__init__:269 - 启用检查: Index=True, 碱基不均衡=True, 规则检查器=False
2026-06-05 17:14:15.940 | INFO     | arrange_library.core.scheduling.greedy_lane_scheduler:_get_dedicated_lane_profile:963 - 专用Lane分组G33剩余合同量30.0G无法满足1.1或3.6T-NEW有效容量下限
2026-06-05 17:14:15.940 | INFO     | arrange_library.core.scheduling.greedy_lane_scheduler:_get_dedicated_lane_profile:963 - 专用Lane分组G36剩余合同量3.6G无法满足1.1或3.6T-NEW有效容量下限
2026-06-05 17:14:15.940 | INFO     | arrange_library.core.scheduling.greedy_lane_scheduler:_get_dedicated_lane_profile:963 - 专用Lane分组G29剩余合同量4.0G无法满足1.1或3.6T-NEW有效容量下限
2026-06-05 17:14:15.940 | INFO     | arrange_library.core.scheduling.greedy_lane_scheduler:_get_dedicated_lane_profile:963 - 专用Lane分组G43剩余合同量121.5G无法满足1.1或3.6T-NEW有效容量下限
2026-06-05 17:14:15.940 | INFO     | arrange_library.core.scheduling.greedy_lane_scheduler:_get_dedicated_lane_profile:963 - 专用Lane分组G58剩余合同量357.7G无法满足1.1或3.6T-NEW有效容量下限
2026-06-05 17:14:15.941 | INFO     | arrange_library.core.scheduling.greedy_lane_scheduler:_get_dedicated_lane_profile:963 - 专用Lane分组G4剩余合同量781.7G无法满足1.1或3.6T-NEW有效容量下限
2026-06-05 17:14:15.941 | INFO     | arrange_library.core.scheduling.greedy_lane_scheduler:_get_dedicated_lane_profile:963 - 专用Lane分组G5剩余合同量62.7G无法满足1.1或3.6T-NEW有效容量下限
2026-06-05 17:14:15.941 | INFO     | arrange_library.core.scheduling.greedy_lane_scheduler:_get_dedicated_lane_profile:963 - 专用Lane分组G19剩余合同量732.5G无法满足1.1或3.6T-NEW有效容量下限
2026-06-05 17:14:15.942 | INFO     | arrange_library.core.scheduling.greedy_lane_scheduler:_get_dedicated_lane_profile:963 - 专用Lane分组G35剩余合同量674.2G无法满足1.1或3.6T-NEW有效容量下限
2026-06-05 17:14:15.942 | INFO     | arrange_library.core.scheduling.greedy_lane_scheduler:_get_dedicated_lane_profile:963 - 专用Lane分组G6剩余合同量312.3G无法满足1.1或3.6T-NEW有效容量下限
2026-06-05 17:14:15.943 | INFO     | arrange_library.core.scheduling.greedy_lane_scheduler:_get_dedicated_lane_profile:963 - 专用Lane分组G16剩余合同量64.1G无法满足1.1或3.6T-NEW有效容量下限
2026-06-05 17:14:15.943 | INFO     | arrange_library.core.scheduling.greedy_lane_scheduler:_get_dedicated_lane_profile:963 - 专用Lane分组G7剩余合同量84.4G无法满足1.1或3.6T-NEW有效容量下限
2026-06-05 17:14:15.943 | INFO     | __main__:arrange_library:18005 - 尾货1.1碱基不均衡专Lane二次抽取未形成新Lane
2026-06-05 17:14:19.426 | INFO     | __main__:_consume_g55_imbalance_as_mode_lanes:14326 - 步骤1.6 G55跨基础组碱基不均1.1专Lane未成Lane: 候选231个/3228.8G, 1.1真实量窗口=[1990.2,2142.2]G, validation_attempts=0, top_failures=[]
2026-06-05 17:14:19.426 | INFO     | __main__:arrange_library:18029 - 尾货G55跨基础组碱基不均1.1专Lane未形成新Lane
2026-06-05 17:14:20.882 | INFO     | __main__:_try_build_near_min_global_mode_1_1_lane_from_pool:8198 - 全局1.1近下限构Lane成功: group=normal, variant=large_first, lane=GL_Nova X-25B_001, 使用290个/2096.4G
2026-06-05 17:14:56.100 | INFO     | __main__:_try_build_near_min_global_mode_1_1_lane_from_pool:8235 - 全局1.1近下限构Lane未成Lane: pool_size=2093, pool_data=13062.5G, best=376个/2255.0G/471对index, rejects={'over_max': 4350, 'mode_1_1_add_test_cap': 574}, validation_top=[('customer_production_mix_ratio: 手工/客户侧与产线混合Lane少数侧占比1.2%不符合规则(应>=5%)', 72), ('customer_production_mix_ratio: 手工/客户侧与产线混合Lane少数侧占比1.3%不符合规则(应>=5%)', 12), ('customer_production_mix_ratio: 手工/客户侧与产线混合Lane少数侧占比1.5%不符合规则(应>=5%)', 11), ('customer_production_mix_ratio: 手工/客户侧与产线混合Lane少数侧占比1.6%不符合规则(应>=5%)', 5), ('time_budget_exhausted', 2)]
2026-06-05 17:14:56.107 | INFO     | __main__:_try_build_global_mode_1_1_lane_from_pool:8390 - 全局1.1构Lane尝试: attempt=global_budgeted_ratio, lane_prefix=GL, pool_size=2093, pool_data=13062.5G, prioritize_scattered_mix=False
2026-06-05 17:14:57.011 | INFO     | __main__:_try_build_global_mode_1_1_lane_from_pool:8413 - 全局1.1构Lane成功: attempt=global_budgeted_ratio, lane=GL_Nova X-25B_002, 使用344个/2172.0G
2026-06-05 17:15:15.503 | INFO     | __main__:_try_build_near_min_global_mode_1_1_lane_from_pool:8225 - 全局1.1近下限构Lane早停: 连续3次构造变体未新增Lane，pool_size=1749, pool_data=10890.5G
2026-06-05 17:15:15.507 | INFO     | __main__:_try_build_near_min_global_mode_1_1_lane_from_pool:8235 - 全局1.1近下限构Lane未成Lane: pool_size=1749, pool_data=10890.5G, best=318个/1533.0G/318对index, rejects={'mode_1_1_add_test_cap': 12003, 'imbalance_ratio': 45}, validation_top=[]
2026-06-05 17:15:15.514 | INFO     | __main__:_try_build_global_mode_1_1_lane_from_pool:8374 - 全局1.1大池近下限弱结果，跳过高成本fallback: lane_prefix=GL, pool_size=1749, pool_data=10890.5G, best=1533.0G, threshold=1571.2G, rejects={'mode_1_1_add_test_cap': 12003, 'imbalance_ratio': 45}
2026-06-05 17:15:15.517 | INFO     | __main__:arrange_library:18043 - 尾货1.1普通Lane二次抽取完成: 新增Lane=2, 消耗文库=634, 剩余进入普通3.6T排机文库=1749
2026-06-05 17:15:16.110 | INFO     | __main__:arrange_library:18106 - 
================================================================================
2026-06-05 17:15:16.110 | INFO     | __main__:arrange_library:18107 - 步骤2: 处理普通文库（使用GreedyLaneScheduler）
2026-06-05 17:15:16.110 | INFO     | __main__:arrange_library:18108 - ================================================================================
2026-06-05 17:15:16.161 | INFO     | __main__:_proactively_build_split_family_lanes_from_pool:15105 - 步骤2前置拆分家族构建未构建出完整拆分Lane
2026-06-05 17:15:16.161 | INFO     | __main__:arrange_library:18144 - 排机超时保护已启动，最大允许时间: 10 分钟
2026-06-05 17:15:16.378 | INFO     | __main__:test_with_model:16820 - 
================================================================================
2026-06-05 17:15:16.378 | INFO     | __main__:test_with_model:16821 - 排机流程：纯规则排机
2026-06-05 17:15:16.378 | INFO     | __main__:test_with_model:16822 - ================================================================================
2026-06-05 17:15:16.379 | INFO     | arrange_library.core.constraints.index_validator_verified:__init__:77 - Index校验器初始化完成（真实数据验证版本）
2026-06-05 17:15:16.379 | INFO     | arrange_library.core.constraints.lane_validator:__init__:165 - 成Lane校验程序初始化完成 (严格模式: True, 碱基不均衡上限: 35%, 特殊文库关键词: 9个)
2026-06-05 17:15:16.381 | WARNING  | arrange_library.core.ai.pooling_coefficient_optimizer:_load_config:40 - Pooling配置表不存在: /data/work/yuyongpeng/liblane_v2_deepseek/data/wktype_pooling_config.xlsx，将使用默认策略
2026-06-05 17:15:16.381 | INFO     | arrange_library.core.ai.pooling_coefficient_optimizer:_load_efficiency_corrections:185 - 产出效率修正表不存在: /data/work/yuyongpeng/liblane_v2_deepseek/data/production_efficiency_correction.csv，跳过后校准
2026-06-05 17:15:16.381 | WARNING  | arrange_library.core.ai.loutput_predictor_wrapper:_load_model:150 - 模型文件不存在: models/loutput_pre_lane_v5/lightgbm_model.pkl
2026-06-05 17:15:16.381 | WARNING  | arrange_library.core.ai.pooling_coefficient_optimizer:__init__:164 - loutput预测器不可用，将使用规则降级策略
2026-06-05 17:15:16.381 | INFO     | arrange_library.core.scheduling.greedy_lane_scheduler:__init__:266 - 逐Lane贪心排机器初始化完成 - 基础容量: 985.0GB, 利用率区间: [100%, 100%], 配置模式: 按机型自动
2026-06-05 17:15:16.381 | INFO     | arrange_library.core.scheduling.greedy_lane_scheduler:__init__:269 - 启用检查: Index=True, 碱基不均衡=True, 规则检查器=False
2026-06-05 17:15:16.381 | INFO     | __main__:test_with_model:16848 - 排机阶段：Pooling优化器已禁用（V6流程不需要）
2026-06-05 17:15:16.381 | INFO     | arrange_library.core.constraints.lane_validator:__init__:165 - 成Lane校验程序初始化完成 (严格模式: True, 碱基不均衡上限: 35%, 特殊文库关键词: 9个)
2026-06-05 17:15:16.382 | INFO     | __main__:test_with_model:16852 - 严格校验容量区间改为按统一配置表动态解析
2026-06-05 17:15:16.392 | INFO     | __main__:test_with_model:16874 - 主流程前置拆分完成: 无需拆分
2026-06-05 17:15:16.859 | INFO     | __main__:_extract_mixed_lanes_by_peak_window:7317 - 混排Peak窗口: 365-515bp, 1631个文库/9593G, 理论最多9条Lane
2026-06-05 17:15:17.111 | INFO     | __main__:_extract_mixed_lanes_by_peak_window:7353 - 混排Lane预抽取完成: 新增Lane=0，使用文库=0个/0.0G，剩余待排=1749个/10890.5G
2026-06-05 17:15:17.111 | INFO     | arrange_library.core.scheduling.greedy_lane_scheduler:schedule:1064 - 开始逐Lane贪心排机 - 文库数: 1749
2026-06-05 17:15:17.111 | INFO     | arrange_library.core.scheduling.greedy_lane_scheduler:schedule:1074 - 预拆分完成: 使用外层已拆分文库
2026-06-05 17:15:17.117 | INFO     | arrange_library.core.scheduling.greedy_lane_scheduler:_run_batch_analysis:470 - ===== 批次全局分析报告 =====
2026-06-05 17:15:17.117 | INFO     | arrange_library.core.scheduling.greedy_lane_scheduler:_run_batch_analysis:470 - 机器类型: NovaSeq X Plus
2026-06-05 17:15:17.117 | INFO     | arrange_library.core.scheduling.greedy_lane_scheduler:_run_batch_analysis:470 - 文库总数: 1749
2026-06-05 17:15:17.117 | INFO     | arrange_library.core.scheduling.greedy_lane_scheduler:_run_batch_analysis:470 - 总数据量: 10890.5 GB
2026-06-05 17:15:17.117 | INFO     | arrange_library.core.scheduling.greedy_lane_scheduler:_run_batch_analysis:470 - 预估Lane数: 10~12
2026-06-05 17:15:17.117 | INFO     | arrange_library.core.scheduling.greedy_lane_scheduler:_run_batch_analysis:470 - --- 特征标记 ---
2026-06-05 17:15:17.117 | INFO     | arrange_library.core.scheduling.greedy_lane_scheduler:_run_batch_analysis:470 -   包Lane文库: 无
2026-06-05 17:15:17.117 | INFO     | arrange_library.core.scheduling.greedy_lane_scheduler:_run_batch_analysis:470 -   碱基不均衡: 有
2026-06-05 17:15:17.117 | INFO     | arrange_library.core.scheduling.greedy_lane_scheduler:_run_batch_analysis:470 -   客户文库:   无
2026-06-05 17:15:17.117 | INFO     | arrange_library.core.scheduling.greedy_lane_scheduler:_run_batch_analysis:470 -   10bp文库:   有
2026-06-05 17:15:17.117 | INFO     | arrange_library.core.scheduling.greedy_lane_scheduler:_run_batch_analysis:470 -   非10bp文库: 有
2026-06-05 17:15:17.117 | INFO     | arrange_library.core.scheduling.greedy_lane_scheduler:_run_batch_analysis:470 -   特殊组合:   有
2026-06-05 17:15:17.117 | INFO     | arrange_library.core.scheduling.greedy_lane_scheduler:_run_batch_analysis:470 - --- 分组画像 ---
2026-06-05 17:15:17.117 | INFO     | arrange_library.core.scheduling.greedy_lane_scheduler:_run_batch_analysis:470 -   [imbalance] 碱基不均衡文库: 272个文库, 6253.3GB, 预估6~7条Lane
2026-06-05 17:15:17.117 | INFO     | arrange_library.core.scheduling.greedy_lane_scheduler:_run_batch_analysis:470 -   [10bp] 10碱基文库: 1723个文库, 10688.1GB, 预估10~12条Lane
2026-06-05 17:15:17.117 | INFO     | arrange_library.core.scheduling.greedy_lane_scheduler:_run_batch_analysis:470 -   [special_combo_b] 10X 3端/Visium组合: 37个文库, 2079.4GB, 预估2~3条Lane
2026-06-05 17:15:17.117 | INFO     | arrange_library.core.scheduling.greedy_lane_scheduler:_run_batch_analysis:470 -   [all] 全部文库: 1749个文库, 10890.5GB, 预估10~12条Lane
2026-06-05 17:15:17.117 | INFO     | arrange_library.core.scheduling.greedy_lane_scheduler:_run_batch_analysis:470 -   [special_combo_a] 10X 5端/VDJ组合: 85个文库, 2309.8GB, 预估3~3条Lane
2026-06-05 17:15:17.117 | INFO     | arrange_library.core.scheduling.greedy_lane_scheduler:_run_batch_analysis:470 -   [non_10bp] 非10碱基文库: 26个文库, 202.4GB, 预估1~1条Lane
2026-06-05 17:15:17.117 | INFO     | arrange_library.core.scheduling.greedy_lane_scheduler:_run_batch_analysis:470 - --- 专用Lane推荐 ---
2026-06-05 17:15:17.117 | INFO     | arrange_library.core.scheduling.greedy_lane_scheduler:_run_batch_analysis:470 -   [imbalance] 碱基不均衡文库数据量充足，可包专用Lane避免混排占比限制 - 约6条Lane, 6253.3GB, 置信度: high
2026-06-05 17:15:17.117 | INFO     | arrange_library.core.scheduling.greedy_lane_scheduler:_run_batch_analysis:470 -   [special_combo_a] 10X 5端/VDJ文库可独占Lane（与3端互斥） - 约2条Lane, 2309.8GB, 置信度: high
2026-06-05 17:15:17.117 | INFO     | arrange_library.core.scheduling.greedy_lane_scheduler:_run_batch_analysis:470 -   [special_combo_b] 10X 3端/Visium文库可独占Lane（与5端互斥） - 约2条Lane, 2079.4GB, 置信度: high
2026-06-05 17:15:17.117 | INFO     | arrange_library.core.scheduling.greedy_lane_scheduler:_run_batch_analysis:470 - --- 混排约束 ---
2026-06-05 17:15:17.118 | INFO     | arrange_library.core.scheduling.greedy_lane_scheduler:_run_batch_analysis:470 -   [tj_1595_special_combo_groups_not_mixed] special_combo_a vs special_combo_b: 10X 5端/VDJ 与 10X 3端/Visium 文库不可混排，必须分开
2026-06-05 17:15:17.118 | INFO     | arrange_library.core.scheduling.greedy_lane_scheduler:_run_batch_analysis:470 -   [imbalance_max_30pct] imbalance vs all: 碱基不均衡文库全局占比57.4%，超过30%上限，必须拆分为专用Lane
2026-06-05 17:15:17.118 | INFO     | arrange_library.core.scheduling.greedy_lane_scheduler:_run_batch_analysis:470 - --- 尾部风险 ---
2026-06-05 17:15:17.118 | INFO     | arrange_library.core.scheduling.greedy_lane_scheduler:_run_batch_analysis:470 -   [imbalance] 碱基不均衡文库排完整Lane后剩余433.3GB，不足半Lane(485GB)，需要大文库骨架携带或混入散样Lane - 433.3GB, 272个, 严重程度: medium
2026-06-05 17:15:17.118 | INFO     | arrange_library.core.scheduling.greedy_lane_scheduler:_run_batch_analysis:470 -   [non_10bp] 非10碱基文库排完整Lane后剩余202.4GB，不足半Lane(498GB)，需要大文库骨架携带或混入散样Lane - 202.4GB, 26个, 严重程度: medium
2026-06-05 17:15:17.118 | INFO     | arrange_library.core.scheduling.greedy_lane_scheduler:_run_batch_analysis:470 -   [special_combo_a] 10X 5端/VDJ组合排完整Lane后剩余369.8GB，不足半Lane(485GB)，需要大文库骨架携带或混入散样Lane - 369.8GB, 85个, 严重程度: medium
2026-06-05 17:15:17.118 | INFO     | arrange_library.core.scheduling.greedy_lane_scheduler:_run_batch_analysis:470 -   [special_combo_b] 10X 3端/Visium组合排完整Lane后剩余139.4GB，不足半Lane(485GB)，需要大文库骨架携带或混入散样Lane - 139.4GB, 37个, 严重程度: high
2026-06-05 17:15:17.118 | INFO     | arrange_library.core.scheduling.greedy_lane_scheduler:_run_batch_analysis:470 - --- 策略建议 ---
2026-06-05 17:15:17.118 | INFO     | arrange_library.core.scheduling.greedy_lane_scheduler:_run_batch_analysis:470 -   - 碱基不均衡文库数据量充足，优先形成专用Lane
2026-06-05 17:15:17.118 | INFO     | arrange_library.core.scheduling.greedy_lane_scheduler:_run_batch_analysis:470 -   - 特殊10X组合文库应分别走专用Lane（互斥规则）
2026-06-05 17:15:17.118 | INFO     | arrange_library.core.scheduling.greedy_lane_scheduler:_run_batch_analysis:470 -   - 存在1个高风险尾部分组，建议启用骨架预留(大带小)
2026-06-05 17:15:17.118 | INFO     | arrange_library.core.scheduling.greedy_lane_scheduler:_run_batch_analysis:470 - ===== 报告结束 =====
2026-06-05 17:15:17.118 | INFO     | arrange_library.core.scheduling.greedy_lane_scheduler:_run_batch_analysis:476 - 保留外部传入的策略执行计划，仅使用批次分析报告
2026-06-05 17:15:17.120 | INFO     | arrange_library.core.scheduling.greedy_lane_scheduler:schedule:1110 - 处理机器类型 Nova X-25B - 文库数: 1749 - Lane容量: 1050.0GB, 利用率区间: [100%, 100%], 特殊文库上限: 350GB
2026-06-05 17:15:17.121 | INFO     | arrange_library.core.scheduling.greedy_lane_scheduler:schedule:1138 - 碱基不均衡专用Lane策略: 272个碱基不均衡文库
2026-06-05 17:15:17.122 | INFO     | arrange_library.core.scheduling.greedy_lane_scheduler:_get_dedicated_lane_profile:963 - 专用Lane分组G33剩余合同量10.0G无法满足1.1或3.6T-NEW有效容量下限
2026-06-05 17:15:17.122 | INFO     | arrange_library.core.scheduling.greedy_lane_scheduler:_get_dedicated_lane_profile:963 - 专用Lane分组G43剩余合同量121.5G无法满足1.1或3.6T-NEW有效容量下限
2026-06-05 17:15:17.122 | INFO     | arrange_library.core.scheduling.greedy_lane_scheduler:_get_dedicated_lane_profile:963 - 专用Lane分组G36剩余合同量1.6G无法满足1.1或3.6T-NEW有效容量下限
2026-06-05 17:15:17.122 | INFO     | arrange_library.core.scheduling.greedy_lane_scheduler:_get_dedicated_lane_profile:963 - 专用Lane分组G58剩余合同量357.7G无法满足1.1或3.6T-NEW有效容量下限
2026-06-05 17:15:17.123 | INFO     | arrange_library.core.scheduling.greedy_lane_scheduler:_get_dedicated_lane_profile:963 - 专用Lane分组G4剩余合同量781.7G无法满足1.1或3.6T-NEW有效容量下限
2026-06-05 17:15:17.123 | INFO     | arrange_library.core.scheduling.greedy_lane_scheduler:_get_dedicated_lane_profile:963 - 专用Lane分组G5剩余合同量62.7G无法满足1.1或3.6T-NEW有效容量下限
2026-06-05 17:15:17.123 | INFO     | arrange_library.core.scheduling.greedy_lane_scheduler:_get_dedicated_lane_profile:963 - 专用Lane分组G19剩余合同量732.5G无法满足1.1或3.6T-NEW有效容量下限
2026-06-05 17:15:17.124 | INFO     | arrange_library.core.scheduling.greedy_lane_scheduler:_get_dedicated_lane_profile:963 - 专用Lane分组G35剩余合同量620.2G无法满足1.1或3.6T-NEW有效容量下限
2026-06-05 17:15:17.124 | INFO     | arrange_library.core.scheduling.greedy_lane_scheduler:_get_dedicated_lane_profile:963 - 专用Lane分组G6剩余合同量312.3G无法满足1.1或3.6T-NEW有效容量下限
2026-06-05 17:15:17.125 | INFO     | arrange_library.core.scheduling.greedy_lane_scheduler:_get_dedicated_lane_profile:963 - 专用Lane分组G7剩余合同量84.4G无法满足1.1或3.6T-NEW有效容量下限
2026-06-05 17:15:17.125 | INFO     | arrange_library.core.scheduling.greedy_lane_scheduler:_get_dedicated_lane_profile:963 - 专用Lane分组G16剩余合同量19.1G无法满足1.1或3.6T-NEW有效容量下限
2026-06-05 17:15:17.125 | INFO     | arrange_library.core.scheduling.greedy_lane_scheduler:schedule:1144 - 形成0条专用Lane，剩余272个碱基不均衡文库
2026-06-05 17:15:18.215 | INFO     | arrange_library.core.scheduling.greedy_lane_scheduler:schedule:1216 - 第二轮排机: 1559 个未分配文库（随机顺序）
2026-06-05 17:15:18.885 | INFO     | arrange_library.core.scheduling.greedy_lane_scheduler:schedule:1232 - 第三轮排机: 1559 个未分配文库（小文库优先）
2026-06-05 17:15:22.485 | INFO     | arrange_library.core.scheduling.greedy_lane_scheduler:schedule:1275 - 连续5轮无新Lane且未分配池不变，提前结束无效重试
2026-06-05 17:15:22.486 | INFO     | arrange_library.core.scheduling.greedy_lane_scheduler:_get_dedicated_lane_profile:963 - 专用Lane分组G33剩余合同量10.0G无法满足1.1或3.6T-NEW有效容量下限
2026-06-05 17:15:22.487 | INFO     | arrange_library.core.scheduling.greedy_lane_scheduler:_get_dedicated_lane_profile:963 - 专用Lane分组G43剩余合同量121.5G无法满足1.1或3.6T-NEW有效容量下限
2026-06-05 17:15:22.487 | INFO     | arrange_library.core.scheduling.greedy_lane_scheduler:_get_dedicated_lane_profile:963 - 专用Lane分组G36剩余合同量1.6G无法满足1.1或3.6T-NEW有效容量下限
2026-06-05 17:15:22.487 | INFO     | arrange_library.core.scheduling.greedy_lane_scheduler:_get_dedicated_lane_profile:963 - 专用Lane分组G58剩余合同量357.7G无法满足1.1或3.6T-NEW有效容量下限
2026-06-05 17:15:22.487 | INFO     | arrange_library.core.scheduling.greedy_lane_scheduler:_get_dedicated_lane_profile:963 - 专用Lane分组G4剩余合同量781.7G无法满足1.1或3.6T-NEW有效容量下限
2026-06-05 17:15:22.488 | INFO     | arrange_library.core.scheduling.greedy_lane_scheduler:_get_dedicated_lane_profile:963 - 专用Lane分组G5剩余合同量62.7G无法满足1.1或3.6T-NEW有效容量下限
2026-06-05 17:15:22.488 | INFO     | arrange_library.core.scheduling.greedy_lane_scheduler:_get_dedicated_lane_profile:963 - 专用Lane分组G19剩余合同量732.5G无法满足1.1或3.6T-NEW有效容量下限
2026-06-05 17:15:22.489 | INFO     | arrange_library.core.scheduling.greedy_lane_scheduler:_get_dedicated_lane_profile:963 - 专用Lane分组G35剩余合同量620.2G无法满足1.1或3.6T-NEW有效容量下限
2026-06-05 17:15:22.489 | INFO     | arrange_library.core.scheduling.greedy_lane_scheduler:_get_dedicated_lane_profile:963 - 专用Lane分组G6剩余合同量312.3G无法满足1.1或3.6T-NEW有效容量下限
2026-06-05 17:15:22.489 | INFO     | arrange_library.core.scheduling.greedy_lane_scheduler:_get_dedicated_lane_profile:963 - 专用Lane分组G7剩余合同量84.4G无法满足1.1或3.6T-NEW有效容量下限
2026-06-05 17:15:22.490 | INFO     | arrange_library.core.scheduling.greedy_lane_scheduler:_get_dedicated_lane_profile:963 - 专用Lane分组G16剩余合同量19.1G无法满足1.1或3.6T-NEW有效容量下限
2026-06-05 17:15:22.490 | INFO     | arrange_library.core.scheduling.greedy_lane_scheduler:_build_imbalance_dedicated_lanes:1029 - 专用Lane创建完成: 0条Lane, 266个碱基不均衡文库待分配, 1008个中性文库待分配
2026-06-05 17:15:22.490 | INFO     | arrange_library.core.scheduling.greedy_lane_scheduler:schedule:1366 - 最后填充策略: 尝试将1274个未分配文库塞入已有Lane
2026-06-05 17:15:25.505 | INFO     | arrange_library.core.scheduling.greedy_lane_scheduler:schedule:1737 - 最后填充策略: 成功塞入4个文库，踢出0个违反规则的文库，剩余1270个无法分配
2026-06-05 17:15:25.518 | INFO     | arrange_library.core.scheduling.greedy_lane_scheduler:_optimize_by_redistribution:6139 - 挪移优化: 未分配数据量8681GB已足够，尝试精选组建新Lane
2026-06-05 17:15:25.525 | INFO     | arrange_library.core.scheduling.greedy_lane_scheduler:_try_form_lane_from_unassigned:6410 - 残余精选: 内部1097个, 客户173个
2026-06-05 17:15:25.747 | INFO     | arrange_library.core.constraints.lane_validator:__init__:165 - 成Lane校验程序初始化完成 (严格模式: True, 碱基不均衡上限: 35%, 特殊文库关键词: 9个)
2026-06-05 17:15:25.748 | INFO     | arrange_library.core.scheduling.greedy_lane_scheduler:_try_form_lane_from_unassigned:6501 - 残余精选: 验证失败 - ValidationError(rule_type=<ValidationRuleType.RULE_MATRIX_CONSTRAINT: 'rule_matrix_constraint'>, severity=<ValidationSeverity.ERROR: 'error'>, message='组合1与组合2文库类型不可混排', current_value=None, threshold_value=None, affected_libraries=[])
2026-06-05 17:15:25.748 | INFO     | arrange_library.core.scheduling.greedy_lane_scheduler:_optimize_by_redistribution:6143 - 挪移优化: 精选组建失败，继续尝试挪移策略
2026-06-05 17:15:25.748 | INFO     | arrange_library.core.scheduling.greedy_lane_scheduler:_optimize_by_redistribution:6146 - 挪移优化: 未分配1270个文库(8681GB)，需要从现有Lane挪出-7686GB
2026-06-05 17:15:25.756 | WARNING  | arrange_library.core.scheduling.greedy_lane_scheduler:_optimize_by_redistribution:6370 - 挪移优化: 新Lane GL_Nova X-25B_011 验证失败: 容量超限: 8681.3GB > 1105.0GB，放弃创建
2026-06-05 17:15:25.757 | INFO     | arrange_library.core.scheduling.greedy_lane_scheduler:schedule:1807 - 逐Lane贪心排机完成 - Lane数: 2, 已分配: 479/1749, 未分配: 1270, 平均利用率: 105.8%, 耗时: 8.65秒
2026-06-05 17:15:25.758 | INFO     | arrange_library.core.constraints.lane_validator:__init__:165 - 成Lane校验程序初始化完成 (严格模式: False, 碱基不均衡上限: 35%, 特殊文库关键词: 9个)
2026-06-05 17:15:25.792 | WARNING  | arrange_library.core.scheduling.greedy_lane_scheduler:_validate_all_lanes:2116 - Lane GL_Nova X-25B_001 验证失败: ['组合1与组合2文库类型不可混排']
2026-06-05 17:15:25.866 | WARNING  | arrange_library.core.scheduling.greedy_lane_scheduler:_validate_all_lanes:2116 - Lane GL_Nova X-25B_004 验证失败: ['组合1与组合2文库类型不可混排']
2026-06-05 17:15:25.866 | INFO     | arrange_library.core.scheduling.greedy_lane_scheduler:_validate_all_lanes:2120 - 有2条Lane验证失败，尝试挪移优化...
2026-06-05 17:15:25.866 | INFO     | arrange_library.core.scheduling.greedy_lane_scheduler:_validate_all_lanes:2124 - keep_failed_lanes=True，保留2条验证失败的Lane供外层矫正（未分配池不变）
2026-06-05 17:15:25.866 | INFO     | arrange_library.core.scheduling.greedy_lane_scheduler:_validate_all_lanes:2129 - 最终验证结果（含待矫正Lane）: 2条Lane，1270个文库未分配
2026-06-05 17:15:26.144 | INFO     | __main__:_build_global_round_robin_lane:4887 - 全局轮转混排未成Lane: prefix=G3, pool_size=1270, best=0个/0.0G, min=995.0G
2026-06-05 17:15:26.145 | INFO     | __main__:test_with_model:16945 - wkspecialsplits边排边检查完成: 无需调整
2026-06-05 17:15:26.279 | WARNING  | __main__:test_with_model:16975 - Lane GL_Nova X-25B_001 验证失败 - 错误: ['rule_matrix_constraint'], 警告: []
2026-06-05 17:15:26.564 | WARNING  | __main__:test_with_model:16975 - Lane GL_Nova X-25B_004 验证失败 - 错误: ['rule_matrix_constraint'], 警告: []
2026-06-05 17:15:26.564 | INFO     | __main__:test_with_model:16980 - 验证完成：0条Lane通过验证
2026-06-05 17:15:26.564 | INFO     | __main__:test_with_model:17001 - 57规则二次改排救援已关闭，失败Lane文库回收到未分配池
2026-06-05 17:15:26.568 | INFO     | __main__:_should_skip_expensive_rescue_stage:2357 - 高成本救援(EX/RB)跳过: 当前0条Lane通过验证，未分配池=1749个/10890.5G，继续做高成本救援收益过低
2026-06-05 17:15:26.569 | INFO     | arrange_library.core.constraints.lane_validator:__init__:165 - 成Lane校验程序初始化完成 (严格模式: True, 碱基不均衡上限: 35%, 特殊文库关键词: 9个)
2026-06-05 17:15:26.580 | WARNING  | __main__:_filter_valid_lanes:12241 - Lane DLG_Nova X-25B_003 终态过滤淘汰: ['Lane有效数据量1121.2G(原始1121.2G+平衡0.0G)低于下限1995G，规则=tj_1595_mode_1_1_special_combo，需添加约873.8G的文库']
2026-06-05 17:15:26.581 | WARNING  | __main__:_filter_valid_lanes:12241 - Lane DLG_Nova X-25B_004 终态过滤淘汰: ['Lane有效数据量942.5G(原始942.5G+平衡0.0G)低于下限1995G，规则=tj_1595_mode_1_1_special_combo，需添加约1052.5G的文库']
2026-06-05 17:15:27.152 | INFO     | __main__:test_with_model:17105 - 
合并9条预构建Lane到最终结果（过滤掉2条未通过严格校验的预构建Lane）
2026-06-05 17:15:27.152 | INFO     | __main__:test_with_model:17118 - 最终Lane总数: 9 (预构建Lane: 9, 普通Lane: 0)
2026-06-05 17:15:27.318 | INFO     | __main__:_build_global_round_robin_lane:4887 - 全局轮转混排未成Lane: prefix=G3, pool_size=1768, best=0个/0.0G, min=995.0G
2026-06-05 17:15:27.319 | INFO     | __main__:test_with_model:17241 - 剩余库全局轮转混排未新增Lane: 剩余未分配=1768
2026-06-05 17:15:27.328 | INFO     | __main__:test_with_model:17271 - 脚本内置 Pooling 预测已停用，后续统一调用 prediction_delivery
2026-06-05 17:15:27.328 | WARNING  | __main__:analyze_solution:16775 - Lane DLG_Nova X-25B_001 利用率异常: 215.86% (数据量=2104.66GB, 容量=975.00GB)
2026-06-05 17:15:27.328 | WARNING  | __main__:analyze_solution:16775 - Lane DLG_Nova X-25B_002 利用率异常: 210.93% (数据量=2056.59GB, 容量=975.00GB)
2026-06-05 17:15:27.328 | WARNING  | __main__:analyze_solution:16775 - Lane M11R2_001 利用率异常: 225.16% (数据量=562.89GB, 容量=250.00GB)
2026-06-05 17:15:27.328 | WARNING  | __main__:analyze_solution:16775 - Lane M11R2_002 利用率异常: 153.78% (数据量=384.44GB, 容量=250.00GB)
2026-06-05 17:15:27.328 | WARNING  | __main__:analyze_solution:16775 - Lane M11R2_003 利用率异常: 209.98% (数据量=524.96GB, 容量=250.00GB)
2026-06-05 17:15:27.328 | WARNING  | __main__:analyze_solution:16775 - Lane M11R2_004 利用率异常: 217.79% (数据量=544.47GB, 容量=250.00GB)
2026-06-05 17:15:27.328 | WARNING  | __main__:analyze_solution:16775 - Lane GL_Nova X-25B_001 利用率异常: 215.02% (数据量=2096.42GB, 容量=975.00GB)
2026-06-05 17:15:27.328 | WARNING  | __main__:analyze_solution:16775 - Lane GL_Nova X-25B_002 利用率异常: 222.77% (数据量=2171.99GB, 容量=975.00GB)
2026-06-05 17:15:27.351 | INFO     | __main__:_validate_final_package_lanes:2864 - 排后包Lane校验通过
2026-06-05 17:15:27.352 | INFO     | __main__:_validate_no_split_for_package_lane_libraries:2958 - 排后校验通过：包Lane编号文库拆分规则满足约束
2026-06-05 17:15:27.353 | INFO     | arrange_library.core.constraints.lane_validator:__init__:165 - 成Lane校验程序初始化完成 (严格模式: True, 碱基不均衡上限: 35%, 特殊文库关键词: 9个)
2026-06-05 17:15:27.357 | INFO     | __main__:_validate_final_package_lanes:2864 - 排后包Lane校验通过
2026-06-05 17:15:27.358 | INFO     | arrange_library.core.constraints.lane_validator:__init__:165 - 成Lane校验程序初始化完成 (严格模式: True, 碱基不均衡上限: 35%, 特殊文库关键词: 9个)
2026-06-05 17:15:27.371 | INFO     | __main__:_validate_final_package_lanes:2864 - 排后包Lane校验通过
2026-06-05 17:15:27.372 | INFO     | __main__:_validate_no_split_for_package_lane_libraries:2958 - 排后校验通过：包Lane编号文库拆分规则满足约束
2026-06-05 17:15:28.088 | INFO     | __main__:_consume_g53_g54_imbalance_as_mode_lanes:1471 - 终态3.6 G53/G54组合碱基不均专Lane成Lane成功: lane=DG_NovaSeq X Plus_001, group=G53, 候选94个/3431.0G, 使用8个/1104.3G
2026-06-05 17:15:28.139 | INFO     | __main__:_consume_g53_g54_imbalance_as_mode_lanes:1471 - 终态3.6 G53/G54组合碱基不均专Lane成Lane成功: lane=DG_NovaSeq X Plus_002, group=G53, 候选86个/2326.7G, 使用16个/1104.6G
2026-06-05 17:15:28.248 | INFO     | __main__:_consume_g53_g54_imbalance_as_mode_lanes:1471 - 终态3.6 G53/G54组合碱基不均专Lane成Lane成功: lane=DG_NovaSeq X Plus_003, group=G53, 候选70个/1222.0G, 使用50个/1104.7G
2026-06-05 17:15:28.276 | INFO     | __main__:_consume_g53_g54_imbalance_as_mode_lanes:1471 - 终态3.6 G53/G54组合碱基不均专Lane成Lane成功: lane=DG_NovaSeq X Plus_004, group=G54, 候选47个/3021.8G, 使用12个/1077.9G
2026-06-05 17:15:28.308 | INFO     | __main__:_consume_g53_g54_imbalance_as_mode_lanes:1471 - 终态3.6 G53/G54组合碱基不均专Lane成Lane成功: lane=DG_NovaSeq X Plus_005, group=G54, 候选35个/1943.9G, 使用17个/1103.9G
